Overriding config with config/train_shakespeare_char.py:
tokens per iteration will be: 16,384
effective global batch size (sequences) will be: 64
found vocab_size = 65 (inside data/shakespeare_char/meta.pkl)
Initializing a new model from scratch
number of parameters: 10.65M
num decayed parameter tensors: 26, with 10,740,096 parameters
num non-decayed parameter tensors: 13, with 4,992 parameters
using fused AdamW: True
step 0: train loss 4.2874, val loss 4.2823
iter 0: loss 4.2714, time 3053.91ms, mfu -100.00%
iter 10: loss 3.1476, time 16.03ms, mfu 23.25%
iter 20: loss 2.7333, time 15.29ms, mfu 23.36%
iter 30: loss 2.6157, time 15.52ms, mfu 23.42%
iter 40: loss 2.5761, time 15.23ms, mfu 23.53%
iter 50: loss 2.5257, time 15.18ms, mfu 23.63%
iter 60: loss 2.5101, time 15.20ms, mfu 23.72%
iter 70: loss 2.4937, time 15.35ms, mfu 23.78%
iter 80: loss 2.4949, time 15.09ms, mfu 23.87%
iter 90: loss 2.4642, time 15.18ms, mfu 23.93%
iter 100: loss 2.4559, time 15.13ms, mfu 24.00%
iter 110: loss 2.4545, time 15.01ms, mfu 24.09%
iter 120: loss 2.4294, time 15.05ms, mfu 24.15%
iter 130: loss 2.4133, time 14.91ms, mfu 24.24%
iter 140: loss 2.4042, time 15.09ms, mfu 24.28%
iter 150: loss 2.4085, time 15.19ms, mfu 24.31%
iter 160: loss 2.3676, time 14.97ms, mfu 24.37%
iter 170: loss 2.3564, time 14.91ms, mfu 24.43%
iter 180: loss 2.3013, time 15.00ms, mfu 24.47%
iter 190: loss 2.2393, time 15.23ms, mfu 24.47%
iter 200: loss 2.2029, time 14.93ms, mfu 24.52%
iter 210: loss 2.1412, time 15.12ms, mfu 24.53%
iter 220: loss 2.1340, time 14.75ms, mfu 24.60%
iter 230: loss 2.0779, time 14.96ms, mfu 24.63%
iter 240: loss 2.0766, time 14.93ms, mfu 24.67%
step 250: train loss 1.9638, val loss 2.0642
saving checkpoint to out-shakespeare-char
iter 250: loss 2.0311, time 3083.50ms, mfu 22.21%
iter 260: loss 1.9738, time 15.17ms, mfu 22.45%
iter 270: loss 1.9675, time 15.02ms, mfu 22.68%
iter 280: loss 1.9770, time 15.15ms, mfu 22.87%
iter 290: loss 1.9155, time 15.02ms, mfu 23.07%
iter 300: loss 1.8986, time 15.14ms, mfu 23.22%
iter 310: loss 1.8706, time 15.01ms, mfu 23.38%
iter 320: loss 1.8553, time 15.09ms, mfu 23.52%
iter 330: loss 1.8150, time 14.82ms, mfu 23.68%
iter 340: loss 1.7909, time 15.04ms, mfu 23.79%
iter 350: loss 1.8252, time 15.84ms, mfu 23.76%
iter 360: loss 1.7673, time 15.05ms, mfu 23.86%
iter 370: loss 1.7454, time 14.79ms, mfu 23.99%
iter 380: loss 1.7260, time 14.72ms, mfu 24.13%
iter 390: loss 1.7299, time 14.71ms, mfu 24.25%
iter 400: loss 1.7630, time 15.03ms, mfu 24.30%
iter 410: loss 1.6932, time 14.65ms, mfu 24.41%
iter 420: loss 1.7105, time 14.59ms, mfu 24.53%
iter 430: loss 1.6837, time 14.84ms, mfu 24.58%
iter 440: loss 1.6559, time 14.62ms, mfu 24.67%
iter 450: loss 1.6497, time 14.59ms, mfu 24.76%
iter 460: loss 1.5936, time 14.58ms, mfu 24.84%
iter 470: loss 1.6571, time 14.56ms, mfu 24.92%
iter 480: loss 1.6179, time 14.72ms, mfu 24.95%
iter 490: loss 1.5913, time 14.85ms, mfu 24.97%
step 500: train loss 1.5217, val loss 1.7301
saving checkpoint to out-shakespeare-char
iter 500: loss 1.6004, time 3128.70ms, mfu 22.48%
iter 510: loss 1.6053, time 15.18ms, mfu 22.69%
iter 520: loss 1.5869, time 15.06ms, mfu 22.89%
iter 530: loss 1.5560, time 14.81ms, mfu 23.12%
iter 540: loss 1.6128, time 14.89ms, mfu 23.31%
iter 550: loss 1.5617, time 14.91ms, mfu 23.48%
iter 560: loss 1.5615, time 14.83ms, mfu 23.64%
iter 570: loss 1.5583, time 14.70ms, mfu 23.81%
iter 580: loss 1.5294, time 14.60ms, mfu 23.98%
iter 590: loss 1.4889, time 14.87ms, mfu 24.09%
iter 600: loss 1.5138, time 14.64ms, mfu 24.23%
iter 610: loss 1.5298, time 14.89ms, mfu 24.31%
iter 620: loss 1.5307, time 14.67ms, mfu 24.42%
iter 630: loss 1.5098, time 14.73ms, mfu 24.50%
iter 640: loss 1.4556, time 14.87ms, mfu 24.56%
iter 650: loss 1.4932, time 14.67ms, mfu 24.64%
iter 660: loss 1.5016, time 14.79ms, mfu 24.70%
iter 670: loss 1.4396, time 14.69ms, mfu 24.77%
iter 680: loss 1.5061, time 14.76ms, mfu 24.81%
iter 690: loss 1.4545, time 14.80ms, mfu 24.85%
iter 700: loss 1.4737, time 14.58ms, mfu 24.92%
iter 710: loss 1.4501, time 14.70ms, mfu 24.96%
iter 720: loss 1.4389, time 14.72ms, mfu 25.00%
iter 730: loss 1.4234, time 14.92ms, mfu 25.00%
iter 740: loss 1.4216, time 14.73ms, mfu 25.03%
step 750: train loss 1.3575, val loss 1.5861
saving checkpoint to out-shakespeare-char
iter 750: loss 1.4249, time 2907.48ms, mfu 22.54%
iter 760: loss 1.4405, time 14.79ms, mfu 22.80%
iter 770: loss 1.4230, time 14.80ms, mfu 23.04%
iter 780: loss 1.3986, time 14.81ms, mfu 23.25%
iter 790: loss 1.4194, time 14.87ms, mfu 23.43%
iter 800: loss 1.4244, time 14.68ms, mfu 23.63%
iter 810: loss 1.4000, time 14.96ms, mfu 23.76%
iter 820: loss 1.4121, time 14.98ms, mfu 23.87%
iter 830: loss 1.3884, time 15.02ms, mfu 23.96%
iter 840: loss 1.3984, time 14.67ms, mfu 24.11%
iter 850: loss 1.3865, time 14.83ms, mfu 24.21%
iter 860: loss 1.3926, time 14.69ms, mfu 24.32%
iter 870: loss 1.3907, time 14.89ms, mfu 24.39%
iter 880: loss 1.3758, time 14.80ms, mfu 24.47%
iter 890: loss 1.3853, time 14.70ms, mfu 24.56%
iter 900: loss 1.3644, time 14.88ms, mfu 24.61%
iter 910: loss 1.3147, time 14.86ms, mfu 24.65%
iter 920: loss 1.3592, time 15.03ms, mfu 24.67%
iter 930: loss 1.3596, time 14.64ms, mfu 24.75%
iter 940: loss 1.3404, time 15.06ms, mfu 24.75%
iter 950: loss 1.3488, time 14.81ms, mfu 24.79%
iter 960: loss 1.3619, time 15.78ms, mfu 24.67%
iter 970: loss 1.3582, time 15.44ms, mfu 24.62%
iter 980: loss 1.3461, time 15.25ms, mfu 24.60%
iter 990: loss 1.3352, time 15.56ms, mfu 24.53%
step 1000: train loss 1.2701, val loss 1.5203
saving checkpoint to out-shakespeare-char
iter 1000: loss 1.3351, time 3018.06ms, mfu 22.09%
iter 1010: loss 1.3384, time 15.71ms, mfu 22.26%
iter 1020: loss 1.3077, time 15.56ms, mfu 22.42%
iter 1030: loss 1.3355, time 15.74ms, mfu 22.55%
iter 1040: loss 1.3564, time 15.49ms, mfu 22.70%
iter 1050: loss 1.2869, time 15.50ms, mfu 22.83%
iter 1060: loss 1.3379, time 15.57ms, mfu 22.94%
iter 1070: loss 1.3342, time 15.59ms, mfu 23.04%
iter 1080: loss 1.3318, time 15.29ms, mfu 23.17%
iter 1090: loss 1.3464, time 15.56ms, mfu 23.25%
iter 1100: loss 1.3153, time 15.36ms, mfu 23.35%
iter 1110: loss 1.2979, time 15.34ms, mfu 23.45%
iter 1120: loss 1.3029, time 15.41ms, mfu 23.52%
iter 1130: loss 1.2924, time 15.47ms, mfu 23.58%
iter 1140: loss 1.2999, time 15.61ms, mfu 23.61%
iter 1150: loss 1.3020, time 15.68ms, mfu 23.62%
iter 1160: loss 1.3272, time 15.51ms, mfu 23.66%
iter 1170: loss 1.2986, time 15.48ms, mfu 23.70%
iter 1180: loss 1.3087, time 15.64ms, mfu 23.71%
iter 1190: loss 1.2608, time 15.65ms, mfu 23.72%
iter 1200: loss 1.2894, time 15.32ms, mfu 23.78%
iter 1210: loss 1.2652, time 15.56ms, mfu 23.80%
iter 1220: loss 1.3068, time 15.48ms, mfu 23.83%
iter 1230: loss 1.2998, time 15.56ms, mfu 23.84%
iter 1240: loss 1.2930, time 15.53ms, mfu 23.86%
step 1250: train loss 1.2017, val loss 1.4890
saving checkpoint to out-shakespeare-char
iter 1250: loss 1.2713, time 3175.61ms, mfu 21.48%
iter 1260: loss 1.2832, time 15.25ms, mfu 21.78%
iter 1270: loss 1.2678, time 15.45ms, mfu 22.01%
iter 1280: loss 1.2520, time 15.44ms, mfu 22.22%
iter 1290: loss 1.2852, time 15.32ms, mfu 22.43%
iter 1300: loss 1.2956, time 15.35ms, mfu 22.62%
iter 1310: loss 1.2377, time 15.54ms, mfu 22.75%
iter 1320: loss 1.3061, time 15.30ms, mfu 22.91%
iter 1330: loss 1.2633, time 15.54ms, mfu 23.02%
iter 1340: loss 1.3004, time 15.30ms, mfu 23.15%
iter 1350: loss 1.2593, time 15.31ms, mfu 23.27%
iter 1360: loss 1.2744, time 15.26ms, mfu 23.39%
iter 1370: loss 1.2542, time 15.03ms, mfu 23.53%
iter 1380: loss 1.2582, time 15.23ms, mfu 23.62%
iter 1390: loss 1.2509, time 15.30ms, mfu 23.69%
iter 1400: loss 1.2585, time 15.18ms, mfu 23.78%
iter 1410: loss 1.2562, time 15.44ms, mfu 23.81%
iter 1420: loss 1.2705, time 15.21ms, mfu 23.88%
iter 1430: loss 1.2427, time 15.28ms, mfu 23.93%
iter 1440: loss 1.2563, time 15.05ms, mfu 24.02%
iter 1450: loss 1.2297, time 15.35ms, mfu 24.04%
iter 1460: loss 1.2486, time 15.46ms, mfu 24.05%
iter 1470: loss 1.2212, time 15.25ms, mfu 24.09%
iter 1480: loss 1.2117, time 15.27ms, mfu 24.12%
iter 1490: loss 1.2360, time 15.28ms, mfu 24.14%
step 1500: train loss 1.1531, val loss 1.4814
saving checkpoint to out-shakespeare-char
iter 1500: loss 1.1864, time 3265.06ms, mfu 21.74%
iter 1510: loss 1.2345, time 15.51ms, mfu 21.97%
iter 1520: loss 1.2195, time 15.17ms, mfu 22.23%
iter 1530: loss 1.2561, time 15.16ms, mfu 22.46%
iter 1540: loss 1.1985, time 15.16ms, mfu 22.68%
iter 1550: loss 1.2332, time 15.42ms, mfu 22.83%
iter 1560: loss 1.2111, time 15.33ms, mfu 22.97%
iter 1570: loss 1.2372, time 15.30ms, mfu 23.11%
iter 1580: loss 1.2026, time 15.21ms, mfu 23.25%
iter 1590: loss 1.1916, time 15.41ms, mfu 23.34%
iter 1600: loss 1.1960, time 14.99ms, mfu 23.49%
iter 1610: loss 1.2375, time 15.17ms, mfu 23.60%
iter 1620: loss 1.1826, time 15.06ms, mfu 23.72%
iter 1630: loss 1.2038, time 15.35ms, mfu 23.77%
iter 1640: loss 1.2102, time 15.24ms, mfu 23.84%
iter 1650: loss 1.1783, time 15.23ms, mfu 23.90%
iter 1660: loss 1.2219, time 15.00ms, mfu 24.00%
iter 1670: loss 1.1982, time 15.10ms, mfu 24.07%
iter 1680: loss 1.2076, time 15.13ms, mfu 24.12%
iter 1690: loss 1.2083, time 15.39ms, mfu 24.13%
iter 1700: loss 1.1900, time 15.21ms, mfu 24.17%
iter 1710: loss 1.1793, time 15.11ms, mfu 24.22%
iter 1720: loss 1.1819, time 15.22ms, mfu 24.24%
iter 1730: loss 1.2017, time 15.19ms, mfu 24.27%
iter 1740: loss 1.1737, time 15.22ms, mfu 24.29%
step 1750: train loss 1.1022, val loss 1.4627
saving checkpoint to out-shakespeare-char
iter 1750: loss 1.1886, time 3223.65ms, mfu 21.87%
iter 1760: loss 1.1886, time 15.55ms, mfu 22.08%
iter 1770: loss 1.2006, time 15.44ms, mfu 22.29%
iter 1780: loss 1.1916, time 15.31ms, mfu 22.49%
iter 1790: loss 1.1879, time 15.37ms, mfu 22.67%
iter 1800: loss 1.1874, time 15.40ms, mfu 22.82%
iter 1810: loss 1.1622, time 15.54ms, mfu 22.94%
iter 1820: loss 1.1666, time 15.41ms, mfu 23.06%
iter 1830: loss 1.1691, time 15.13ms, mfu 23.22%
iter 1840: loss 1.1635, time 15.27ms, mfu 23.34%
iter 1850: loss 1.1583, time 15.19ms, mfu 23.46%
iter 1860: loss 1.1767, time 15.53ms, mfu 23.51%
iter 1870: loss 1.1436, time 15.30ms, mfu 23.60%
iter 1880: loss 1.1821, time 15.19ms, mfu 23.69%
iter 1890: loss 1.1803, time 15.35ms, mfu 23.75%
iter 1900: loss 1.1353, time 15.18ms, mfu 23.83%
iter 1910: loss 1.1756, time 15.36ms, mfu 23.87%
iter 1920: loss 1.1753, time 15.22ms, mfu 23.93%
iter 1930: loss 1.1433, time 15.29ms, mfu 23.98%
iter 1940: loss 1.1303, time 15.12ms, mfu 24.04%
iter 1950: loss 1.1413, time 15.32ms, mfu 24.07%
iter 1960: loss 1.1558, time 15.28ms, mfu 24.10%
iter 1970: loss 1.1513, time 15.14ms, mfu 24.15%
iter 1980: loss 1.1545, time 15.51ms, mfu 24.14%
iter 1990: loss 1.1500, time 15.35ms, mfu 24.16%
step 2000: train loss 1.0584, val loss 1.4757
iter 2000: loss 1.1270, time 2774.26ms, mfu 21.75%
iter 2010: loss 1.1278, time 15.17ms, mfu 22.03%
iter 2020: loss 1.1233, time 15.28ms, mfu 22.27%
iter 2030: loss 1.1602, time 15.82ms, mfu 22.40%
iter 2040: loss 1.1431, time 15.50ms, mfu 22.56%
iter 2050: loss 1.1164, time 15.40ms, mfu 22.73%
iter 2060: loss 1.1041, time 15.34ms, mfu 22.88%
iter 2070: loss 1.1329, time 15.44ms, mfu 23.01%
iter 2080: loss 1.1266, time 15.47ms, mfu 23.12%
iter 2090: loss 1.1336, time 15.03ms, mfu 23.28%
iter 2100: loss 1.1306, time 15.51ms, mfu 23.36%
iter 2110: loss 1.1363, time 15.31ms, mfu 23.46%
iter 2120: loss 1.1350, time 15.46ms, mfu 23.52%
iter 2130: loss 1.1387, time 15.11ms, mfu 23.64%
iter 2140: loss 1.1427, time 15.32ms, mfu 23.70%
iter 2150: loss 1.1231, time 15.35ms, mfu 23.76%
iter 2160: loss 1.1400, time 15.60ms, mfu 23.77%
iter 2170: loss 1.1330, time 15.41ms, mfu 23.81%
iter 2180: loss 1.1149, time 15.14ms, mfu 23.89%
iter 2190: loss 1.1073, time 15.42ms, mfu 23.92%
iter 2200: loss 1.1294, time 15.27ms, mfu 23.97%
iter 2210: loss 1.1243, time 15.41ms, mfu 23.99%
iter 2220: loss 1.1295, time 15.25ms, mfu 24.04%
iter 2230: loss 1.1209, time 15.42ms, mfu 24.05%
iter 2240: loss 1.1328, time 15.13ms, mfu 24.11%
step 2250: train loss 1.0128, val loss 1.4754
iter 2250: loss 1.1120, time 2790.41ms, mfu 21.71%
iter 2260: loss 1.1086, time 15.36ms, mfu 21.96%
iter 2270: loss 1.1322, time 15.12ms, mfu 22.23%
iter 2280: loss 1.0989, time 15.33ms, mfu 22.44%
iter 2290: loss 1.1422, time 15.32ms, mfu 22.63%
iter 2300: loss 1.1258, time 15.67ms, mfu 22.74%
iter 2310: loss 1.0948, time 15.45ms, mfu 22.88%
iter 2320: loss 1.0992, time 15.31ms, mfu 23.03%
iter 2330: loss 1.1005, time 15.36ms, mfu 23.15%
iter 2340: loss 1.1191, time 15.39ms, mfu 23.26%
iter 2350: loss 1.1102, time 15.43ms, mfu 23.35%
iter 2360: loss 1.1090, time 15.58ms, mfu 23.40%
iter 2370: loss 1.0886, time 15.41ms, mfu 23.48%
iter 2380: loss 1.0815, time 15.41ms, mfu 23.55%
iter 2390: loss 1.0812, time 15.36ms, mfu 23.62%
iter 2400: loss 1.0873, time 15.28ms, mfu 23.70%
iter 2410: loss 1.0737, time 15.13ms, mfu 23.79%
iter 2420: loss 1.0838, time 15.35ms, mfu 23.84%
iter 2430: loss 1.0561, time 15.38ms, mfu 23.88%
iter 2440: loss 1.0624, time 15.21ms, mfu 23.94%
iter 2450: loss 1.0796, time 15.38ms, mfu 23.97%
iter 2460: loss 1.0866, time 15.36ms, mfu 24.00%
iter 2470: loss 1.0901, time 15.27ms, mfu 24.04%
iter 2480: loss 1.0835, time 15.27ms, mfu 24.07%
iter 2490: loss 1.0634, time 15.34ms, mfu 24.10%
step 2500: train loss 0.9638, val loss 1.4944
iter 2500: loss 1.0866, time 2787.24ms, mfu 21.70%
iter 2510: loss 1.0713, time 15.36ms, mfu 21.96%
iter 2520: loss 1.0542, time 15.56ms, mfu 22.16%
iter 2530: loss 1.0554, time 15.19ms, mfu 22.39%
iter 2540: loss 1.0608, time 15.18ms, mfu 22.61%
iter 2550: loss 1.0718, time 15.25ms, mfu 22.79%
iter 2560: loss 1.0654, time 15.46ms, mfu 22.92%
iter 2570: loss 1.0835, time 15.38ms, mfu 23.05%
iter 2580: loss 1.0774, time 15.40ms, mfu 23.17%
iter 2590: loss 1.0751, time 15.45ms, mfu 23.26%
iter 2600: loss 1.0672, time 15.30ms, mfu 23.37%
iter 2610: loss 1.0510, time 15.57ms, mfu 23.43%
iter 2620: loss 1.0540, time 15.44ms, mfu 23.50%
iter 2630: loss 1.0303, time 15.42ms, mfu 23.56%
iter 2640: loss 1.0493, time 15.42ms, mfu 23.62%
iter 2650: loss 1.0732, time 15.38ms, mfu 23.69%
iter 2660: loss 1.0387, time 15.31ms, mfu 23.75%
iter 2670: loss 1.0202, time 15.35ms, mfu 23.80%
iter 2680: loss 1.0497, time 15.31ms, mfu 23.86%
iter 2690: loss 1.0600, time 15.30ms, mfu 23.91%
iter 2700: loss 1.0259, time 15.26ms, mfu 23.96%
iter 2710: loss 1.0484, time 15.21ms, mfu 24.01%
iter 2720: loss 1.0453, time 15.34ms, mfu 24.04%
iter 2730: loss 1.0611, time 15.27ms, mfu 24.08%
iter 2740: loss 1.0280, time 15.44ms, mfu 24.08%
step 2750: train loss 0.9187, val loss 1.5082
iter 2750: loss 1.0385, time 2805.04ms, mfu 21.69%
iter 2760: loss 1.0404, time 15.38ms, mfu 21.94%
iter 2770: loss 1.0268, time 15.42ms, mfu 22.16%
iter 2780: loss 1.0290, time 15.44ms, mfu 22.36%
iter 2790: loss 1.0430, time 15.18ms, mfu 22.58%
iter 2800: loss 1.0224, time 15.42ms, mfu 22.74%
iter 2810: loss 1.0447, time 15.39ms, mfu 22.88%
iter 2820: loss 1.0264, time 15.30ms, mfu 23.03%
iter 2830: loss 1.0376, time 15.32ms, mfu 23.16%
iter 2840: loss 0.9989, time 15.38ms, mfu 23.27%
iter 2850: loss 1.0273, time 15.32ms, mfu 23.37%
iter 2860: loss 1.0281, time 15.33ms, mfu 23.47%
iter 2870: loss 1.0123, time 15.06ms, mfu 23.59%
iter 2880: loss 1.0382, time 15.10ms, mfu 23.70%
iter 2890: loss 1.0160, time 15.33ms, mfu 23.76%
iter 2900: loss 0.9958, time 15.34ms, mfu 23.81%
iter 2910: loss 1.0365, time 15.38ms, mfu 23.86%
iter 2920: loss 1.0136, time 15.26ms, mfu 23.91%
iter 2930: loss 1.0008, time 15.46ms, mfu 23.93%
iter 2940: loss 0.9884, time 15.28ms, mfu 23.98%
iter 2950: loss 1.0302, time 15.20ms, mfu 24.03%
iter 2960: loss 1.0023, time 15.48ms, mfu 24.04%
iter 2970: loss 0.9962, time 15.40ms, mfu 24.05%
iter 2980: loss 1.0050, time 15.56ms, mfu 24.04%
iter 2990: loss 0.9859, time 15.33ms, mfu 24.07%
step 3000: train loss 0.8727, val loss 1.5223
iter 3000: loss 0.9836, time 2802.72ms, mfu 21.67%
iter 3010: loss 0.9921, time 15.08ms, mfu 21.98%
iter 3020: loss 1.0038, time 15.65ms, mfu 22.16%
iter 3030: loss 1.0139, time 15.22ms, mfu 22.39%
iter 3040: loss 1.0366, time 15.43ms, mfu 22.57%
iter 3050: loss 0.9810, time 15.41ms, mfu 22.73%
iter 3060: loss 1.0031, time 15.13ms, mfu 22.92%
iter 3070: loss 1.0194, time 15.26ms, mfu 23.07%
iter 3080: loss 0.9975, time 15.34ms, mfu 23.19%
iter 3090: loss 0.9894, time 15.34ms, mfu 23.30%
iter 3100: loss 0.9978, time 15.11ms, mfu 23.44%
iter 3110: loss 0.9765, time 15.26ms, mfu 23.54%
iter 3120: loss 1.0015, time 14.82ms, mfu 23.70%
iter 3130: loss 0.9865, time 14.66ms, mfu 23.87%
iter 3140: loss 0.9873, time 15.09ms, mfu 23.95%
iter 3150: loss 1.0015, time 14.79ms, mfu 24.08%
iter 3160: loss 1.0062, time 14.92ms, mfu 24.17%
iter 3170: loss 0.9674, time 15.04ms, mfu 24.23%
iter 3180: loss 0.9737, time 15.02ms, mfu 24.28%
iter 3190: loss 1.0044, time 14.93ms, mfu 24.35%
iter 3200: loss 0.9637, time 15.03ms, mfu 24.40%
iter 3210: loss 0.9727, time 15.48ms, mfu 24.36%
iter 3220: loss 0.9645, time 14.91ms, mfu 24.43%
iter 3230: loss 0.9654, time 15.01ms, mfu 24.47%
iter 3240: loss 0.9645, time 14.70ms, mfu 24.55%
step 3250: train loss 0.8285, val loss 1.5549
iter 3250: loss 0.9885, time 2609.46ms, mfu 22.11%
iter 3260: loss 0.9630, time 14.27ms, mfu 22.51%
iter 3270: loss 0.9787, time 14.41ms, mfu 22.85%
iter 3280: loss 0.9547, time 14.60ms, mfu 23.12%
iter 3290: loss 0.9467, time 14.37ms, mfu 23.40%
iter 3300: loss 0.9528, time 14.43ms, mfu 23.64%
iter 3310: loss 0.9588, time 14.32ms, mfu 23.88%
iter 3320: loss 0.9751, time 14.38ms, mfu 24.08%
iter 3330: loss 0.9616, time 14.50ms, mfu 24.24%
iter 3340: loss 0.9526, time 14.30ms, mfu 24.42%
iter 3350: loss 0.9598, time 14.59ms, mfu 24.54%
iter 3360: loss 0.9378, time 14.27ms, mfu 24.69%
iter 3370: loss 0.9615, time 14.39ms, mfu 24.81%
iter 3380: loss 0.9416, time 14.57ms, mfu 24.89%
iter 3390: loss 0.9555, time 14.44ms, mfu 24.98%
iter 3400: loss 0.9631, time 14.73ms, mfu 25.01%
iter 3410: loss 0.9544, time 14.34ms, mfu 25.11%
iter 3420: loss 0.9642, time 14.29ms, mfu 25.21%
iter 3430: loss 0.9422, time 14.23ms, mfu 25.30%
iter 3440: loss 0.9860, time 14.41ms, mfu 25.36%
iter 3450: loss 0.9636, time 14.33ms, mfu 25.42%
iter 3460: loss 0.9549, time 14.46ms, mfu 25.46%
iter 3470: loss 0.9454, time 14.46ms, mfu 25.49%
iter 3480: loss 0.9575, time 14.23ms, mfu 25.56%
iter 3490: loss 0.9279, time 14.68ms, mfu 25.54%
step 3500: train loss 0.7873, val loss 1.5700
iter 3500: loss 0.9083, time 2594.60ms, mfu 23.00%
iter 3510: loss 0.9217, time 14.35ms, mfu 23.30%
iter 3520: loss 0.9299, time 14.63ms, mfu 23.51%
iter 3530: loss 0.9566, time 14.55ms, mfu 23.72%
iter 3540: loss 0.9342, time 14.52ms, mfu 23.92%
iter 3550: loss 0.9330, time 14.31ms, mfu 24.13%
iter 3560: loss 0.9595, time 14.53ms, mfu 24.28%
iter 3570: loss 0.9409, time 14.38ms, mfu 24.45%
iter 3580: loss 0.9452, time 14.64ms, mfu 24.55%
iter 3590: loss 0.9270, time 14.43ms, mfu 24.67%
iter 3600: loss 0.9325, time 14.38ms, mfu 24.80%
iter 3610: loss 0.9188, time 14.43ms, mfu 24.90%
iter 3620: loss 0.9191, time 14.51ms, mfu 24.98%
iter 3630: loss 0.9318, time 14.48ms, mfu 25.05%
iter 3640: loss 0.9185, time 14.32ms, mfu 25.15%
iter 3650: loss 0.9152, time 14.44ms, mfu 25.21%
iter 3660: loss 0.9518, time 14.55ms, mfu 25.25%
iter 3670: loss 0.9445, time 14.40ms, mfu 25.32%
iter 3680: loss 0.9093, time 14.41ms, mfu 25.37%
iter 3690: loss 0.9440, time 14.23ms, mfu 25.45%
iter 3700: loss 0.8836, time 13.89ms, mfu 25.59%
iter 3710: loss 0.8875, time 14.14ms, mfu 25.66%
iter 3720: loss 0.9176, time 14.06ms, mfu 25.75%
iter 3730: loss 0.9091, time 14.18ms, mfu 25.80%
iter 3740: loss 0.9067, time 14.32ms, mfu 25.82%
step 3750: train loss 0.7509, val loss 1.5937
iter 3750: loss 0.8996, time 2581.61ms, mfu 23.25%
iter 3760: loss 0.9355, time 14.43ms, mfu 23.51%
iter 3770: loss 0.9404, time 14.57ms, mfu 23.72%
iter 3780: loss 0.9230, time 14.27ms, mfu 23.96%
iter 3790: loss 0.8987, time 14.60ms, mfu 24.11%
iter 3800: loss 0.9212, time 14.50ms, mfu 24.27%
iter 3810: loss 0.9212, time 14.84ms, mfu 24.36%
iter 3820: loss 0.8863, time 14.44ms, mfu 24.50%
iter 3830: loss 0.9080, time 14.64ms, mfu 24.60%
iter 3840: loss 0.9014, time 14.57ms, mfu 24.69%
iter 3850: loss 0.8957, time 14.14ms, mfu 24.86%
iter 3860: loss 0.8774, time 14.42ms, mfu 24.96%
iter 3870: loss 0.8987, time 14.53ms, mfu 25.03%
iter 3880: loss 0.8940, time 14.63ms, mfu 25.07%
iter 3890: loss 0.9065, time 14.54ms, mfu 25.13%
iter 3900: loss 0.8986, time 14.41ms, mfu 25.20%
iter 3910: loss 0.9005, time 14.58ms, mfu 25.23%
iter 3920: loss 0.8798, time 14.45ms, mfu 25.29%
iter 3930: loss 0.9021, time 14.38ms, mfu 25.35%
iter 3940: loss 0.8863, time 14.59ms, mfu 25.37%
iter 3950: loss 0.8870, time 14.53ms, mfu 25.40%
iter 3960: loss 0.9221, time 14.52ms, mfu 25.43%
iter 3970: loss 0.9039, time 14.60ms, mfu 25.43%
iter 3980: loss 0.9062, time 14.11ms, mfu 25.53%
iter 3990: loss 0.8865, time 14.31ms, mfu 25.58%
step 4000: train loss 0.7162, val loss 1.6193
iter 4000: loss 0.8655, time 2586.59ms, mfu 23.04%
iter 4010: loss 0.8844, time 14.65ms, mfu 23.28%
iter 4020: loss 0.8958, time 14.78ms, mfu 23.47%
iter 4030: loss 0.8803, time 14.55ms, mfu 23.68%
iter 4040: loss 0.8821, time 14.48ms, mfu 23.89%
iter 4050: loss 0.8759, time 14.42ms, mfu 24.08%
iter 4060: loss 0.8727, time 14.45ms, mfu 24.26%
iter 4070: loss 0.8732, time 14.72ms, mfu 24.36%
iter 4080: loss 0.8963, time 14.72ms, mfu 24.46%
iter 4090: loss 0.8644, time 14.46ms, mfu 24.59%
iter 4100: loss 0.9028, time 14.45ms, mfu 24.71%
iter 4110: loss 0.8807, time 14.19ms, mfu 24.86%
iter 4120: loss 0.8757, time 14.44ms, mfu 24.96%
iter 4130: loss 0.8669, time 14.53ms, mfu 25.02%
iter 4140: loss 0.8857, time 14.53ms, mfu 25.09%
iter 4150: loss 0.8732, time 14.30ms, mfu 25.18%
iter 4160: loss 0.8688, time 14.63ms, mfu 25.21%
iter 4170: loss 0.8780, time 14.41ms, mfu 25.28%
iter 4180: loss 0.8706, time 14.32ms, mfu 25.35%
iter 4190: loss 0.8694, time 14.48ms, mfu 25.39%
iter 4200: loss 0.8581, time 14.37ms, mfu 25.45%
iter 4210: loss 0.8802, time 14.28ms, mfu 25.51%
iter 4220: loss 0.8666, time 14.50ms, mfu 25.53%
iter 4230: loss 0.8912, time 14.27ms, mfu 25.59%
iter 4240: loss 0.8704, time 14.28ms, mfu 25.64%
step 4250: train loss 0.6858, val loss 1.6435
iter 4250: loss 0.8708, time 2596.16ms, mfu 23.09%
iter 4260: loss 0.8613, time 14.39ms, mfu 23.37%
iter 4270: loss 0.8679, time 14.49ms, mfu 23.61%
iter 4280: loss 0.8560, time 14.34ms, mfu 23.84%
iter 4290: loss 0.8415, time 14.57ms, mfu 24.02%
iter 4300: loss 0.8258, time 14.51ms, mfu 24.18%
iter 4310: loss 0.8557, time 14.46ms, mfu 24.34%
iter 4320: loss 0.8447, time 14.56ms, mfu 24.47%
iter 4330: loss 0.8677, time 14.37ms, mfu 24.61%
iter 4340: loss 0.8396, time 14.35ms, mfu 24.75%
iter 4350: loss 0.8464, time 14.39ms, mfu 24.86%
iter 4360: loss 0.8685, time 14.29ms, mfu 24.98%
iter 4370: loss 0.8611, time 14.20ms, mfu 25.11%
iter 4380: loss 0.8477, time 14.41ms, mfu 25.19%
iter 4390: loss 0.8771, time 14.40ms, mfu 25.26%
iter 4400: loss 0.8614, time 14.56ms, mfu 25.29%
iter 4410: loss 0.8703, time 14.53ms, mfu 25.33%
iter 4420: loss 0.8690, time 14.48ms, mfu 25.37%
iter 4430: loss 0.8533, time 14.50ms, mfu 25.40%
iter 4440: loss 0.8524, time 14.39ms, mfu 25.45%
iter 4450: loss 0.8536, time 14.53ms, mfu 25.47%
iter 4460: loss 0.8397, time 14.47ms, mfu 25.50%
iter 4470: loss 0.8523, time 14.51ms, mfu 25.51%
iter 4480: loss 0.8429, time 14.47ms, mfu 25.54%
iter 4490: loss 0.8585, time 14.70ms, mfu 25.52%
step 4500: train loss 0.6629, val loss 1.6588
iter 4500: loss 0.8659, time 2608.68ms, mfu 22.98%
iter 4510: loss 0.8512, time 14.59ms, mfu 23.24%
iter 4520: loss 0.8441, time 14.63ms, mfu 23.46%
iter 4530: loss 0.8546, time 14.58ms, mfu 23.67%
iter 4540: loss 0.8531, time 14.46ms, mfu 23.88%
iter 4550: loss 0.8819, time 14.55ms, mfu 24.05%
iter 4560: loss 0.8351, time 14.47ms, mfu 24.22%
iter 4570: loss 0.8516, time 14.76ms, mfu 24.32%
iter 4580: loss 0.8632, time 14.69ms, mfu 24.43%
iter 4590: loss 0.8719, time 14.64ms, mfu 24.53%
iter 4600: loss 0.8269, time 14.55ms, mfu 24.64%
iter 4610: loss 0.8704, time 14.60ms, mfu 24.73%
iter 4620: loss 0.8474, time 14.78ms, mfu 24.78%
iter 4630: loss 0.8317, time 14.49ms, mfu 24.87%
iter 4640: loss 0.8508, time 14.65ms, mfu 24.93%
iter 4650: loss 0.8766, time 14.61ms, mfu 24.98%
iter 4660: loss 0.8533, time 14.56ms, mfu 25.05%
iter 4670: loss 0.8426, time 14.58ms, mfu 25.10%
iter 4680: loss 0.8577, time 14.54ms, mfu 25.15%
iter 4690: loss 0.8558, time 14.52ms, mfu 25.20%
iter 4700: loss 0.8331, time 14.61ms, mfu 25.23%
iter 4710: loss 0.8015, time 14.49ms, mfu 25.28%
iter 4720: loss 0.8335, time 14.29ms, mfu 25.36%
iter 4730: loss 0.8265, time 14.47ms, mfu 25.40%
iter 4740: loss 0.8421, time 14.53ms, mfu 25.42%
step 4750: train loss 0.6446, val loss 1.6769
iter 4750: loss 0.8188, time 2633.42ms, mfu 22.90%
iter 4760: loss 0.8216, time 14.68ms, mfu 23.14%
iter 4770: loss 0.8094, time 14.38ms, mfu 23.42%
iter 4780: loss 0.8205, time 14.69ms, mfu 23.62%
iter 4790: loss 0.8522, time 14.56ms, mfu 23.81%
iter 4800: loss 0.8315, time 14.44ms, mfu 24.01%
iter 4810: loss 0.8352, time 14.62ms, mfu 24.16%
iter 4820: loss 0.8244, time 14.54ms, mfu 24.31%
iter 4830: loss 0.8300, time 14.64ms, mfu 24.42%
iter 4840: loss 0.8442, time 14.44ms, mfu 24.56%
iter 4850: loss 0.8345, time 14.47ms, mfu 24.68%
iter 4860: loss 0.8237, time 14.77ms, mfu 24.74%
iter 4870: loss 0.8187, time 14.56ms, mfu 24.82%
iter 4880: loss 0.8363, time 14.63ms, mfu 24.88%
iter 4890: loss 0.8198, time 14.71ms, mfu 24.93%
iter 4900: loss 0.8156, time 14.80ms, mfu 24.96%
iter 4910: loss 0.8341, time 14.57ms, mfu 25.02%
iter 4920: loss 0.8262, time 14.52ms, mfu 25.08%
iter 4930: loss 0.8130, time 14.62ms, mfu 25.12%
iter 4940: loss 0.8096, time 14.77ms, mfu 25.13%
iter 4950: loss 0.8373, time 14.53ms, mfu 25.18%
iter 4960: loss 0.8353, time 14.61ms, mfu 25.22%
iter 4970: loss 0.7957, time 14.54ms, mfu 25.26%
iter 4980: loss 0.8014, time 14.55ms, mfu 25.29%
iter 4990: loss 0.8311, time 14.55ms, mfu 25.33%
step 5000: train loss 0.6296, val loss 1.6980
iter 5000: loss 0.8360, time 2640.52ms, mfu 22.81%
