Overriding config with config/train_shakespeare_char.py:
Overriding: batch_size = 448
Overriding: learning_rate = 0.007
Overriding: csv_path = runs/scale_1u_s7.0_bs448_lr0.007.csv
Overriding: out_dir = out/scale_1u_s7.0_bs448_lr0.007
tokens per iteration will be: 114,688
effective global batch size (sequences) will be: 448
found vocab_size = 65 (inside data/shakespeare_char/meta.pkl)
Initializing a new model from scratch
number of parameters: 10.65M
/u/ddong/workspace/nanoGPT/train.py:243: FutureWarning: `torch.cuda.amp.GradScaler(args...)` is deprecated. Please use `torch.amp.GradScaler('cuda', args...)` instead.
  scaler = torch.cuda.amp.GradScaler(enabled=(dtype == 'float16'))
num decayed parameter tensors: 26, with 10,740,096 parameters
num non-decayed parameter tensors: 13, with 4,992 parameters
using fused AdamW: True
step 0: train loss 4.2874, val loss 4.2821
iter 0: loss 4.2677, time 13291.17ms, mfu -100.00%
iter 10: loss 2.9152, time 58.57ms, mfu 44.53%
iter 20: loss 2.6199, time 57.43ms, mfu 44.62%
iter 30: loss 2.5339, time 55.57ms, mfu 44.85%
iter 40: loss 2.5162, time 54.07ms, mfu 45.19%
iter 50: loss 2.4812, time 54.26ms, mfu 45.48%
iter 60: loss 2.5080, time 54.78ms, mfu 45.69%
iter 70: loss 2.7150, time 54.57ms, mfu 45.90%
iter 80: loss 2.6604, time 55.14ms, mfu 46.04%
iter 90: loss 2.5526, time 54.81ms, mfu 46.20%
iter 100: loss 2.5121, time 139.67ms, mfu 43.45%
iter 110: loss 2.4779, time 54.56ms, mfu 43.88%
iter 120: loss 2.4589, time 54.39ms, mfu 44.29%
iter 130: loss 2.4534, time 55.42ms, mfu 44.57%
iter 140: loss 2.4195, time 55.59ms, mfu 44.80%
iter 150: loss 2.4315, time 55.63ms, mfu 45.01%
iter 160: loss 2.3806, time 56.14ms, mfu 45.16%
iter 170: loss 2.4282, time 54.85ms, mfu 45.40%
iter 180: loss 2.3100, time 54.95ms, mfu 45.60%
iter 190: loss 2.2267, time 54.88ms, mfu 45.80%
iter 200: loss 2.1874, time 141.62ms, mfu 43.06%
iter 210: loss 2.1410, time 55.03ms, mfu 43.49%
iter 220: loss 2.1245, time 55.32ms, mfu 43.86%
iter 230: loss 2.0591, time 54.33ms, mfu 44.27%
iter 240: loss 2.0543, time 54.30ms, mfu 44.65%
step 250: train loss 1.8930, val loss 2.0266
saving checkpoint to out/scale_1u_s7.0_bs448_lr0.007
iter 250: loss 1.9893, time 13673.07ms, mfu 40.20%
iter 260: loss 1.9724, time 55.31ms, mfu 40.90%
iter 270: loss 1.9560, time 56.75ms, mfu 41.41%
iter 280: loss 1.9275, time 54.21ms, mfu 42.08%
iter 290: loss 1.8690, time 55.11ms, mfu 42.60%
iter 300: loss 2.0284, time 144.61ms, mfu 40.15%
iter 310: loss 1.9913, time 54.32ms, mfu 40.93%
iter 320: loss 1.8799, time 55.23ms, mfu 41.56%
iter 330: loss 1.8395, time 55.29ms, mfu 42.12%
iter 340: loss 1.7839, time 54.20ms, mfu 42.72%
iter 350: loss 1.7690, time 55.35ms, mfu 43.16%
iter 360: loss 1.7436, time 55.23ms, mfu 43.57%
iter 370: loss 1.7173, time 54.01ms, mfu 44.04%
iter 380: loss 1.7203, time 54.75ms, mfu 44.40%
iter 390: loss 1.6895, time 54.91ms, mfu 44.71%
iter 400: loss 1.6692, time 142.21ms, mfu 42.08%
iter 410: loss 1.6595, time 55.51ms, mfu 42.57%
iter 420: loss 1.6566, time 55.62ms, mfu 43.00%
iter 430: loss 1.6457, time 54.61ms, mfu 43.48%
iter 440: loss 1.6080, time 54.79ms, mfu 43.89%
iter 450: loss 1.6112, time 55.80ms, mfu 44.17%
iter 460: loss 1.6046, time 55.83ms, mfu 44.43%
iter 470: loss 1.5796, time 53.95ms, mfu 44.82%
iter 480: loss 1.5636, time 55.12ms, mfu 45.07%
iter 490: loss 1.5606, time 55.78ms, mfu 45.24%
step 500: train loss 1.4472, val loss 1.6600
saving checkpoint to out/scale_1u_s7.0_bs448_lr0.007
iter 500: loss 1.5552, time 13848.64ms, mfu 40.73%
iter 510: loss 1.5388, time 55.53ms, mfu 41.36%
iter 520: loss 1.5264, time 54.50ms, mfu 42.01%
iter 530: loss 1.5285, time 54.48ms, mfu 42.60%
iter 540: loss 1.5057, time 54.87ms, mfu 43.09%
iter 550: loss 1.4886, time 54.92ms, mfu 43.53%
iter 560: loss 1.4699, time 53.93ms, mfu 44.01%
iter 570: loss 1.4573, time 55.90ms, mfu 44.28%
iter 580: loss 1.4584, time 54.92ms, mfu 44.60%
iter 590: loss 1.4243, time 54.74ms, mfu 44.91%
iter 600: loss 1.4247, time 142.84ms, mfu 42.24%
iter 610: loss 1.3909, time 54.40ms, mfu 42.81%
iter 620: loss 1.4012, time 55.51ms, mfu 43.23%
iter 630: loss 1.3762, time 55.20ms, mfu 43.63%
iter 640: loss 1.3722, time 53.90ms, mfu 44.11%
iter 650: loss 1.3564, time 55.00ms, mfu 44.44%
iter 660: loss 1.3326, time 56.22ms, mfu 44.64%
iter 670: loss 1.3548, time 55.60ms, mfu 44.86%
iter 680: loss 1.3207, time 55.56ms, mfu 45.07%
iter 690: loss 1.3148, time 55.53ms, mfu 45.26%
iter 700: loss 1.3101, time 145.10ms, mfu 42.53%
iter 710: loss 1.2988, time 55.53ms, mfu 42.98%
iter 720: loss 1.2929, time 55.72ms, mfu 43.36%
iter 730: loss 1.2690, time 54.31ms, mfu 43.83%
iter 740: loss 1.2609, time 54.45ms, mfu 44.24%
step 750: train loss 1.1679, val loss 1.4857
saving checkpoint to out/scale_1u_s7.0_bs448_lr0.007
iter 750: loss 1.2517, time 14030.60ms, mfu 39.83%
iter 760: loss 1.2588, time 54.96ms, mfu 40.59%
iter 770: loss 1.2579, time 54.93ms, mfu 41.28%
iter 780: loss 1.2417, time 54.28ms, mfu 41.96%
iter 790: loss 1.2281, time 55.02ms, mfu 42.50%
iter 800: loss 1.2149, time 144.29ms, mfu 40.06%
iter 810: loss 1.2283, time 56.16ms, mfu 40.70%
iter 820: loss 1.2146, time 55.19ms, mfu 41.36%
iter 830: loss 1.2073, time 55.33ms, mfu 41.93%
iter 840: loss 1.1889, time 36.89ms, mfu 44.81%
iter 850: loss 1.2006, time 55.40ms, mfu 45.04%
iter 860: loss 1.1953, time 55.57ms, mfu 45.23%
iter 870: loss 1.1747, time 54.78ms, mfu 45.47%
iter 880: loss 1.1664, time 55.08ms, mfu 45.66%
iter 890: loss 1.1750, time 54.85ms, mfu 45.85%
iter 900: loss 1.1725, time 144.73ms, mfu 43.06%
iter 910: loss 1.1495, time 55.06ms, mfu 43.50%
iter 920: loss 1.1530, time 54.28ms, mfu 43.95%
iter 930: loss 1.1574, time 54.12ms, mfu 44.38%
iter 940: loss 1.1355, time 55.01ms, mfu 44.68%
iter 950: loss 1.1308, time 54.92ms, mfu 44.96%
iter 960: loss 1.1320, time 55.17ms, mfu 45.19%
iter 970: loss 1.1241, time 54.99ms, mfu 45.42%
iter 980: loss 1.1211, time 54.56ms, mfu 45.66%
iter 990: loss 1.1124, time 54.44ms, mfu 45.88%
step 1000: train loss 0.9935, val loss 1.4950
iter 1000: loss 1.1117, time 13814.73ms, mfu 41.31%
iter 1010: loss 1.0978, time 54.54ms, mfu 41.96%
iter 1020: loss 1.0914, time 54.80ms, mfu 42.53%
iter 1030: loss 1.0972, time 55.53ms, mfu 42.97%
iter 1040: loss 1.0839, time 53.96ms, mfu 43.51%
iter 1050: loss 1.0845, time 55.51ms, mfu 43.86%
iter 1060: loss 1.0703, time 56.19ms, mfu 44.11%
iter 1070: loss 1.0623, time 54.26ms, mfu 44.51%
iter 1080: loss 1.0534, time 54.81ms, mfu 44.82%
iter 1090: loss 1.0584, time 55.61ms, mfu 45.03%
iter 1100: loss 1.0516, time 141.89ms, mfu 42.36%
iter 1110: loss 1.0486, time 55.27ms, mfu 42.84%
iter 1120: loss 1.0477, time 55.39ms, mfu 43.27%
iter 1130: loss 1.0360, time 55.16ms, mfu 43.67%
iter 1140: loss 1.0404, time 54.94ms, mfu 44.05%
iter 1150: loss 1.0296, time 55.44ms, mfu 44.35%
iter 1160: loss 1.0149, time 56.60ms, mfu 44.52%
iter 1170: loss 1.0149, time 55.91ms, mfu 44.74%
iter 1180: loss 1.0089, time 54.55ms, mfu 45.05%
iter 1190: loss 1.0083, time 55.58ms, mfu 45.23%
iter 1200: loss 1.0177, time 140.49ms, mfu 42.57%
iter 1210: loss 1.0003, time 56.33ms, mfu 42.94%
iter 1220: loss 0.9991, time 54.58ms, mfu 43.43%
iter 1230: loss 0.9876, time 55.07ms, mfu 43.82%
iter 1240: loss 0.9831, time 55.28ms, mfu 44.16%
step 1250: train loss 0.8176, val loss 1.5966
iter 1250: loss 0.9851, time 13519.74ms, mfu 39.76%
iter 1260: loss 0.9721, time 53.94ms, mfu 40.62%
iter 1270: loss 0.9708, time 55.62ms, mfu 41.25%
iter 1280: loss 0.9626, time 54.44ms, mfu 41.91%
iter 1290: loss 0.9746, time 55.12ms, mfu 42.45%
iter 1300: loss 0.9471, time 146.74ms, mfu 39.99%
iter 1310: loss 0.9525, time 54.68ms, mfu 40.76%
iter 1320: loss 0.9467, time 54.44ms, mfu 41.47%
iter 1330: loss 0.9478, time 55.25ms, mfu 42.05%
iter 1340: loss 0.9328, time 55.80ms, mfu 42.52%
iter 1350: loss 0.9280, time 54.77ms, mfu 43.03%
iter 1360: loss 0.9143, time 54.39ms, mfu 43.52%
iter 1370: loss 0.9122, time 54.82ms, mfu 43.93%
iter 1380: loss 0.9230, time 56.18ms, mfu 44.18%
iter 1390: loss 0.9052, time 55.21ms, mfu 44.48%
iter 1400: loss 0.9011, time 138.97ms, mfu 41.91%
iter 1410: loss 0.8978, time 53.92ms, mfu 42.56%
iter 1420: loss 0.9009, time 55.39ms, mfu 43.01%
iter 1430: loss 0.8871, time 54.88ms, mfu 43.46%
iter 1440: loss 0.8935, time 55.17ms, mfu 43.84%
iter 1450: loss 0.8816, time 53.63ms, mfu 44.32%
iter 1460: loss 0.8787, time 54.83ms, mfu 44.65%
iter 1470: loss 0.8870, time 55.56ms, mfu 44.88%
iter 1480: loss 0.8674, time 55.01ms, mfu 45.13%
iter 1490: loss 0.8742, time 38.13ms, mfu 47.46%
step 1500: train loss 0.6507, val loss 1.7089
iter 1500: loss 0.8617, time 13775.18ms, mfu 42.73%
iter 1510: loss 0.8551, time 54.50ms, mfu 43.25%
iter 1520: loss 0.8506, time 54.88ms, mfu 43.67%
iter 1530: loss 0.8444, time 55.14ms, mfu 44.04%
iter 1540: loss 0.8483, time 54.65ms, mfu 44.41%
iter 1550: loss 0.8479, time 55.68ms, mfu 44.65%
iter 1560: loss 0.8300, time 54.42ms, mfu 44.98%
iter 1570: loss 0.8322, time 54.96ms, mfu 45.23%
iter 1580: loss 0.8315, time 55.99ms, mfu 45.36%
iter 1590: loss 0.8233, time 55.27ms, mfu 45.55%
iter 1600: loss 0.8166, time 144.36ms, mfu 42.80%
iter 1610: loss 0.8148, time 55.41ms, mfu 43.23%
iter 1620: loss 0.8093, time 55.14ms, mfu 43.63%
iter 1630: loss 0.8039, time 54.70ms, mfu 44.04%
iter 1640: loss 0.8049, time 55.65ms, mfu 44.32%
iter 1650: loss 0.8056, time 55.79ms, mfu 44.57%
iter 1660: loss 0.7846, time 54.69ms, mfu 44.88%
iter 1670: loss 0.7960, time 54.57ms, mfu 45.17%
iter 1680: loss 0.7867, time 55.37ms, mfu 45.36%
iter 1690: loss 0.7874, time 55.38ms, mfu 45.54%
iter 1700: loss 0.7757, time 139.58ms, mfu 42.85%
iter 1710: loss 0.7707, time 55.65ms, mfu 43.25%
iter 1720: loss 0.7725, time 54.28ms, mfu 43.73%
iter 1730: loss 0.7621, time 54.36ms, mfu 44.16%
iter 1740: loss 0.7558, time 54.78ms, mfu 44.50%
step 1750: train loss 0.5106, val loss 1.8341
iter 1750: loss 0.7511, time 13440.65ms, mfu 40.07%
iter 1760: loss 0.7511, time 55.98ms, mfu 40.73%
iter 1770: loss 0.7556, time 56.10ms, mfu 41.30%
iter 1780: loss 0.7395, time 54.75ms, mfu 41.94%
iter 1790: loss 0.7458, time 54.81ms, mfu 42.50%
iter 1800: loss 0.7442, time 140.38ms, mfu 40.11%
iter 1810: loss 0.7407, time 54.73ms, mfu 40.86%
iter 1820: loss 0.7360, time 54.26ms, mfu 41.58%
iter 1830: loss 0.7240, time 55.10ms, mfu 42.16%
iter 1840: loss 0.7374, time 55.14ms, mfu 42.67%
iter 1850: loss 0.7194, time 53.88ms, mfu 43.25%
iter 1860: loss 0.7155, time 54.01ms, mfu 43.75%
iter 1870: loss 0.7141, time 55.53ms, mfu 44.07%
iter 1880: loss 0.7088, time 54.60ms, mfu 44.44%
iter 1890: loss 0.7095, time 151.45ms, mfu 41.72%
iter 1900: loss 0.7119, time 145.59ms, mfu 39.34%
iter 1910: loss 0.7036, time 56.74ms, mfu 40.00%
iter 1920: loss 0.7021, time 55.91ms, mfu 40.67%
iter 1930: loss 0.6903, time 54.22ms, mfu 41.41%
iter 1940: loss 0.6963, time 55.01ms, mfu 42.01%
iter 1950: loss 0.6856, time 55.92ms, mfu 42.48%
iter 1960: loss 0.6796, time 56.62ms, mfu 42.84%
iter 1970: loss 0.6793, time 55.14ms, mfu 43.28%
iter 1980: loss 0.6762, time 54.68ms, mfu 43.72%
iter 1990: loss 0.6699, time 53.87ms, mfu 44.19%
step 2000: train loss 0.3988, val loss 1.9398
iter 2000: loss 0.6635, time 13649.15ms, mfu 39.79%
iter 2010: loss 0.6572, time 54.71ms, mfu 40.58%
iter 2020: loss 0.6713, time 55.15ms, mfu 41.25%
iter 2030: loss 0.6541, time 55.53ms, mfu 41.82%
iter 2040: loss 0.6569, time 56.08ms, mfu 42.29%
iter 2050: loss 0.6460, time 39.58ms, mfu 44.65%
iter 2060: loss 0.6494, time 54.92ms, mfu 44.94%
iter 2070: loss 0.6387, time 54.59ms, mfu 45.22%
iter 2080: loss 0.6386, time 54.28ms, mfu 45.51%
iter 2090: loss 0.6456, time 54.83ms, mfu 45.71%
iter 2100: loss 0.6319, time 145.75ms, mfu 42.93%
iter 2110: loss 0.6275, time 55.37ms, mfu 43.35%
iter 2120: loss 0.6296, time 55.40ms, mfu 43.72%
iter 2130: loss 0.6246, time 55.02ms, mfu 44.09%
iter 2140: loss 0.6247, time 55.12ms, mfu 44.41%
iter 2150: loss 0.6196, time 54.67ms, mfu 44.74%
iter 2160: loss 0.6185, time 54.24ms, mfu 45.08%
iter 2170: loss 0.6146, time 54.89ms, mfu 45.32%
iter 2180: loss 0.6023, time 55.93ms, mfu 45.45%
iter 2190: loss 0.5975, time 55.11ms, mfu 45.64%
iter 2200: loss 0.6056, time 140.05ms, mfu 42.94%
iter 2210: loss 0.6014, time 55.20ms, mfu 43.37%
iter 2220: loss 0.5943, time 54.33ms, mfu 43.83%
iter 2230: loss 0.5933, time 54.32ms, mfu 44.25%
iter 2240: loss 0.5973, time 54.85ms, mfu 44.58%
step 2250: train loss 0.3090, val loss 2.0955
iter 2250: loss 0.5939, time 13585.53ms, mfu 40.14%
iter 2260: loss 0.5833, time 56.85ms, mfu 40.72%
iter 2270: loss 0.5889, time 55.00ms, mfu 41.39%
iter 2280: loss 0.5896, time 55.01ms, mfu 41.99%
iter 2290: loss 0.5914, time 55.43ms, mfu 42.50%
iter 2300: loss 0.5727, time 144.05ms, mfu 40.06%
iter 2310: loss 0.5732, time 54.34ms, mfu 40.85%
iter 2320: loss 0.5656, time 54.79ms, mfu 41.53%
iter 2330: loss 0.5701, time 55.17ms, mfu 42.10%
iter 2340: loss 0.5628, time 55.53ms, mfu 42.59%
iter 2350: loss 0.5607, time 55.81ms, mfu 43.00%
iter 2360: loss 0.5595, time 54.88ms, mfu 43.46%
iter 2370: loss 0.5621, time 55.21ms, mfu 43.84%
iter 2380: loss 0.5520, time 54.63ms, mfu 44.23%
iter 2390: loss 0.5470, time 55.51ms, mfu 44.50%
iter 2400: loss 0.5472, time 144.17ms, mfu 41.86%
iter 2410: loss 0.5554, time 56.04ms, mfu 42.33%
iter 2420: loss 0.5473, time 56.42ms, mfu 42.72%
iter 2430: loss 0.5459, time 56.23ms, mfu 43.09%
iter 2440: loss 0.5413, time 55.93ms, mfu 43.44%
iter 2450: loss 0.5371, time 56.06ms, mfu 43.75%
iter 2460: loss 0.5333, time 56.43ms, mfu 44.00%
iter 2470: loss 0.5304, time 56.07ms, mfu 44.25%
iter 2480: loss 0.5304, time 55.74ms, mfu 44.50%
iter 2490: loss 0.5290, time 55.58ms, mfu 44.75%
step 2500: train loss 0.2405, val loss 2.2067
iter 2500: loss 0.5321, time 13438.36ms, mfu 40.29%
iter 2510: loss 0.5200, time 54.95ms, mfu 41.01%
iter 2520: loss 0.5206, time 54.22ms, mfu 41.72%
iter 2530: loss 0.5210, time 55.39ms, mfu 42.26%
iter 2540: loss 0.5278, time 54.74ms, mfu 42.80%
iter 2550: loss 0.5120, time 53.98ms, mfu 43.35%
iter 2560: loss 0.5132, time 54.01ms, mfu 43.84%
iter 2570: loss 0.5161, time 55.14ms, mfu 44.19%
iter 2580: loss 0.5089, time 54.11ms, mfu 44.59%
iter 2590: loss 0.5067, time 54.23ms, mfu 44.94%
iter 2600: loss 0.5013, time 139.68ms, mfu 42.31%
iter 2610: loss 0.5044, time 53.92ms, mfu 42.92%
iter 2620: loss 0.5089, time 55.04ms, mfu 43.37%
iter 2630: loss 0.4988, time 55.70ms, mfu 43.71%
iter 2640: loss 0.4924, time 56.75ms, mfu 43.94%
iter 2650: loss 0.4970, time 55.28ms, mfu 44.26%
iter 2660: loss 0.4927, time 54.99ms, mfu 44.58%
iter 2670: loss 0.4893, time 54.23ms, mfu 44.93%
iter 2680: loss 0.4850, time 55.23ms, mfu 45.16%
iter 2690: loss 0.4879, time 55.20ms, mfu 45.37%
iter 2700: loss 0.4871, time 129.99ms, mfu 42.84%
iter 2710: loss 0.4829, time 55.49ms, mfu 43.26%
iter 2720: loss 0.4812, time 55.09ms, mfu 43.67%
iter 2730: loss 0.4692, time 56.32ms, mfu 43.93%
iter 2740: loss 0.4737, time 55.51ms, mfu 44.24%
step 2750: train loss 0.1920, val loss 2.3171
iter 2750: loss 0.4652, time 13582.96ms, mfu 39.83%
iter 2760: loss 0.4697, time 53.96ms, mfu 40.68%
iter 2770: loss 0.4683, time 54.88ms, mfu 41.37%
iter 2780: loss 0.4648, time 56.06ms, mfu 41.88%
iter 2790: loss 0.4592, time 55.28ms, mfu 42.41%
iter 2800: loss 0.4680, time 144.81ms, mfu 39.97%
iter 2810: loss 0.4592, time 53.61ms, mfu 40.84%
iter 2820: loss 0.4573, time 54.11ms, mfu 41.58%
iter 2830: loss 0.4578, time 55.62ms, mfu 42.11%
iter 2840: loss 0.4546, time 55.44ms, mfu 42.60%
iter 2850: loss 0.4448, time 32.44ms, mfu 46.38%
iter 2860: loss 0.4602, time 55.75ms, mfu 46.42%
iter 2870: loss 0.4467, time 54.94ms, mfu 46.53%
iter 2880: loss 0.4433, time 55.28ms, mfu 46.59%
iter 2890: loss 0.4557, time 54.84ms, mfu 46.69%
iter 2900: loss 0.4371, time 137.74ms, mfu 43.92%
iter 2910: loss 0.4478, time 55.84ms, mfu 44.20%
iter 2920: loss 0.4382, time 55.59ms, mfu 44.47%
iter 2930: loss 0.4335, time 55.73ms, mfu 44.70%
iter 2940: loss 0.4317, time 55.03ms, mfu 44.97%
iter 2950: loss 0.4325, time 55.62ms, mfu 45.16%
iter 2960: loss 0.4268, time 53.97ms, mfu 45.48%
iter 2970: loss 0.4287, time 54.02ms, mfu 45.76%
iter 2980: loss 0.4291, time 53.87ms, mfu 46.03%
iter 2990: loss 0.4327, time 54.95ms, mfu 46.17%
step 3000: train loss 0.1574, val loss 2.4350
iter 3000: loss 0.4286, time 13631.02ms, mfu 41.57%
iter 3010: loss 0.4191, time 55.63ms, mfu 42.10%
iter 3020: loss 0.4239, time 55.22ms, mfu 42.62%
iter 3030: loss 0.4164, time 55.62ms, mfu 43.05%
iter 3040: loss 0.4146, time 53.99ms, mfu 43.57%
iter 3050: loss 0.4227, time 54.77ms, mfu 43.98%
iter 3060: loss 0.4230, time 55.78ms, mfu 44.26%
iter 3070: loss 0.4091, time 55.11ms, mfu 44.56%
iter 3080: loss 0.4094, time 54.97ms, mfu 44.85%
iter 3090: loss 0.4009, time 55.56ms, mfu 45.06%
iter 3100: loss 0.4016, time 82.13ms, mfu 43.73%
iter 3110: loss 0.4029, time 54.94ms, mfu 44.11%
iter 3120: loss 0.4007, time 55.61ms, mfu 44.39%
iter 3130: loss 0.4019, time 54.44ms, mfu 44.74%
iter 3140: loss 0.4012, time 55.62ms, mfu 44.95%
iter 3150: loss 0.4009, time 55.72ms, mfu 45.14%
iter 3160: loss 0.4050, time 55.03ms, mfu 45.37%
iter 3170: loss 0.4010, time 54.35ms, mfu 45.63%
iter 3180: loss 0.3930, time 55.76ms, mfu 45.74%
iter 3190: loss 0.3920, time 55.29ms, mfu 45.89%
iter 3200: loss 0.3849, time 147.20ms, mfu 43.07%
iter 3210: loss 0.3891, time 56.17ms, mfu 43.41%
iter 3220: loss 0.3839, time 55.73ms, mfu 43.75%
iter 3230: loss 0.3885, time 56.25ms, mfu 44.01%
iter 3240: loss 0.3887, time 55.38ms, mfu 44.32%
step 3250: train loss 0.1341, val loss 2.5272
iter 3250: loss 0.3857, time 13434.69ms, mfu 39.90%
iter 3260: loss 0.3858, time 54.07ms, mfu 40.74%
iter 3270: loss 0.3799, time 55.60ms, mfu 41.36%
iter 3280: loss 0.3837, time 54.93ms, mfu 41.97%
iter 3290: loss 0.3808, time 55.36ms, mfu 42.48%
iter 3300: loss 0.3738, time 141.92ms, mfu 40.07%
iter 3310: loss 0.3743, time 54.92ms, mfu 40.82%
iter 3320: loss 0.3659, time 54.62ms, mfu 41.51%
iter 3330: loss 0.3713, time 54.68ms, mfu 42.13%
iter 3340: loss 0.3695, time 54.55ms, mfu 42.70%
iter 3350: loss 0.3666, time 55.69ms, mfu 43.11%
iter 3360: loss 0.3658, time 54.92ms, mfu 43.55%
iter 3370: loss 0.3594, time 55.23ms, mfu 43.92%
iter 3380: loss 0.3680, time 54.96ms, mfu 44.27%
iter 3390: loss 0.3617, time 54.87ms, mfu 44.60%
iter 3400: loss 0.3615, time 144.28ms, mfu 41.95%
iter 3410: loss 0.3560, time 55.22ms, mfu 42.48%
iter 3420: loss 0.3571, time 56.40ms, mfu 42.85%
iter 3430: loss 0.3530, time 55.30ms, mfu 43.28%
iter 3440: loss 0.3556, time 54.41ms, mfu 43.75%
iter 3450: loss 0.3552, time 54.74ms, mfu 44.14%
iter 3460: loss 0.3542, time 55.49ms, mfu 44.43%
iter 3470: loss 0.3506, time 55.34ms, mfu 44.70%
iter 3480: loss 0.3521, time 55.49ms, mfu 44.93%
iter 3490: loss 0.3492, time 56.23ms, mfu 45.07%
step 3500: train loss 0.1184, val loss 2.6432
iter 3500: loss 0.3474, time 13787.25ms, mfu 40.58%
iter 3510: loss 0.3435, time 54.66ms, mfu 41.30%
iter 3520: loss 0.3440, time 54.45ms, mfu 41.96%
iter 3530: loss 0.3438, time 54.17ms, mfu 42.58%
iter 3540: loss 0.3412, time 55.87ms, mfu 42.99%
iter 3550: loss 0.3468, time 55.62ms, mfu 43.38%
iter 3560: loss 0.3420, time 55.31ms, mfu 43.76%
iter 3570: loss 0.3457, time 54.34ms, mfu 44.18%
iter 3580: loss 0.3425, time 54.55ms, mfu 44.54%
iter 3590: loss 0.3423, time 57.12ms, mfu 44.66%
iter 3600: loss 0.3332, time 144.60ms, mfu 41.99%
iter 3610: loss 0.3367, time 55.69ms, mfu 42.48%
iter 3620: loss 0.3320, time 56.19ms, mfu 42.87%
iter 3630: loss 0.3340, time 54.68ms, mfu 43.36%
iter 3640: loss 0.3297, time 54.30ms, mfu 43.82%
iter 3650: loss 0.3302, time 53.81ms, mfu 44.29%
iter 3660: loss 0.3345, time 54.66ms, mfu 44.63%
iter 3670: loss 0.3280, time 55.93ms, mfu 44.83%
iter 3680: loss 0.3296, time 55.47ms, mfu 45.05%
iter 3690: loss 0.3258, time 55.92ms, mfu 45.21%
iter 3700: loss 0.3287, time 148.71ms, mfu 42.44%
iter 3710: loss 0.3256, time 56.41ms, mfu 42.82%
iter 3720: loss 0.3200, time 55.60ms, mfu 43.23%
iter 3730: loss 0.3245, time 55.01ms, mfu 43.65%
iter 3740: loss 0.3188, time 57.12ms, mfu 43.85%
step 3750: train loss 0.1068, val loss 2.7494
iter 3750: loss 0.3216, time 13427.80ms, mfu 39.49%
iter 3760: loss 0.3209, time 54.64ms, mfu 40.31%
iter 3770: loss 0.3143, time 54.38ms, mfu 41.08%
iter 3780: loss 0.3185, time 54.50ms, mfu 41.75%
iter 3790: loss 0.3137, time 54.72ms, mfu 42.35%
iter 3800: loss 0.3138, time 145.69ms, mfu 39.90%
iter 3810: loss 0.3081, time 55.78ms, mfu 40.59%
iter 3820: loss 0.3106, time 56.10ms, mfu 41.18%
iter 3830: loss 0.3080, time 54.91ms, mfu 41.81%
iter 3840: loss 0.3089, time 55.07ms, mfu 42.37%
iter 3850: loss 0.3036, time 54.69ms, mfu 42.90%
iter 3860: loss 0.3076, time 54.91ms, mfu 43.36%
iter 3870: loss 0.3117, time 55.51ms, mfu 43.72%
iter 3880: loss 0.3063, time 55.77ms, mfu 44.03%
iter 3890: loss 0.3024, time 56.31ms, mfu 44.26%
iter 3900: loss 0.3018, time 141.64ms, mfu 41.67%
iter 3910: loss 0.3037, time 55.92ms, mfu 42.17%
iter 3920: loss 0.3037, time 54.82ms, mfu 42.71%
iter 3930: loss 0.2977, time 55.02ms, mfu 43.18%
iter 3940: loss 0.2983, time 55.14ms, mfu 43.59%
iter 3950: loss 0.2961, time 56.60ms, mfu 43.84%
iter 3960: loss 0.3006, time 55.11ms, mfu 44.19%
iter 3970: loss 0.2937, time 54.97ms, mfu 44.52%
iter 3980: loss 0.2939, time 54.43ms, mfu 44.86%
iter 3990: loss 0.3003, time 55.08ms, mfu 45.11%
step 4000: train loss 0.0997, val loss 2.8329
iter 4000: loss 0.2920, time 13533.49ms, mfu 40.62%
iter 4010: loss 0.2955, time 55.72ms, mfu 41.24%
iter 4020: loss 0.2942, time 55.26ms, mfu 41.83%
iter 4030: loss 0.2935, time 55.08ms, mfu 42.38%
iter 4040: loss 0.2943, time 56.04ms, mfu 42.80%
iter 4050: loss 0.2919, time 40.42ms, mfu 44.97%
iter 4060: loss 0.2902, time 55.08ms, mfu 45.21%
iter 4070: loss 0.2870, time 54.79ms, mfu 45.45%
iter 4080: loss 0.2894, time 54.80ms, mfu 45.67%
iter 4090: loss 0.2863, time 54.86ms, mfu 45.85%
iter 4100: loss 0.2882, time 145.03ms, mfu 43.07%
iter 4110: loss 0.2824, time 56.14ms, mfu 43.41%
iter 4120: loss 0.2845, time 56.68ms, mfu 43.67%
iter 4130: loss 0.2845, time 55.62ms, mfu 43.99%
iter 4140: loss 0.2809, time 54.87ms, mfu 44.35%
iter 4150: loss 0.2838, time 54.42ms, mfu 44.70%
iter 4160: loss 0.2810, time 54.62ms, mfu 45.01%
iter 4170: loss 0.2799, time 54.87ms, mfu 45.26%
iter 4180: loss 0.2788, time 55.66ms, mfu 45.42%
iter 4190: loss 0.2835, time 56.17ms, mfu 45.52%
iter 4200: loss 0.2803, time 142.66ms, mfu 42.80%
iter 4210: loss 0.2786, time 56.04ms, mfu 43.17%
iter 4220: loss 0.2765, time 55.54ms, mfu 43.55%
iter 4230: loss 0.2744, time 56.21ms, mfu 43.84%
iter 4240: loss 0.2764, time 56.24ms, mfu 44.09%
step 4250: train loss 0.0954, val loss 2.9033
iter 4250: loss 0.2721, time 13614.40ms, mfu 39.70%
iter 4260: loss 0.2759, time 54.96ms, mfu 40.48%
iter 4270: loss 0.2752, time 56.18ms, mfu 41.07%
iter 4280: loss 0.2712, time 54.33ms, mfu 41.77%
iter 4290: loss 0.2737, time 54.79ms, mfu 42.35%
iter 4300: loss 0.2730, time 242.28ms, mfu 39.19%
iter 4310: loss 0.2741, time 55.74ms, mfu 39.95%
iter 4320: loss 0.2689, time 56.09ms, mfu 40.61%
iter 4330: loss 0.2691, time 56.00ms, mfu 41.20%
iter 4340: loss 0.2735, time 55.30ms, mfu 41.80%
iter 4350: loss 0.2705, time 55.22ms, mfu 42.34%
iter 4360: loss 0.2687, time 54.38ms, mfu 42.91%
iter 4370: loss 0.2656, time 54.43ms, mfu 43.41%
iter 4380: loss 0.2699, time 54.28ms, mfu 43.87%
iter 4390: loss 0.2670, time 54.91ms, mfu 44.24%
iter 4400: loss 0.2652, time 143.60ms, mfu 41.63%
iter 4410: loss 0.2633, time 55.11ms, mfu 42.20%
iter 4420: loss 0.2691, time 55.23ms, mfu 42.70%
iter 4430: loss 0.2638, time 56.77ms, mfu 43.03%
iter 4440: loss 0.2684, time 55.58ms, mfu 43.42%
iter 4450: loss 0.2618, time 37.02ms, mfu 46.12%
iter 4460: loss 0.2632, time 55.03ms, mfu 46.25%
iter 4470: loss 0.2645, time 55.65ms, mfu 46.31%
iter 4480: loss 0.2675, time 54.70ms, mfu 46.45%
iter 4490: loss 0.2642, time 54.03ms, mfu 46.63%
step 4500: train loss 0.0924, val loss 2.9567
iter 4500: loss 0.2622, time 13401.93ms, mfu 41.99%
iter 4510: loss 0.2568, time 54.76ms, mfu 42.55%
iter 4520: loss 0.2605, time 55.26ms, mfu 43.02%
iter 4530: loss 0.2645, time 55.54ms, mfu 43.41%
iter 4540: loss 0.2600, time 55.88ms, mfu 43.74%
iter 4550: loss 0.2624, time 56.75ms, mfu 43.96%
iter 4560: loss 0.2575, time 54.60ms, mfu 44.34%
iter 4570: loss 0.2602, time 54.71ms, mfu 44.67%
iter 4580: loss 0.2613, time 55.23ms, mfu 44.93%
iter 4590: loss 0.2560, time 54.96ms, mfu 45.18%
iter 4600: loss 0.2568, time 139.25ms, mfu 42.54%
iter 4610: loss 0.2568, time 54.99ms, mfu 43.03%
iter 4620: loss 0.2597, time 55.42ms, mfu 43.43%
iter 4630: loss 0.2546, time 55.67ms, mfu 43.77%
iter 4640: loss 0.2579, time 55.08ms, mfu 44.13%
iter 4650: loss 0.2575, time 54.87ms, mfu 44.47%
iter 4660: loss 0.2547, time 54.96ms, mfu 44.77%
iter 4670: loss 0.2514, time 53.98ms, mfu 45.13%
iter 4680: loss 0.2576, time 55.67ms, mfu 45.30%
iter 4690: loss 0.2506, time 148.36ms, mfu 42.53%
iter 4700: loss 0.2543, time 143.55ms, mfu 40.09%
iter 4710: loss 0.2523, time 55.07ms, mfu 40.82%
iter 4720: loss 0.2562, time 54.41ms, mfu 41.53%
iter 4730: loss 0.2524, time 54.21ms, mfu 42.19%
iter 4740: loss 0.2576, time 54.08ms, mfu 42.79%
step 4750: train loss 0.0907, val loss 2.9933
iter 4750: loss 0.2530, time 13663.33ms, mfu 38.53%
iter 4760: loss 0.2546, time 55.88ms, mfu 39.35%
iter 4770: loss 0.2545, time 54.81ms, mfu 40.17%
iter 4780: loss 0.2516, time 54.58ms, mfu 40.93%
iter 4790: loss 0.2530, time 54.94ms, mfu 41.59%
iter 4800: loss 0.2534, time 145.77ms, mfu 39.22%
iter 4810: loss 0.2533, time 54.18ms, mfu 40.11%
iter 4820: loss 0.2548, time 55.02ms, mfu 40.84%
iter 4830: loss 0.2510, time 54.95ms, mfu 41.50%
iter 4840: loss 0.2510, time 54.26ms, mfu 42.16%
iter 4850: loss 0.2523, time 38.39ms, mfu 44.74%
iter 4860: loss 0.2533, time 55.13ms, mfu 44.99%
iter 4870: loss 0.2516, time 55.20ms, mfu 45.22%
iter 4880: loss 0.2543, time 55.04ms, mfu 45.44%
iter 4890: loss 0.2560, time 54.51ms, mfu 45.68%
iter 4900: loss 0.2515, time 143.19ms, mfu 42.93%
iter 4910: loss 0.2463, time 55.98ms, mfu 43.30%
iter 4920: loss 0.2518, time 55.02ms, mfu 43.71%
iter 4930: loss 0.2508, time 55.10ms, mfu 44.07%
iter 4940: loss 0.2494, time 55.00ms, mfu 44.41%
iter 4950: loss 0.2484, time 54.62ms, mfu 44.74%
iter 4960: loss 0.2478, time 55.46ms, mfu 44.97%
iter 4970: loss 0.2506, time 56.26ms, mfu 45.11%
iter 4980: loss 0.2493, time 55.92ms, mfu 45.26%
iter 4990: loss 0.2528, time 55.91ms, mfu 45.40%
step 5000: train loss 0.0898, val loss 3.0147
iter 5000: loss 0.2465, time 13284.58ms, mfu 40.88%
