Overriding config with config/train_shakespeare_char.py:
Overriding: batch_size = 16
Overriding: learning_rate = 0.0
Overriding: csv_path = runs/scale_g1_s0.25_bs16_lr0.000.csv
Overriding: out_dir = out-scale_g1_s0.25_bs16_lr0.000
tokens per iteration will be: 4,096
effective global batch size (sequences) will be: 16
found vocab_size = 65 (inside data/shakespeare_char/meta.pkl)
Initializing a new model from scratch
number of parameters: 10.65M
/u/ddong/workspace/nanoGPT/train.py:243: FutureWarning: `torch.cuda.amp.GradScaler(args...)` is deprecated. Please use `torch.amp.GradScaler('cuda', args...)` instead.
  scaler = torch.cuda.amp.GradScaler(enabled=(dtype == 'float16'))
num decayed parameter tensors: 26, with 10,740,096 parameters
num non-decayed parameter tensors: 13, with 4,992 parameters
using fused AdamW: True
step 0: train loss 4.2883, val loss 4.2812
iter 0: loss 4.2590, time 1907.58ms, mfu -100.00%
iter 10: loss 4.2623, time 12.62ms, mfu 7.38%
iter 20: loss 4.2619, time 12.35ms, mfu 7.40%
iter 30: loss 4.2705, time 11.84ms, mfu 7.45%
iter 40: loss 4.2756, time 12.08ms, mfu 7.47%
iter 50: loss 4.2675, time 11.95ms, mfu 7.51%
iter 60: loss 4.2517, time 13.11ms, mfu 7.47%
iter 70: loss 4.2600, time 12.36ms, mfu 7.47%
iter 80: loss 4.2678, time 12.16ms, mfu 7.49%
iter 90: loss 4.2646, time 12.09ms, mfu 7.51%
iter 100: loss 4.2615, time 12.24ms, mfu 7.52%
iter 110: loss 4.2613, time 12.41ms, mfu 7.52%
iter 120: loss 4.2684, time 12.10ms, mfu 7.54%
iter 130: loss 4.2574, time 12.08ms, mfu 7.56%
iter 140: loss 4.2578, time 11.98ms, mfu 7.58%
iter 150: loss 4.2639, time 12.11ms, mfu 7.59%
iter 160: loss 4.2598, time 12.15ms, mfu 7.60%
iter 170: loss 4.2460, time 11.98ms, mfu 7.62%
iter 180: loss 4.2381, time 12.01ms, mfu 7.63%
iter 190: loss 4.2266, time 12.24ms, mfu 7.63%
iter 200: loss 4.2303, time 12.31ms, mfu 7.62%
iter 210: loss 4.2065, time 12.89ms, mfu 7.58%
iter 220: loss 4.1899, time 12.18ms, mfu 7.59%
iter 230: loss 4.1508, time 12.54ms, mfu 7.57%
iter 240: loss 4.1336, time 12.32ms, mfu 7.57%
step 250: train loss 4.0570, val loss 4.0597
saving checkpoint to out-scale_g1_s0.25_bs16_lr0.000
iter 250: loss 4.1075, time 2173.78ms, mfu 6.82%
iter 260: loss 4.0729, time 12.62ms, mfu 6.87%
iter 270: loss 4.0335, time 12.62ms, mfu 6.93%
iter 280: loss 4.0054, time 12.43ms, mfu 6.98%
iter 290: loss 3.9356, time 12.74ms, mfu 7.02%
iter 300: loss 3.9121, time 12.87ms, mfu 7.04%
iter 310: loss 3.8579, time 12.26ms, mfu 7.09%
iter 320: loss 3.7946, time 12.55ms, mfu 7.13%
iter 330: loss 3.7590, time 13.27ms, mfu 7.12%
iter 340: loss 3.6899, time 12.18ms, mfu 7.17%
iter 350: loss 3.6515, time 12.30ms, mfu 7.21%
iter 360: loss 3.5975, time 12.35ms, mfu 7.24%
iter 370: loss 3.5389, time 12.84ms, mfu 7.24%
iter 380: loss 3.5341, time 12.85ms, mfu 7.24%
iter 390: loss 3.5031, time 13.07ms, mfu 7.23%
iter 400: loss 3.4819, time 12.13ms, mfu 7.28%
iter 410: loss 3.4100, time 12.10ms, mfu 7.32%
iter 420: loss 3.4232, time 12.23ms, mfu 7.35%
iter 430: loss 3.3450, time 11.88ms, mfu 7.40%
iter 440: loss 3.3979, time 11.94ms, mfu 7.44%
iter 450: loss 3.3163, time 12.12ms, mfu 7.46%
iter 460: loss 3.2874, time 12.23ms, mfu 7.48%
iter 470: loss 3.2981, time 12.02ms, mfu 7.51%
iter 480: loss 3.2330, time 12.26ms, mfu 7.52%
iter 490: loss 3.2183, time 12.03ms, mfu 7.54%
step 500: train loss 3.1128, val loss 3.1385
saving checkpoint to out-scale_g1_s0.25_bs16_lr0.000
iter 500: loss 3.2178, time 2014.38ms, mfu 6.79%
iter 510: loss 3.1803, time 12.98ms, mfu 6.83%
iter 520: loss 3.1615, time 12.76ms, mfu 6.88%
iter 530: loss 3.1023, time 12.56ms, mfu 6.93%
iter 540: loss 3.0842, time 12.47ms, mfu 6.98%
iter 550: loss 3.0926, time 12.70ms, mfu 7.02%
iter 560: loss 3.0561, time 12.49ms, mfu 7.06%
iter 570: loss 3.0156, time 12.80ms, mfu 7.08%
iter 580: loss 3.0082, time 12.61ms, mfu 7.11%
iter 590: loss 2.9819, time 12.53ms, mfu 7.15%
iter 600: loss 2.9945, time 12.56ms, mfu 7.17%
iter 610: loss 2.9425, time 12.92ms, mfu 7.18%
iter 620: loss 2.9306, time 12.56ms, mfu 7.20%
iter 630: loss 2.9400, time 12.24ms, mfu 7.24%
iter 640: loss 2.8968, time 12.40ms, mfu 7.27%
iter 650: loss 2.9287, time 12.44ms, mfu 7.29%
iter 660: loss 2.8860, time 12.49ms, mfu 7.31%
iter 670: loss 2.8521, time 12.34ms, mfu 7.33%
iter 680: loss 2.8829, time 12.47ms, mfu 7.35%
iter 690: loss 2.8138, time 12.54ms, mfu 7.35%
iter 700: loss 2.8318, time 12.65ms, mfu 7.36%
iter 710: loss 2.8396, time 12.67ms, mfu 7.35%
iter 720: loss 2.8416, time 13.24ms, mfu 7.32%
iter 730: loss 2.8534, time 12.61ms, mfu 7.33%
iter 740: loss 2.7387, time 12.56ms, mfu 7.34%
step 750: train loss 2.7176, val loss 2.7250
saving checkpoint to out-scale_g1_s0.25_bs16_lr0.000
iter 750: loss 2.7896, time 2038.30ms, mfu 6.61%
iter 760: loss 2.7447, time 12.14ms, mfu 6.72%
iter 770: loss 2.7938, time 12.04ms, mfu 6.82%
iter 780: loss 2.7348, time 12.12ms, mfu 6.90%
iter 790: loss 2.7635, time 11.96ms, mfu 6.99%
iter 800: loss 2.7752, time 12.10ms, mfu 7.06%
iter 810: loss 2.7930, time 12.07ms, mfu 7.13%
iter 820: loss 2.7453, time 11.95ms, mfu 7.20%
iter 830: loss 2.7163, time 12.14ms, mfu 7.24%
iter 840: loss 2.6861, time 12.16ms, mfu 7.28%
iter 850: loss 2.7451, time 12.09ms, mfu 7.33%
iter 860: loss 2.7173, time 11.92ms, mfu 7.38%
iter 870: loss 2.7249, time 12.30ms, mfu 7.40%
iter 880: loss 2.6984, time 12.60ms, mfu 7.40%
iter 890: loss 2.6519, time 12.58ms, mfu 7.40%
iter 900: loss 2.7169, time 12.65ms, mfu 7.39%
iter 910: loss 2.7025, time 13.43ms, mfu 7.35%
iter 920: loss 2.6805, time 12.29ms, mfu 7.37%
iter 930: loss 2.6922, time 12.50ms, mfu 7.38%
iter 940: loss 2.6629, time 12.58ms, mfu 7.38%
iter 950: loss 2.6318, time 12.36ms, mfu 7.40%
iter 960: loss 2.6572, time 12.48ms, mfu 7.40%
iter 970: loss 2.6779, time 12.58ms, mfu 7.40%
iter 980: loss 2.6566, time 12.46ms, mfu 7.41%
iter 990: loss 2.6522, time 12.43ms, mfu 7.42%
step 1000: train loss 2.5951, val loss 2.5968
saving checkpoint to out-scale_g1_s0.25_bs16_lr0.000
iter 1000: loss 2.6202, time 2222.77ms, mfu 6.68%
iter 1010: loss 2.6108, time 12.28ms, mfu 6.77%
iter 1020: loss 2.6908, time 12.44ms, mfu 6.84%
iter 1030: loss 2.6431, time 12.68ms, mfu 6.89%
iter 1040: loss 2.6182, time 12.66ms, mfu 6.94%
iter 1050: loss 2.6007, time 12.61ms, mfu 6.98%
iter 1060: loss 2.5808, time 12.63ms, mfu 7.02%
iter 1070: loss 2.6104, time 12.53ms, mfu 7.06%
iter 1080: loss 2.6114, time 12.10ms, mfu 7.13%
iter 1090: loss 2.6134, time 12.07ms, mfu 7.19%
iter 1100: loss 2.6002, time 12.16ms, mfu 7.23%
iter 1110: loss 2.6107, time 12.15ms, mfu 7.28%
iter 1120: loss 2.5889, time 12.71ms, mfu 7.28%
iter 1130: loss 2.5770, time 12.31ms, mfu 7.31%
iter 1140: loss 2.5722, time 12.09ms, mfu 7.35%
iter 1150: loss 2.6341, time 12.21ms, mfu 7.38%
iter 1160: loss 2.5808, time 12.32ms, mfu 7.40%
iter 1170: loss 2.6034, time 12.50ms, mfu 7.40%
iter 1180: loss 2.5721, time 12.43ms, mfu 7.41%
iter 1190: loss 2.5793, time 12.13ms, mfu 7.44%
iter 1200: loss 2.5937, time 12.36ms, mfu 7.45%
iter 1210: loss 2.5756, time 12.19ms, mfu 7.47%
iter 1220: loss 2.5601, time 12.21ms, mfu 7.48%
iter 1230: loss 2.5585, time 12.38ms, mfu 7.49%
iter 1240: loss 2.5641, time 12.39ms, mfu 7.49%
step 1250: train loss 2.5275, val loss 2.5380
saving checkpoint to out-scale_g1_s0.25_bs16_lr0.000
iter 1250: loss 2.5226, time 2012.93ms, mfu 6.75%
iter 1260: loss 2.5715, time 11.96ms, mfu 6.85%
iter 1270: loss 2.5736, time 11.68ms, mfu 6.96%
iter 1280: loss 2.5216, time 11.84ms, mfu 7.05%
iter 1290: loss 2.5277, time 11.83ms, mfu 7.14%
iter 1300: loss 2.5391, time 11.85ms, mfu 7.21%
iter 1310: loss 2.5519, time 11.91ms, mfu 7.27%
iter 1320: loss 2.5446, time 11.95ms, mfu 7.32%
iter 1330: loss 2.5589, time 11.94ms, mfu 7.37%
iter 1340: loss 2.5264, time 11.98ms, mfu 7.41%
iter 1350: loss 2.5558, time 12.00ms, mfu 7.45%
iter 1360: loss 2.5343, time 11.79ms, mfu 7.49%
iter 1370: loss 2.5152, time 11.78ms, mfu 7.53%
iter 1380: loss 2.5403, time 12.22ms, mfu 7.54%
iter 1390: loss 2.5559, time 12.18ms, mfu 7.55%
iter 1400: loss 2.5360, time 13.04ms, mfu 7.51%
iter 1410: loss 2.4904, time 12.36ms, mfu 7.52%
iter 1420: loss 2.5337, time 12.24ms, mfu 7.52%
iter 1430: loss 2.5358, time 12.00ms, mfu 7.55%
iter 1440: loss 2.5085, time 12.10ms, mfu 7.56%
iter 1450: loss 2.5188, time 12.02ms, mfu 7.58%
iter 1460: loss 2.5651, time 11.86ms, mfu 7.61%
iter 1470: loss 2.5350, time 11.70ms, mfu 7.65%
iter 1480: loss 2.4960, time 12.10ms, mfu 7.65%
iter 1490: loss 2.5221, time 11.95ms, mfu 7.67%
step 1500: train loss 2.4878, val loss 2.4969
saving checkpoint to out-scale_g1_s0.25_bs16_lr0.000
iter 1500: loss 2.4767, time 2143.13ms, mfu 6.90%
iter 1510: loss 2.4812, time 12.70ms, mfu 6.95%
iter 1520: loss 2.5587, time 12.69ms, mfu 6.99%
iter 1530: loss 2.4940, time 13.02ms, mfu 7.00%
iter 1540: loss 2.5109, time 13.14ms, mfu 7.01%
iter 1550: loss 2.5524, time 13.44ms, mfu 7.00%
iter 1560: loss 2.4881, time 12.67ms, mfu 7.04%
iter 1570: loss 2.5188, time 11.84ms, mfu 7.12%
iter 1580: loss 2.4660, time 11.94ms, mfu 7.19%
iter 1590: loss 2.5173, time 11.97ms, mfu 7.25%
iter 1600: loss 2.4699, time 11.84ms, mfu 7.31%
iter 1610: loss 2.4947, time 11.74ms, mfu 7.37%
iter 1620: loss 2.4804, time 11.96ms, mfu 7.41%
iter 1630: loss 2.5062, time 11.93ms, mfu 7.45%
iter 1640: loss 2.5167, time 11.85ms, mfu 7.49%
iter 1650: loss 2.4817, time 11.83ms, mfu 7.53%
iter 1660: loss 2.4682, time 11.76ms, mfu 7.57%
iter 1670: loss 2.5168, time 12.34ms, mfu 7.57%
iter 1680: loss 2.4929, time 12.11ms, mfu 7.58%
iter 1690: loss 2.4697, time 11.86ms, mfu 7.61%
iter 1700: loss 2.4581, time 11.92ms, mfu 7.63%
iter 1710: loss 2.5206, time 12.05ms, mfu 7.64%
iter 1720: loss 2.4969, time 12.00ms, mfu 7.65%
iter 1730: loss 2.4838, time 12.03ms, mfu 7.66%
iter 1740: loss 2.4736, time 12.07ms, mfu 7.67%
step 1750: train loss 2.4558, val loss 2.4687
saving checkpoint to out-scale_g1_s0.25_bs16_lr0.000
iter 1750: loss 2.4914, time 2176.64ms, mfu 6.90%
iter 1760: loss 2.4542, time 12.73ms, mfu 6.95%
iter 1770: loss 2.4956, time 12.50ms, mfu 7.00%
iter 1780: loss 2.5148, time 12.59ms, mfu 7.04%
iter 1790: loss 2.4671, time 12.57ms, mfu 7.07%
iter 1800: loss 2.4667, time 12.66ms, mfu 7.10%
iter 1810: loss 2.4936, time 12.40ms, mfu 7.14%
iter 1820: loss 2.4680, time 12.57ms, mfu 7.17%
iter 1830: loss 2.4564, time 12.32ms, mfu 7.21%
iter 1840: loss 2.4188, time 12.57ms, mfu 7.23%
iter 1850: loss 2.4714, time 12.89ms, mfu 7.23%
iter 1860: loss 2.4650, time 13.18ms, mfu 7.21%
iter 1870: loss 2.5017, time 13.07ms, mfu 7.20%
iter 1880: loss 2.4440, time 13.50ms, mfu 7.17%
iter 1890: loss 2.4602, time 12.34ms, mfu 7.21%
iter 1900: loss 2.4310, time 12.38ms, mfu 7.24%
iter 1910: loss 2.4730, time 11.86ms, mfu 7.30%
iter 1920: loss 2.4296, time 11.99ms, mfu 7.35%
iter 1930: loss 2.4201, time 12.30ms, mfu 7.37%
iter 1940: loss 2.4616, time 12.50ms, mfu 7.38%
iter 1950: loss 2.4856, time 12.44ms, mfu 7.39%
iter 1960: loss 2.4375, time 12.25ms, mfu 7.41%
iter 1970: loss 2.4744, time 12.76ms, mfu 7.40%
iter 1980: loss 2.4492, time 12.69ms, mfu 7.40%
iter 1990: loss 2.4333, time 12.77ms, mfu 7.39%
step 2000: train loss 2.4204, val loss 2.4322
saving checkpoint to out-scale_g1_s0.25_bs16_lr0.000
iter 2000: loss 2.4579, time 2164.64ms, mfu 6.65%
iter 2010: loss 2.4602, time 12.39ms, mfu 6.74%
iter 2020: loss 2.4245, time 12.23ms, mfu 6.83%
iter 2030: loss 2.4386, time 12.15ms, mfu 6.91%
iter 2040: loss 2.4510, time 11.82ms, mfu 7.01%
iter 2050: loss 2.4330, time 12.07ms, mfu 7.08%
iter 2060: loss 2.4483, time 11.80ms, mfu 7.16%
iter 2070: loss 2.4048, time 11.50ms, mfu 7.25%
iter 2080: loss 2.4459, time 11.79ms, mfu 7.32%
iter 2090: loss 2.4480, time 11.79ms, mfu 7.38%
iter 2100: loss 2.4385, time 11.94ms, mfu 7.42%
iter 2110: loss 2.3971, time 11.97ms, mfu 7.46%
iter 2120: loss 2.4253, time 11.73ms, mfu 7.50%
iter 2130: loss 2.4377, time 11.69ms, mfu 7.55%
iter 2140: loss 2.4289, time 11.85ms, mfu 7.58%
iter 2150: loss 2.3986, time 11.75ms, mfu 7.62%
iter 2160: loss 2.4144, time 11.93ms, mfu 7.64%
iter 2170: loss 2.3924, time 11.90ms, mfu 7.66%
iter 2180: loss 2.4330, time 13.43ms, mfu 7.58%
iter 2190: loss 2.4098, time 13.84ms, mfu 7.50%
iter 2200: loss 2.4078, time 12.49ms, mfu 7.49%
iter 2210: loss 2.4028, time 12.65ms, mfu 7.48%
iter 2220: loss 2.4006, time 12.58ms, mfu 7.47%
iter 2230: loss 2.4068, time 12.45ms, mfu 7.47%
iter 2240: loss 2.3901, time 12.08ms, mfu 7.50%
step 2250: train loss 2.3570, val loss 2.3770
saving checkpoint to out-scale_g1_s0.25_bs16_lr0.000
iter 2250: loss 2.4181, time 2218.50ms, mfu 6.75%
iter 2260: loss 2.3885, time 12.81ms, mfu 6.80%
iter 2270: loss 2.3950, time 12.81ms, mfu 6.85%
iter 2280: loss 2.3753, time 12.31ms, mfu 6.92%
iter 2290: loss 2.4075, time 12.28ms, mfu 6.99%
iter 2300: loss 2.3550, time 12.40ms, mfu 7.04%
iter 2310: loss 2.3415, time 12.84ms, mfu 7.06%
iter 2320: loss 2.3955, time 12.24ms, mfu 7.12%
iter 2330: loss 2.4073, time 12.40ms, mfu 7.16%
iter 2340: loss 2.3927, time 12.42ms, mfu 7.19%
iter 2350: loss 2.3996, time 11.98ms, mfu 7.25%
iter 2360: loss 2.3288, time 12.05ms, mfu 7.30%
iter 2370: loss 2.3980, time 12.06ms, mfu 7.34%
iter 2380: loss 2.3815, time 11.86ms, mfu 7.39%
iter 2390: loss 2.3846, time 11.83ms, mfu 7.44%
iter 2400: loss 2.3456, time 12.08ms, mfu 7.47%
iter 2410: loss 2.3832, time 11.93ms, mfu 7.50%
iter 2420: loss 2.3881, time 11.89ms, mfu 7.53%
iter 2430: loss 2.4083, time 11.80ms, mfu 7.57%
iter 2440: loss 2.3910, time 11.89ms, mfu 7.60%
iter 2450: loss 2.3765, time 11.87ms, mfu 7.62%
iter 2460: loss 2.2883, time 12.39ms, mfu 7.61%
iter 2470: loss 2.3417, time 12.46ms, mfu 7.60%
iter 2480: loss 2.3241, time 12.45ms, mfu 7.59%
iter 2490: loss 2.3442, time 12.52ms, mfu 7.57%
step 2500: train loss 2.2617, val loss 2.2779
saving checkpoint to out-scale_g1_s0.25_bs16_lr0.000
iter 2500: loss 2.3660, time 2149.76ms, mfu 6.82%
iter 2510: loss 2.3234, time 12.68ms, mfu 6.87%
iter 2520: loss 2.3334, time 12.66ms, mfu 6.92%
iter 2530: loss 2.2800, time 12.86ms, mfu 6.95%
iter 2540: loss 2.3143, time 12.39ms, mfu 7.01%
iter 2550: loss 2.3946, time 12.36ms, mfu 7.06%
iter 2560: loss 2.3255, time 12.51ms, mfu 7.10%
iter 2570: loss 2.2734, time 12.67ms, mfu 7.13%
iter 2580: loss 2.3401, time 12.36ms, mfu 7.17%
iter 2590: loss 2.3624, time 12.11ms, mfu 7.22%
iter 2600: loss 2.2923, time 12.36ms, mfu 7.25%
iter 2610: loss 2.2974, time 12.44ms, mfu 7.28%
iter 2620: loss 2.2590, time 12.47ms, mfu 7.29%
iter 2630: loss 2.3075, time 12.57ms, mfu 7.31%
iter 2640: loss 2.2690, time 12.59ms, mfu 7.32%
iter 2650: loss 2.3112, time 12.14ms, mfu 7.35%
iter 2660: loss 2.2617, time 12.32ms, mfu 7.37%
iter 2670: loss 2.3242, time 12.41ms, mfu 7.39%
iter 2680: loss 2.2981, time 12.51ms, mfu 7.39%
iter 2690: loss 2.2983, time 12.56ms, mfu 7.39%
iter 2700: loss 2.2672, time 12.33ms, mfu 7.41%
iter 2710: loss 2.2617, time 12.53ms, mfu 7.41%
iter 2720: loss 2.3320, time 12.73ms, mfu 7.40%
iter 2730: loss 2.2643, time 12.40ms, mfu 7.41%
iter 2740: loss 2.3173, time 12.27ms, mfu 7.43%
step 2750: train loss 2.1884, val loss 2.2255
saving checkpoint to out-scale_g1_s0.25_bs16_lr0.000
iter 2750: loss 2.2445, time 2166.57ms, mfu 6.69%
iter 2760: loss 2.2552, time 12.40ms, mfu 6.78%
iter 2770: loss 2.2817, time 12.10ms, mfu 6.87%
iter 2780: loss 2.2313, time 12.29ms, mfu 6.94%
iter 2790: loss 2.3142, time 12.12ms, mfu 7.01%
iter 2800: loss 2.2317, time 12.00ms, mfu 7.09%
iter 2810: loss 2.2433, time 12.01ms, mfu 7.16%
iter 2820: loss 2.2493, time 12.33ms, mfu 7.20%
iter 2830: loss 2.2880, time 12.15ms, mfu 7.24%
iter 2840: loss 2.2145, time 12.24ms, mfu 7.28%
iter 2850: loss 2.2294, time 12.12ms, mfu 7.32%
iter 2860: loss 2.2165, time 12.11ms, mfu 7.36%
iter 2870: loss 2.2173, time 12.08ms, mfu 7.39%
iter 2880: loss 2.2165, time 12.30ms, mfu 7.41%
iter 2890: loss 2.1990, time 12.12ms, mfu 7.44%
iter 2900: loss 2.2003, time 12.27ms, mfu 7.45%
iter 2910: loss 2.2101, time 12.04ms, mfu 7.48%
iter 2920: loss 2.1874, time 12.13ms, mfu 7.50%
iter 2930: loss 2.1803, time 12.08ms, mfu 7.52%
iter 2940: loss 2.2072, time 12.65ms, mfu 7.51%
iter 2950: loss 2.2037, time 12.65ms, mfu 7.49%
iter 2960: loss 2.1834, time 13.87ms, mfu 7.42%
iter 2970: loss 2.1870, time 12.70ms, mfu 7.41%
iter 2980: loss 2.2072, time 12.63ms, mfu 7.40%
iter 2990: loss 2.1902, time 12.54ms, mfu 7.41%
step 3000: train loss 2.1024, val loss 2.1499
saving checkpoint to out-scale_g1_s0.25_bs16_lr0.000
iter 3000: loss 2.1868, time 2212.67ms, mfu 6.67%
iter 3010: loss 2.2219, time 12.59ms, mfu 6.74%
iter 3020: loss 2.1874, time 12.45ms, mfu 6.82%
iter 3030: loss 2.1604, time 12.48ms, mfu 6.88%
iter 3040: loss 2.1526, time 12.62ms, mfu 6.93%
iter 3050: loss 2.1681, time 12.65ms, mfu 6.97%
iter 3060: loss 2.1780, time 12.82ms, mfu 7.00%
iter 3070: loss 2.1869, time 12.72ms, mfu 7.04%
iter 3080: loss 2.1854, time 13.02ms, mfu 7.05%
iter 3090: loss 2.1516, time 12.93ms, mfu 7.06%
iter 3100: loss 2.1710, time 12.47ms, mfu 7.10%
iter 3110: loss 2.1383, time 11.97ms, mfu 7.17%
iter 3120: loss 2.1455, time 11.78ms, mfu 7.25%
iter 3130: loss 2.1214, time 12.09ms, mfu 7.29%
iter 3140: loss 2.0976, time 12.00ms, mfu 7.34%
iter 3150: loss 2.0900, time 11.97ms, mfu 7.38%
iter 3160: loss 2.1223, time 12.17ms, mfu 7.41%
iter 3170: loss 2.1524, time 11.96ms, mfu 7.45%
iter 3180: loss 2.1748, time 11.85ms, mfu 7.49%
iter 3190: loss 2.1331, time 11.85ms, mfu 7.53%
iter 3200: loss 2.1144, time 12.31ms, mfu 7.53%
iter 3210: loss 2.1310, time 11.73ms, mfu 7.57%
iter 3220: loss 2.0467, time 11.91ms, mfu 7.60%
iter 3230: loss 2.0681, time 11.98ms, mfu 7.62%
iter 3240: loss 2.0939, time 11.94ms, mfu 7.63%
step 3250: train loss 2.0020, val loss 2.0793
saving checkpoint to out-scale_g1_s0.25_bs16_lr0.000
iter 3250: loss 2.1143, time 2100.59ms, mfu 6.88%
iter 3260: loss 2.1117, time 12.30ms, mfu 6.95%
iter 3270: loss 2.0617, time 12.21ms, mfu 7.01%
iter 3280: loss 2.1334, time 12.28ms, mfu 7.07%
iter 3290: loss 2.0875, time 12.30ms, mfu 7.12%
iter 3300: loss 2.0355, time 12.44ms, mfu 7.16%
iter 3310: loss 2.0865, time 12.79ms, mfu 7.17%
iter 3320: loss 2.0761, time 12.75ms, mfu 7.18%
iter 3330: loss 2.0369, time 13.15ms, mfu 7.17%
iter 3340: loss 2.0653, time 13.03ms, mfu 7.17%
iter 3350: loss 2.0653, time 12.79ms, mfu 7.18%
iter 3360: loss 2.0710, time 12.86ms, mfu 7.19%
iter 3370: loss 2.0633, time 12.52ms, mfu 7.21%
iter 3380: loss 2.0176, time 12.93ms, mfu 7.21%
iter 3390: loss 2.0277, time 12.58ms, mfu 7.23%
iter 3400: loss 2.0429, time 12.91ms, mfu 7.23%
iter 3410: loss 2.0420, time 12.61ms, mfu 7.25%
iter 3420: loss 2.1032, time 12.79ms, mfu 7.25%
iter 3430: loss 2.0228, time 12.65ms, mfu 7.26%
iter 3440: loss 2.0281, time 12.38ms, mfu 7.29%
iter 3450: loss 2.0828, time 12.58ms, mfu 7.30%
iter 3460: loss 1.9920, time 12.46ms, mfu 7.32%
iter 3470: loss 2.0454, time 12.60ms, mfu 7.32%
iter 3480: loss 2.0027, time 12.47ms, mfu 7.34%
iter 3490: loss 2.0165, time 12.29ms, mfu 7.36%
step 3500: train loss 1.9188, val loss 2.0144
saving checkpoint to out-scale_g1_s0.25_bs16_lr0.000
iter 3500: loss 2.0925, time 2239.26ms, mfu 6.63%
iter 3510: loss 1.9843, time 12.28ms, mfu 6.73%
iter 3520: loss 2.0338, time 12.26ms, mfu 6.81%
iter 3530: loss 2.0575, time 12.37ms, mfu 6.89%
iter 3540: loss 2.0257, time 12.15ms, mfu 6.96%
iter 3550: loss 1.9885, time 12.31ms, mfu 7.02%
iter 3560: loss 2.0296, time 12.27ms, mfu 7.08%
iter 3570: loss 1.9827, time 12.22ms, mfu 7.14%
iter 3580: loss 1.9758, time 12.34ms, mfu 7.18%
iter 3590: loss 1.9804, time 12.24ms, mfu 7.22%
iter 3600: loss 2.0246, time 12.43ms, mfu 7.25%
iter 3610: loss 1.9861, time 12.42ms, mfu 7.27%
iter 3620: loss 1.9586, time 12.28ms, mfu 7.30%
iter 3630: loss 1.9644, time 12.41ms, mfu 7.32%
iter 3640: loss 1.9834, time 12.45ms, mfu 7.34%
iter 3650: loss 1.9588, time 12.17ms, mfu 7.37%
iter 3660: loss 1.9631, time 12.10ms, mfu 7.40%
iter 3670: loss 1.9445, time 11.98ms, mfu 7.44%
iter 3680: loss 1.9468, time 12.64ms, mfu 7.43%
iter 3690: loss 2.0064, time 12.60ms, mfu 7.43%
iter 3700: loss 1.9263, time 12.44ms, mfu 7.44%
iter 3710: loss 1.9657, time 12.69ms, mfu 7.43%
iter 3720: loss 1.9502, time 12.42ms, mfu 7.43%
iter 3730: loss 1.9510, time 12.51ms, mfu 7.43%
iter 3740: loss 1.9385, time 12.72ms, mfu 7.42%
step 3750: train loss 1.8294, val loss 1.9597
saving checkpoint to out-scale_g1_s0.25_bs16_lr0.000
iter 3750: loss 1.9689, time 2185.04ms, mfu 6.69%
iter 3760: loss 1.8647, time 12.57ms, mfu 6.76%
iter 3770: loss 1.9466, time 12.16ms, mfu 6.85%
iter 3780: loss 1.9026, time 12.36ms, mfu 6.92%
iter 3790: loss 1.9388, time 12.36ms, mfu 6.98%
iter 3800: loss 1.8707, time 12.50ms, mfu 7.03%
iter 3810: loss 1.9074, time 12.38ms, mfu 7.08%
iter 3820: loss 1.9281, time 12.46ms, mfu 7.12%
iter 3830: loss 1.9358, time 12.68ms, mfu 7.14%
iter 3840: loss 1.9297, time 12.88ms, mfu 7.15%
iter 3850: loss 1.8424, time 12.42ms, mfu 7.18%
iter 3860: loss 1.9426, time 12.43ms, mfu 7.21%
iter 3870: loss 1.8641, time 12.17ms, mfu 7.26%
iter 3880: loss 1.8596, time 12.06ms, mfu 7.31%
iter 3890: loss 1.8732, time 12.28ms, mfu 7.33%
iter 3900: loss 1.8769, time 12.25ms, mfu 7.36%
iter 3910: loss 1.8647, time 12.29ms, mfu 7.38%
iter 3920: loss 1.8679, time 12.05ms, mfu 7.42%
iter 3930: loss 1.9001, time 12.04ms, mfu 7.45%
iter 3940: loss 1.8865, time 12.34ms, mfu 7.46%
iter 3950: loss 1.8989, time 12.37ms, mfu 7.47%
iter 3960: loss 1.8479, time 12.10ms, mfu 7.49%
iter 3970: loss 1.8712, time 12.31ms, mfu 7.50%
iter 3980: loss 1.8183, time 12.33ms, mfu 7.50%
iter 3990: loss 1.9130, time 12.23ms, mfu 7.51%
step 4000: train loss 1.7833, val loss 1.9188
saving checkpoint to out-scale_g1_s0.25_bs16_lr0.000
iter 4000: loss 1.8645, time 2139.01ms, mfu 6.77%
iter 4010: loss 1.9074, time 13.01ms, mfu 6.81%
iter 4020: loss 1.8550, time 12.72ms, mfu 6.86%
iter 4030: loss 1.8395, time 12.18ms, mfu 6.94%
iter 4040: loss 1.8810, time 12.33ms, mfu 7.00%
iter 4050: loss 1.8617, time 12.77ms, mfu 7.03%
iter 4060: loss 1.9189, time 12.41ms, mfu 7.08%
iter 4070: loss 1.8762, time 12.30ms, mfu 7.13%
iter 4080: loss 1.8652, time 12.39ms, mfu 7.17%
iter 4090: loss 1.8745, time 12.61ms, mfu 7.19%
iter 4100: loss 1.8575, time 12.51ms, mfu 7.21%
iter 4110: loss 1.8966, time 12.26ms, mfu 7.25%
iter 4120: loss 1.8469, time 12.34ms, mfu 7.28%
iter 4130: loss 1.8014, time 12.57ms, mfu 7.29%
iter 4140: loss 1.9035, time 12.78ms, mfu 7.29%
iter 4150: loss 1.8203, time 12.34ms, mfu 7.32%
iter 4160: loss 1.8363, time 12.35ms, mfu 7.34%
iter 4170: loss 1.8465, time 12.64ms, mfu 7.34%
iter 4180: loss 1.8153, time 12.49ms, mfu 7.36%
iter 4190: loss 1.8453, time 12.44ms, mfu 7.37%
iter 4200: loss 1.7928, time 12.37ms, mfu 7.39%
iter 4210: loss 1.8675, time 12.56ms, mfu 7.39%
iter 4220: loss 1.7616, time 12.82ms, mfu 7.38%
iter 4230: loss 1.8864, time 12.47ms, mfu 7.39%
iter 4240: loss 1.8545, time 12.23ms, mfu 7.41%
step 4250: train loss 1.7119, val loss 1.8760
saving checkpoint to out-scale_g1_s0.25_bs16_lr0.000
iter 4250: loss 1.8204, time 2197.65ms, mfu 6.67%
iter 4260: loss 1.8844, time 12.17ms, mfu 6.77%
iter 4270: loss 1.8112, time 11.88ms, mfu 6.88%
iter 4280: loss 1.8369, time 11.96ms, mfu 6.97%
iter 4290: loss 1.8738, time 11.86ms, mfu 7.06%
iter 4300: loss 1.7741, time 11.86ms, mfu 7.14%
iter 4310: loss 1.8196, time 11.72ms, mfu 7.22%
iter 4320: loss 1.8170, time 11.74ms, mfu 7.29%
iter 4330: loss 1.8284, time 11.79ms, mfu 7.35%
iter 4340: loss 1.7766, time 11.89ms, mfu 7.40%
iter 4350: loss 1.8200, time 11.77ms, mfu 7.45%
iter 4360: loss 1.7867, time 12.27ms, mfu 7.47%
iter 4370: loss 1.8409, time 12.32ms, mfu 7.48%
iter 4380: loss 1.8256, time 12.56ms, mfu 7.47%
iter 4390: loss 1.7499, time 12.16ms, mfu 7.49%
iter 4400: loss 1.8148, time 12.12ms, mfu 7.51%
iter 4410: loss 1.7639, time 12.13ms, mfu 7.53%
iter 4420: loss 1.7208, time 11.87ms, mfu 7.56%
iter 4430: loss 1.7953, time 12.01ms, mfu 7.58%
iter 4440: loss 1.7880, time 12.08ms, mfu 7.59%
iter 4450: loss 1.7645, time 12.93ms, mfu 7.55%
iter 4460: loss 1.8184, time 12.28ms, mfu 7.56%
iter 4470: loss 1.7385, time 12.96ms, mfu 7.52%
iter 4480: loss 1.7522, time 12.61ms, mfu 7.51%
iter 4490: loss 1.7571, time 12.39ms, mfu 7.51%
step 4500: train loss 1.6624, val loss 1.8317
saving checkpoint to out-scale_g1_s0.25_bs16_lr0.000
iter 4500: loss 1.8036, time 2232.90ms, mfu 6.76%
iter 4510: loss 1.7343, time 12.63ms, mfu 6.82%
iter 4520: loss 1.7686, time 12.42ms, mfu 6.89%
iter 4530: loss 1.7648, time 12.60ms, mfu 6.94%
iter 4540: loss 1.7611, time 12.70ms, mfu 6.98%
iter 4550: loss 1.7110, time 12.67ms, mfu 7.02%
iter 4560: loss 1.7365, time 12.32ms, mfu 7.07%
iter 4570: loss 1.7987, time 12.77ms, mfu 7.09%
iter 4580: loss 1.7153, time 12.23ms, mfu 7.15%
iter 4590: loss 1.6866, time 12.34ms, mfu 7.19%
iter 4600: loss 1.7051, time 12.66ms, mfu 7.20%
iter 4610: loss 1.7598, time 12.49ms, mfu 7.23%
iter 4620: loss 1.7735, time 12.26ms, mfu 7.27%
iter 4630: loss 1.7655, time 12.31ms, mfu 7.30%
iter 4640: loss 1.7724, time 12.44ms, mfu 7.32%
iter 4650: loss 1.7594, time 12.44ms, mfu 7.33%
iter 4660: loss 1.7789, time 12.32ms, mfu 7.36%
iter 4670: loss 1.7303, time 12.35ms, mfu 7.37%
iter 4680: loss 1.7963, time 12.56ms, mfu 7.38%
iter 4690: loss 1.7532, time 12.32ms, mfu 7.40%
iter 4700: loss 1.7170, time 12.43ms, mfu 7.41%
iter 4710: loss 1.7400, time 12.35ms, mfu 7.42%
iter 4720: loss 1.7670, time 12.48ms, mfu 7.42%
iter 4730: loss 1.7177, time 12.51ms, mfu 7.43%
iter 4740: loss 1.6714, time 12.41ms, mfu 7.43%
step 4750: train loss 1.6206, val loss 1.8144
saving checkpoint to out-scale_g1_s0.25_bs16_lr0.000
iter 4750: loss 1.7465, time 2217.90ms, mfu 6.69%
iter 4760: loss 1.6697, time 12.77ms, mfu 6.75%
iter 4770: loss 1.7223, time 12.43ms, mfu 6.83%
iter 4780: loss 1.7319, time 12.54ms, mfu 6.89%
iter 4790: loss 1.7165, time 12.78ms, mfu 6.93%
iter 4800: loss 1.7495, time 12.65ms, mfu 6.97%
iter 4810: loss 1.6907, time 12.35ms, mfu 7.03%
iter 4820: loss 1.7370, time 12.57ms, mfu 7.07%
iter 4830: loss 1.6144, time 12.37ms, mfu 7.11%
iter 4840: loss 1.6539, time 12.36ms, mfu 7.16%
iter 4850: loss 1.6860, time 12.53ms, mfu 7.18%
iter 4860: loss 1.7160, time 12.49ms, mfu 7.21%
iter 4870: loss 1.6721, time 12.60ms, mfu 7.23%
iter 4880: loss 1.6970, time 12.53ms, mfu 7.25%
iter 4890: loss 1.7328, time 12.54ms, mfu 7.27%
iter 4900: loss 1.6803, time 12.56ms, mfu 7.28%
iter 4910: loss 1.6840, time 12.65ms, mfu 7.29%
iter 4920: loss 1.7025, time 12.77ms, mfu 7.29%
iter 4930: loss 1.7686, time 12.49ms, mfu 7.31%
iter 4940: loss 1.6257, time 12.90ms, mfu 7.30%
iter 4950: loss 1.7099, time 12.65ms, mfu 7.31%
iter 4960: loss 1.7354, time 12.58ms, mfu 7.32%
iter 4970: loss 1.6736, time 12.84ms, mfu 7.31%
iter 4980: loss 1.6772, time 12.31ms, mfu 7.34%
iter 4990: loss 1.6455, time 12.52ms, mfu 7.35%
step 5000: train loss 1.5890, val loss 1.7775
saving checkpoint to out-scale_g1_s0.25_bs16_lr0.000
iter 5000: loss 1.6728, time 1917.67ms, mfu 6.62%
