Overriding config with config/train_shakespeare_char.py:
Overriding: batch_size = 320
Overriding: learning_rate = 0.005
Overriding: csv_path = runs/scale_g1_s5.0_bs320_lr0.005.csv
Overriding: out_dir = out-scale_g1_s5.0_bs320_lr0.005
tokens per iteration will be: 81,920
effective global batch size (sequences) will be: 320
found vocab_size = 65 (inside data/shakespeare_char/meta.pkl)
Initializing a new model from scratch
number of parameters: 10.65M
/u/ddong/workspace/nanoGPT/train.py:243: FutureWarning: `torch.cuda.amp.GradScaler(args...)` is deprecated. Please use `torch.amp.GradScaler('cuda', args...)` instead.
  scaler = torch.cuda.amp.GradScaler(enabled=(dtype == 'float16'))
num decayed parameter tensors: 26, with 10,740,096 parameters
num non-decayed parameter tensors: 13, with 4,992 parameters
using fused AdamW: True
step 0: train loss 4.2874, val loss 4.2823
iter 0: loss 4.2659, time 10008.43ms, mfu -100.00%
iter 10: loss 2.9217, time 44.49ms, mfu 41.88%
iter 20: loss 2.6290, time 39.52ms, mfu 42.40%
iter 30: loss 2.5372, time 39.34ms, mfu 42.90%
iter 40: loss 2.5235, time 35.56ms, mfu 43.85%
iter 50: loss 2.4878, time 32.97ms, mfu 45.11%
iter 60: loss 2.4841, time 33.10ms, mfu 46.23%
iter 70: loss 2.4764, time 36.77ms, mfu 46.67%
iter 80: loss 2.5160, time 39.67ms, mfu 46.70%
iter 90: loss 2.5240, time 39.46ms, mfu 46.75%
iter 100: loss 2.4552, time 106.18ms, mfu 43.83%
iter 110: loss 2.4026, time 38.88ms, mfu 44.24%
iter 120: loss 2.4242, time 38.29ms, mfu 44.68%
iter 130: loss 2.2945, time 35.12ms, mfu 45.52%
iter 140: loss 2.1858, time 34.98ms, mfu 46.29%
iter 150: loss 2.1139, time 38.93ms, mfu 46.45%
iter 160: loss 2.0641, time 39.48ms, mfu 46.52%
iter 170: loss 2.0611, time 39.67ms, mfu 46.57%
iter 180: loss 1.9971, time 39.55ms, mfu 46.62%
iter 190: loss 1.9654, time 32.02ms, mfu 47.78%
iter 200: loss 1.9036, time 103.11ms, mfu 44.81%
iter 210: loss 1.8849, time 35.50ms, mfu 45.58%
iter 220: loss 1.8829, time 36.95ms, mfu 46.06%
iter 230: loss 1.8435, time 33.22ms, mfu 47.06%
iter 240: loss 1.8054, time 40.02ms, mfu 47.01%
step 250: train loss 1.6663, val loss 1.8435
saving checkpoint to out-scale_g1_s5.0_bs320_lr0.005
iter 250: loss 1.7673, time 10218.69ms, mfu 42.33%
iter 260: loss 1.7712, time 36.55ms, mfu 43.19%
iter 270: loss 1.7528, time 33.38ms, mfu 44.46%
iter 280: loss 1.7197, time 32.39ms, mfu 45.76%
iter 290: loss 1.7081, time 34.28ms, mfu 46.62%
iter 300: loss 1.6797, time 92.81ms, mfu 43.97%
iter 310: loss 1.6661, time 32.53ms, mfu 45.30%
iter 320: loss 1.6615, time 34.67ms, mfu 46.14%
iter 330: loss 1.6322, time 32.03ms, mfu 47.35%
iter 340: loss 1.6304, time 34.68ms, mfu 47.98%
iter 350: loss 1.6244, time 32.34ms, mfu 48.95%
iter 360: loss 1.5996, time 39.73ms, mfu 48.74%
iter 370: loss 1.5793, time 41.45ms, mfu 48.36%
iter 380: loss 1.5638, time 39.66ms, mfu 48.22%
iter 390: loss 1.5664, time 39.21ms, mfu 48.15%
iter 400: loss 1.5480, time 94.22ms, mfu 45.31%
iter 410: loss 1.5259, time 33.05ms, mfu 46.42%
iter 420: loss 1.5073, time 31.61ms, mfu 47.67%
iter 430: loss 1.5413, time 40.45ms, mfu 47.51%
iter 440: loss 1.5049, time 39.28ms, mfu 47.50%
iter 450: loss 1.4669, time 33.80ms, mfu 48.27%
iter 460: loss 1.4672, time 39.46ms, mfu 48.16%
iter 470: loss 1.4649, time 38.61ms, mfu 48.17%
iter 480: loss 1.4436, time 39.64ms, mfu 48.05%
iter 490: loss 1.4230, time 38.80ms, mfu 48.05%
step 500: train loss 1.3155, val loss 1.5541
saving checkpoint to out-scale_g1_s5.0_bs320_lr0.005
iter 500: loss 1.4151, time 10124.71ms, mfu 43.26%
iter 510: loss 1.4001, time 38.92ms, mfu 43.72%
iter 520: loss 1.4049, time 40.07ms, mfu 44.00%
iter 530: loss 1.3813, time 41.43ms, mfu 44.10%
iter 540: loss 1.3699, time 39.74ms, mfu 44.38%
iter 550: loss 1.3793, time 39.83ms, mfu 44.62%
iter 560: loss 1.3543, time 39.25ms, mfu 44.90%
iter 570: loss 1.3419, time 39.47ms, mfu 45.13%
iter 580: loss 1.3189, time 33.08ms, mfu 46.25%
iter 590: loss 1.3314, time 33.26ms, mfu 47.23%
iter 600: loss 1.3141, time 106.13ms, mfu 44.26%
iter 610: loss 1.3408, time 40.69ms, mfu 44.41%
iter 620: loss 1.2984, time 39.24ms, mfu 44.72%
iter 630: loss 1.2984, time 39.50ms, mfu 44.96%
iter 640: loss 1.2863, time 38.97ms, mfu 45.25%
iter 650: loss 1.2924, time 39.42ms, mfu 45.45%
iter 660: loss 1.2630, time 39.20ms, mfu 45.66%
iter 670: loss 1.2608, time 39.39ms, mfu 45.82%
iter 680: loss 1.2724, time 29.67ms, mfu 47.52%
iter 690: loss 1.2618, time 40.00ms, mfu 47.42%
iter 700: loss 1.2408, time 106.85ms, mfu 44.43%
iter 710: loss 1.2366, time 39.00ms, mfu 44.76%
iter 720: loss 1.2386, time 28.79ms, mfu 46.76%
iter 730: loss 1.2263, time 39.14ms, mfu 46.84%
iter 740: loss 1.2189, time 39.62ms, mfu 46.86%
step 750: train loss 1.1234, val loss 1.4715
saving checkpoint to out-scale_g1_s5.0_bs320_lr0.005
iter 750: loss 1.2206, time 10090.95ms, mfu 42.19%
iter 760: loss 1.2238, time 39.29ms, mfu 42.71%
iter 770: loss 1.2037, time 39.79ms, mfu 43.13%
iter 780: loss 1.1850, time 33.92ms, mfu 44.31%
iter 790: loss 1.2007, time 33.24ms, mfu 45.48%
iter 800: loss 1.1785, time 93.01ms, mfu 42.94%
iter 810: loss 1.1919, time 35.07ms, mfu 43.95%
iter 820: loss 1.1846, time 32.53ms, mfu 45.29%
iter 830: loss 1.1843, time 32.69ms, mfu 46.46%
iter 840: loss 1.1763, time 32.25ms, mfu 47.59%
iter 850: loss 1.1652, time 32.91ms, mfu 48.49%
iter 860: loss 1.1514, time 31.94ms, mfu 49.48%
iter 870: loss 1.1457, time 39.31ms, mfu 49.27%
iter 880: loss 1.1511, time 39.75ms, mfu 49.03%
iter 890: loss 1.1545, time 39.67ms, mfu 48.82%
iter 900: loss 1.1479, time 103.98ms, mfu 45.73%
iter 910: loss 1.1262, time 38.90ms, mfu 45.95%
iter 920: loss 1.1214, time 39.31ms, mfu 46.09%
iter 930: loss 1.1416, time 38.99ms, mfu 46.26%
iter 940: loss 1.1229, time 39.67ms, mfu 46.33%
iter 950: loss 1.1167, time 39.54ms, mfu 46.41%
iter 960: loss 1.1195, time 39.69ms, mfu 46.46%
iter 970: loss 1.1030, time 40.07ms, mfu 46.47%
iter 980: loss 1.0936, time 39.36ms, mfu 46.55%
iter 990: loss 1.0977, time 38.92ms, mfu 46.69%
step 1000: train loss 0.9687, val loss 1.4962
iter 1000: loss 1.0857, time 10558.57ms, mfu 42.03%
iter 1010: loss 1.0829, time 40.04ms, mfu 42.48%
iter 1020: loss 1.0893, time 39.57ms, mfu 42.94%
iter 1030: loss 1.0616, time 38.84ms, mfu 43.45%
iter 1040: loss 1.0743, time 39.92ms, mfu 43.77%
iter 1050: loss 1.0597, time 31.14ms, mfu 45.38%
iter 1060: loss 1.0627, time 33.52ms, mfu 46.40%
iter 1070: loss 1.0631, time 34.46ms, mfu 47.16%
iter 1080: loss 1.0510, time 32.87ms, mfu 48.12%
iter 1090: loss 1.0307, time 33.08ms, mfu 48.94%
iter 1100: loss 1.0499, time 101.88ms, mfu 45.87%
iter 1110: loss 1.0319, time 36.50ms, mfu 46.39%
iter 1120: loss 1.0328, time 37.17ms, mfu 46.76%
iter 1130: loss 1.0302, time 32.27ms, mfu 47.86%
iter 1140: loss 1.0235, time 34.79ms, mfu 48.43%
iter 1150: loss 1.0218, time 35.07ms, mfu 48.90%
iter 1160: loss 1.0133, time 32.49ms, mfu 49.74%
iter 1170: loss 1.0058, time 34.01ms, mfu 50.25%
iter 1180: loss 1.0043, time 35.04ms, mfu 50.54%
iter 1190: loss 0.9989, time 38.52ms, mfu 50.32%
iter 1200: loss 1.0026, time 106.42ms, mfu 47.04%
iter 1210: loss 0.9871, time 39.90ms, mfu 47.01%
iter 1220: loss 0.9893, time 40.09ms, mfu 46.95%
iter 1230: loss 0.9856, time 38.61ms, mfu 47.08%
iter 1240: loss 0.9785, time 39.18ms, mfu 47.13%
step 1250: train loss 0.8167, val loss 1.5836
iter 1250: loss 0.9810, time 9828.25ms, mfu 42.44%
iter 1260: loss 0.9696, time 32.34ms, mfu 43.95%
iter 1270: loss 0.9524, time 32.39ms, mfu 45.31%
iter 1280: loss 0.9658, time 34.01ms, mfu 46.26%
iter 1290: loss 0.9671, time 33.53ms, mfu 47.19%
iter 1300: loss 0.9634, time 95.11ms, mfu 44.43%
iter 1310: loss 0.9705, time 34.31ms, mfu 45.42%
iter 1320: loss 0.9427, time 32.06ms, mfu 46.69%
iter 1330: loss 0.9309, time 33.83ms, mfu 47.52%
iter 1340: loss 0.9343, time 33.42ms, mfu 48.35%
iter 1350: loss 0.9369, time 38.80ms, mfu 48.31%
iter 1360: loss 0.9296, time 39.31ms, mfu 48.22%
iter 1370: loss 0.9234, time 39.10ms, mfu 48.16%
iter 1380: loss 0.9150, time 39.08ms, mfu 48.12%
iter 1390: loss 0.9066, time 32.09ms, mfu 49.11%
iter 1400: loss 0.9123, time 96.62ms, mfu 46.13%
iter 1410: loss 0.9075, time 35.29ms, mfu 46.79%
iter 1420: loss 0.9097, time 35.33ms, mfu 47.39%
iter 1430: loss 0.9023, time 34.76ms, mfu 48.01%
iter 1440: loss 0.8954, time 34.16ms, mfu 48.66%
iter 1450: loss 0.8785, time 39.15ms, mfu 48.55%
iter 1460: loss 0.8881, time 30.10ms, mfu 49.89%
iter 1470: loss 0.8822, time 39.42ms, mfu 49.63%
iter 1480: loss 0.8775, time 34.34ms, mfu 50.09%
iter 1490: loss 0.8752, time 34.12ms, mfu 50.54%
step 1500: train loss 0.6698, val loss 1.6783
iter 1500: loss 0.8678, time 9902.87ms, mfu 45.50%
iter 1510: loss 0.8633, time 34.29ms, mfu 46.39%
iter 1520: loss 0.8507, time 33.46ms, mfu 47.32%
iter 1530: loss 0.8478, time 33.89ms, mfu 48.08%
iter 1540: loss 0.8463, time 33.08ms, mfu 48.91%
iter 1550: loss 0.8476, time 32.78ms, mfu 49.70%
iter 1560: loss 0.8375, time 34.42ms, mfu 50.14%
iter 1570: loss 0.8466, time 34.09ms, mfu 50.59%
iter 1580: loss 0.8468, time 33.32ms, mfu 51.13%
iter 1590: loss 0.8365, time 35.22ms, mfu 51.30%
iter 1600: loss 0.8170, time 100.31ms, mfu 48.03%
iter 1610: loss 0.8262, time 40.14ms, mfu 47.87%
iter 1620: loss 0.8229, time 40.11ms, mfu 47.73%
iter 1630: loss 0.8170, time 39.55ms, mfu 47.67%
iter 1640: loss 0.8085, time 39.80ms, mfu 47.58%
iter 1650: loss 0.8052, time 39.50ms, mfu 47.54%
iter 1660: loss 0.7958, time 39.62ms, mfu 47.49%
iter 1670: loss 0.7999, time 39.38ms, mfu 47.47%
iter 1680: loss 0.8062, time 39.77ms, mfu 47.41%
iter 1690: loss 0.7937, time 39.36ms, mfu 47.40%
iter 1700: loss 0.7839, time 107.83ms, mfu 44.39%
iter 1710: loss 0.7842, time 33.95ms, mfu 45.44%
iter 1720: loss 0.7848, time 40.30ms, mfu 45.52%
iter 1730: loss 0.7693, time 39.49ms, mfu 45.68%
iter 1740: loss 0.7850, time 30.45ms, mfu 47.23%
step 1750: train loss 0.5369, val loss 1.8228
iter 1750: loss 0.7662, time 9783.76ms, mfu 42.53%
iter 1760: loss 0.7662, time 36.78ms, mfu 43.34%
iter 1770: loss 0.7612, time 36.62ms, mfu 44.10%
iter 1780: loss 0.7620, time 38.67ms, mfu 44.50%
iter 1790: loss 0.7673, time 39.61ms, mfu 44.76%
iter 1800: loss 0.7491, time 101.21ms, mfu 42.12%
iter 1810: loss 0.7534, time 32.02ms, mfu 43.73%
iter 1820: loss 0.7328, time 33.50ms, mfu 44.92%
iter 1830: loss 0.7360, time 33.58ms, mfu 45.97%
iter 1840: loss 0.7434, time 33.93ms, mfu 46.87%
iter 1850: loss 0.7201, time 34.03ms, mfu 47.65%
iter 1860: loss 0.7256, time 33.45ms, mfu 48.46%
iter 1870: loss 0.7361, time 32.02ms, mfu 49.43%
iter 1880: loss 0.7299, time 33.35ms, mfu 50.07%
iter 1890: loss 0.7145, time 34.31ms, mfu 50.50%
iter 1900: loss 0.7123, time 99.51ms, mfu 47.32%
iter 1910: loss 0.7164, time 40.16ms, mfu 47.23%
iter 1920: loss 0.7035, time 39.57ms, mfu 47.21%
iter 1930: loss 0.7034, time 39.66ms, mfu 47.19%
iter 1940: loss 0.7019, time 39.43ms, mfu 47.20%
iter 1950: loss 0.7038, time 39.66ms, mfu 47.17%
iter 1960: loss 0.6951, time 37.53ms, mfu 47.42%
iter 1970: loss 0.6844, time 33.49ms, mfu 48.24%
iter 1980: loss 0.6924, time 33.98ms, mfu 48.90%
iter 1990: loss 0.6853, time 33.74ms, mfu 49.53%
step 2000: train loss 0.4288, val loss 1.9076
iter 2000: loss 0.6965, time 9788.00ms, mfu 44.60%
iter 2010: loss 0.6903, time 33.83ms, mfu 45.65%
iter 2020: loss 0.6782, time 39.95ms, mfu 45.75%
iter 2030: loss 0.6870, time 40.22ms, mfu 45.80%
iter 2040: loss 0.6855, time 38.67ms, mfu 46.04%
iter 2050: loss 0.6707, time 31.49ms, mfu 47.35%
iter 2060: loss 0.6721, time 33.48ms, mfu 48.18%
iter 2070: loss 0.6548, time 32.44ms, mfu 49.11%
iter 2080: loss 0.6603, time 32.10ms, mfu 50.00%
iter 2090: loss 0.6489, time 39.23ms, mfu 49.75%
iter 2100: loss 0.6625, time 107.61ms, mfu 46.51%
iter 2110: loss 0.6487, time 40.26ms, mfu 46.48%
iter 2120: loss 0.6448, time 40.10ms, mfu 46.48%
iter 2130: loss 0.6437, time 39.58ms, mfu 46.54%
iter 2140: loss 0.6495, time 39.80ms, mfu 46.57%
iter 2150: loss 0.6322, time 39.39ms, mfu 46.64%
iter 2160: loss 0.6457, time 40.70ms, mfu 46.55%
iter 2170: loss 0.6403, time 34.91ms, mfu 47.23%
iter 2180: loss 0.6311, time 33.33ms, mfu 48.10%
iter 2190: loss 0.6279, time 34.55ms, mfu 48.68%
iter 2200: loss 0.6259, time 109.96ms, mfu 45.51%
iter 2210: loss 0.6220, time 38.73ms, mfu 45.77%
iter 2220: loss 0.6285, time 35.18ms, mfu 46.49%
iter 2230: loss 0.6163, time 34.69ms, mfu 47.21%
iter 2240: loss 0.6185, time 39.16ms, mfu 47.25%
step 2250: train loss 0.3410, val loss 2.0381
iter 2250: loss 0.6182, time 9964.48ms, mfu 42.54%
iter 2260: loss 0.6106, time 40.02ms, mfu 42.94%
iter 2270: loss 0.5969, time 39.82ms, mfu 43.33%
iter 2280: loss 0.6025, time 39.18ms, mfu 43.75%
iter 2290: loss 0.6089, time 39.03ms, mfu 44.15%
iter 2300: loss 0.5959, time 108.78ms, mfu 41.45%
iter 2310: loss 0.5903, time 39.72ms, mfu 41.99%
iter 2320: loss 0.5987, time 40.44ms, mfu 42.40%
iter 2330: loss 0.5854, time 39.33ms, mfu 42.90%
iter 2340: loss 0.5903, time 36.58ms, mfu 43.70%
iter 2350: loss 0.5848, time 34.83ms, mfu 44.68%
iter 2360: loss 0.5813, time 34.86ms, mfu 45.56%
iter 2370: loss 0.5818, time 35.00ms, mfu 46.32%
iter 2380: loss 0.5880, time 36.27ms, mfu 46.83%
iter 2390: loss 0.5775, time 36.37ms, mfu 47.27%
iter 2400: loss 0.5668, time 106.47ms, mfu 44.29%
iter 2410: loss 0.5721, time 39.43ms, mfu 44.59%
iter 2420: loss 0.5681, time 38.83ms, mfu 44.93%
iter 2430: loss 0.5604, time 38.98ms, mfu 45.21%
iter 2440: loss 0.5643, time 38.98ms, mfu 45.47%
iter 2450: loss 0.5635, time 39.20ms, mfu 45.68%
iter 2460: loss 0.5487, time 39.47ms, mfu 45.83%
iter 2470: loss 0.5554, time 39.58ms, mfu 45.95%
iter 2480: loss 0.5586, time 33.56ms, mfu 46.91%
iter 2490: loss 0.5455, time 33.35ms, mfu 47.81%
step 2500: train loss 0.2706, val loss 2.1597
iter 2500: loss 0.5540, time 9936.17ms, mfu 43.04%
iter 2510: loss 0.5456, time 36.11ms, mfu 43.90%
iter 2520: loss 0.5492, time 31.68ms, mfu 45.39%
iter 2530: loss 0.5474, time 39.40ms, mfu 45.58%
iter 2540: loss 0.5461, time 39.42ms, mfu 45.75%
iter 2550: loss 0.5352, time 39.42ms, mfu 45.90%
iter 2560: loss 0.5309, time 34.04ms, mfu 46.78%
iter 2570: loss 0.5286, time 34.83ms, mfu 47.45%
iter 2580: loss 0.5374, time 30.67ms, mfu 48.78%
iter 2590: loss 0.5298, time 39.41ms, mfu 48.63%
iter 2600: loss 0.5317, time 107.54ms, mfu 45.50%
iter 2610: loss 0.5269, time 38.14ms, mfu 45.84%
iter 2620: loss 0.5246, time 39.63ms, mfu 45.95%
iter 2630: loss 0.5249, time 39.82ms, mfu 46.04%
iter 2640: loss 0.5166, time 39.61ms, mfu 46.14%
iter 2650: loss 0.5295, time 39.55ms, mfu 46.23%
iter 2660: loss 0.5126, time 38.79ms, mfu 46.41%
iter 2670: loss 0.5107, time 39.59ms, mfu 46.48%
iter 2680: loss 0.5127, time 38.44ms, mfu 46.68%
iter 2690: loss 0.4968, time 31.99ms, mfu 47.83%
iter 2700: loss 0.5129, time 104.82ms, mfu 44.83%
iter 2710: loss 0.5074, time 40.08ms, mfu 44.99%
iter 2720: loss 0.5064, time 38.97ms, mfu 45.28%
iter 2730: loss 0.4979, time 39.75ms, mfu 45.43%
iter 2740: loss 0.5009, time 39.52ms, mfu 45.60%
step 2750: train loss 0.2197, val loss 2.2589
iter 2750: loss 0.5000, time 10040.24ms, mfu 41.06%
iter 2760: loss 0.4880, time 39.32ms, mfu 41.69%
iter 2770: loss 0.4907, time 36.73ms, mfu 42.60%
iter 2780: loss 0.4910, time 33.22ms, mfu 43.95%
iter 2790: loss 0.4914, time 36.81ms, mfu 44.61%
iter 2800: loss 0.4856, time 92.64ms, mfu 42.16%
iter 2810: loss 0.4813, time 39.90ms, mfu 42.62%
iter 2820: loss 0.4859, time 40.14ms, mfu 43.00%
iter 2830: loss 0.4834, time 39.73ms, mfu 43.39%
iter 2840: loss 0.4828, time 38.93ms, mfu 43.83%
iter 2850: loss 0.4756, time 38.77ms, mfu 44.26%
iter 2860: loss 0.4822, time 37.70ms, mfu 44.77%
iter 2870: loss 0.4645, time 38.80ms, mfu 45.10%
iter 2880: loss 0.4747, time 39.86ms, mfu 45.26%
iter 2890: loss 0.4709, time 39.10ms, mfu 45.50%
iter 2900: loss 0.4629, time 83.01ms, mfu 43.19%
iter 2910: loss 0.4674, time 32.85ms, mfu 44.55%
iter 2920: loss 0.4645, time 34.18ms, mfu 45.54%
iter 2930: loss 0.4600, time 33.15ms, mfu 46.61%
iter 2940: loss 0.4575, time 34.61ms, mfu 47.33%
iter 2950: loss 0.4677, time 32.86ms, mfu 48.27%
iter 2960: loss 0.4483, time 34.43ms, mfu 48.85%
iter 2970: loss 0.4519, time 32.41ms, mfu 49.71%
iter 2980: loss 0.4519, time 31.96ms, mfu 50.57%
iter 2990: loss 0.4436, time 39.42ms, mfu 50.24%
step 3000: train loss 0.1789, val loss 2.3694
iter 3000: loss 0.4451, time 9847.50ms, mfu 45.24%
iter 3010: loss 0.4447, time 32.53ms, mfu 46.44%
iter 3020: loss 0.4455, time 32.88ms, mfu 47.46%
iter 3030: loss 0.4492, time 35.70ms, mfu 47.94%
iter 3040: loss 0.4321, time 35.01ms, mfu 48.46%
iter 3050: loss 0.4472, time 34.62ms, mfu 49.00%
iter 3060: loss 0.4377, time 35.26ms, mfu 49.38%
iter 3070: loss 0.4357, time 33.00ms, mfu 50.09%
iter 3080: loss 0.4317, time 31.59ms, mfu 50.98%
iter 3090: loss 0.4337, time 34.09ms, mfu 51.35%
iter 3100: loss 0.4379, time 105.44ms, mfu 47.98%
iter 3110: loss 0.4264, time 34.05ms, mfu 48.65%
iter 3120: loss 0.4321, time 32.83ms, mfu 49.46%
iter 3130: loss 0.4285, time 32.36ms, mfu 50.28%
iter 3140: loss 0.4211, time 32.31ms, mfu 51.02%
iter 3150: loss 0.4233, time 31.85ms, mfu 51.76%
iter 3160: loss 0.4225, time 32.77ms, mfu 52.27%
iter 3170: loss 0.4163, time 38.89ms, mfu 51.84%
iter 3180: loss 0.4257, time 36.88ms, mfu 51.70%
iter 3190: loss 0.4124, time 34.34ms, mfu 51.96%
iter 3200: loss 0.4152, time 104.35ms, mfu 48.55%
iter 3210: loss 0.4059, time 40.26ms, mfu 48.32%
iter 3220: loss 0.4187, time 30.80ms, mfu 49.54%
iter 3230: loss 0.4063, time 33.17ms, mfu 50.20%
iter 3240: loss 0.4056, time 33.96ms, mfu 50.67%
step 3250: train loss 0.1512, val loss 2.4709
iter 3250: loss 0.4162, time 9894.32ms, mfu 45.62%
iter 3260: loss 0.4039, time 39.01ms, mfu 45.83%
iter 3270: loss 0.4048, time 39.47ms, mfu 45.97%
iter 3280: loss 0.4006, time 40.32ms, mfu 45.99%
iter 3290: loss 0.4021, time 39.41ms, mfu 46.12%
iter 3300: loss 0.4022, time 104.81ms, mfu 43.29%
iter 3310: loss 0.3934, time 39.57ms, mfu 43.67%
iter 3320: loss 0.3974, time 39.60ms, mfu 44.01%
iter 3330: loss 0.4005, time 39.57ms, mfu 44.31%
iter 3340: loss 0.3949, time 40.37ms, mfu 44.50%
iter 3350: loss 0.3937, time 39.72ms, mfu 44.74%
iter 3360: loss 0.3943, time 48.78ms, mfu 44.08%
iter 3370: loss 0.3977, time 39.60ms, mfu 44.38%
iter 3380: loss 0.3939, time 40.06ms, mfu 44.59%
iter 3390: loss 0.3920, time 33.25ms, mfu 45.74%
iter 3400: loss 0.3903, time 100.84ms, mfu 43.01%
iter 3410: loss 0.3878, time 39.62ms, mfu 43.41%
iter 3420: loss 0.3815, time 39.34ms, mfu 43.81%
iter 3430: loss 0.3788, time 39.36ms, mfu 44.16%
iter 3440: loss 0.3842, time 39.44ms, mfu 44.47%
iter 3450: loss 0.3764, time 39.84ms, mfu 44.70%
iter 3460: loss 0.3782, time 40.67ms, mfu 44.81%
iter 3470: loss 0.3698, time 39.79ms, mfu 45.01%
iter 3480: loss 0.3747, time 40.18ms, mfu 45.15%
iter 3490: loss 0.3752, time 34.05ms, mfu 46.10%
step 3500: train loss 0.1316, val loss 2.5651
iter 3500: loss 0.3733, time 9857.46ms, mfu 41.51%
iter 3510: loss 0.3742, time 39.49ms, mfu 42.08%
iter 3520: loss 0.3768, time 39.82ms, mfu 42.55%
iter 3530: loss 0.3683, time 39.03ms, mfu 43.07%
iter 3540: loss 0.3674, time 39.46ms, mfu 43.48%
iter 3550: loss 0.3667, time 39.86ms, mfu 43.81%
iter 3560: loss 0.3639, time 39.50ms, mfu 44.14%
iter 3570: loss 0.3634, time 34.62ms, mfu 45.11%
iter 3580: loss 0.3615, time 32.33ms, mfu 46.36%
iter 3590: loss 0.3581, time 39.51ms, mfu 46.44%
iter 3600: loss 0.3635, time 106.95ms, mfu 43.54%
iter 3610: loss 0.3636, time 40.01ms, mfu 43.84%
iter 3620: loss 0.3597, time 39.92ms, mfu 44.13%
iter 3630: loss 0.3590, time 33.31ms, mfu 45.31%
iter 3640: loss 0.3554, time 31.29ms, mfu 46.73%
iter 3650: loss 0.3589, time 39.63ms, mfu 46.76%
iter 3660: loss 0.3533, time 39.01ms, mfu 46.86%
iter 3670: loss 0.3488, time 39.54ms, mfu 46.88%
iter 3680: loss 0.3462, time 39.57ms, mfu 46.90%
iter 3690: loss 0.3571, time 39.33ms, mfu 46.95%
iter 3700: loss 0.3506, time 104.80ms, mfu 44.03%
iter 3710: loss 0.3489, time 38.98ms, mfu 44.41%
iter 3720: loss 0.3460, time 39.38ms, mfu 44.70%
iter 3730: loss 0.3438, time 39.29ms, mfu 44.97%
iter 3740: loss 0.3383, time 39.72ms, mfu 45.17%
step 3750: train loss 0.1173, val loss 2.6610
iter 3750: loss 0.3441, time 9908.28ms, mfu 40.67%
iter 3760: loss 0.3458, time 39.74ms, mfu 41.29%
iter 3770: loss 0.3378, time 34.66ms, mfu 42.54%
iter 3780: loss 0.3394, time 39.02ms, mfu 43.06%
iter 3790: loss 0.3364, time 36.09ms, mfu 43.91%
iter 3800: loss 0.3373, time 101.36ms, mfu 41.36%
iter 3810: loss 0.3407, time 36.50ms, mfu 42.33%
iter 3820: loss 0.3358, time 40.36ms, mfu 42.71%
iter 3830: loss 0.3318, time 32.76ms, mfu 44.13%
iter 3840: loss 0.3326, time 33.74ms, mfu 45.24%
iter 3850: loss 0.3366, time 40.51ms, mfu 45.31%
iter 3860: loss 0.3338, time 38.80ms, mfu 45.58%
iter 3870: loss 0.3292, time 39.86ms, mfu 45.70%
iter 3880: loss 0.3267, time 33.53ms, mfu 46.69%
iter 3890: loss 0.3224, time 31.85ms, mfu 47.87%
iter 3900: loss 0.3325, time 106.95ms, mfu 44.82%
iter 3910: loss 0.3237, time 39.11ms, mfu 45.10%
iter 3920: loss 0.3233, time 39.23ms, mfu 45.34%
iter 3930: loss 0.3331, time 39.48ms, mfu 45.53%
iter 3940: loss 0.3215, time 39.18ms, mfu 45.73%
iter 3950: loss 0.3204, time 40.15ms, mfu 45.80%
iter 3960: loss 0.3148, time 38.33ms, mfu 46.08%
iter 3970: loss 0.3240, time 30.00ms, mfu 47.68%
iter 3980: loss 0.3189, time 39.38ms, mfu 47.64%
iter 3990: loss 0.3179, time 39.67ms, mfu 47.58%
step 4000: train loss 0.1086, val loss 2.7471
iter 4000: loss 0.3194, time 9800.99ms, mfu 42.84%
iter 4010: loss 0.3247, time 39.02ms, mfu 43.33%
iter 4020: loss 0.3238, time 38.86ms, mfu 43.79%
iter 4030: loss 0.3159, time 40.00ms, mfu 44.07%
iter 4040: loss 0.3226, time 39.87ms, mfu 44.33%
iter 4050: loss 0.3179, time 39.64ms, mfu 44.60%
iter 4060: loss 0.3146, time 39.05ms, mfu 44.91%
iter 4070: loss 0.3107, time 39.13ms, mfu 45.18%
iter 4080: loss 0.3181, time 39.82ms, mfu 45.34%
iter 4090: loss 0.3135, time 39.10ms, mfu 45.57%
iter 4100: loss 0.3114, time 105.22ms, mfu 42.79%
iter 4110: loss 0.3092, time 26.80ms, mfu 45.46%
iter 4120: loss 0.3095, time 39.41ms, mfu 45.64%
iter 4130: loss 0.3084, time 40.03ms, mfu 45.73%
iter 4140: loss 0.3101, time 39.91ms, mfu 45.83%
iter 4150: loss 0.3060, time 39.78ms, mfu 45.93%
iter 4160: loss 0.3060, time 39.41ms, mfu 46.06%
iter 4170: loss 0.3084, time 39.31ms, mfu 46.19%
iter 4180: loss 0.3085, time 39.74ms, mfu 46.26%
iter 4190: loss 0.3082, time 39.52ms, mfu 46.35%
iter 4200: loss 0.2996, time 104.60ms, mfu 43.50%
iter 4210: loss 0.3006, time 39.46ms, mfu 43.87%
iter 4220: loss 0.3011, time 39.05ms, mfu 44.25%
iter 4230: loss 0.3031, time 39.11ms, mfu 44.59%
iter 4240: loss 0.2999, time 39.28ms, mfu 44.88%
step 4250: train loss 0.1027, val loss 2.7996
iter 4250: loss 0.3053, time 9694.46ms, mfu 40.41%
iter 4260: loss 0.3055, time 40.06ms, mfu 41.02%
iter 4270: loss 0.3032, time 36.81ms, mfu 41.98%
iter 4280: loss 0.2950, time 39.98ms, mfu 42.44%
iter 4290: loss 0.3015, time 39.26ms, mfu 42.94%
iter 4300: loss 0.2988, time 107.28ms, mfu 40.39%
iter 4310: loss 0.3020, time 39.65ms, mfu 41.05%
iter 4320: loss 0.2954, time 39.20ms, mfu 41.69%
iter 4330: loss 0.3031, time 39.27ms, mfu 42.27%
iter 4340: loss 0.2883, time 39.58ms, mfu 42.75%
iter 4350: loss 0.3005, time 39.89ms, mfu 43.15%
iter 4360: loss 0.2886, time 40.23ms, mfu 43.46%
iter 4370: loss 0.2966, time 39.43ms, mfu 43.84%
iter 4380: loss 0.2950, time 39.45ms, mfu 44.18%
iter 4390: loss 0.2993, time 39.55ms, mfu 44.47%
iter 4400: loss 0.2946, time 104.74ms, mfu 41.80%
iter 4410: loss 0.2893, time 39.06ms, mfu 42.39%
iter 4420: loss 0.2874, time 38.91ms, mfu 42.94%
iter 4430: loss 0.2941, time 39.40ms, mfu 43.38%
iter 4440: loss 0.2909, time 39.44ms, mfu 43.76%
iter 4450: loss 0.2870, time 39.91ms, mfu 44.05%
iter 4460: loss 0.2911, time 39.62ms, mfu 44.35%
iter 4470: loss 0.2867, time 39.90ms, mfu 44.59%
iter 4480: loss 0.2875, time 39.79ms, mfu 44.81%
iter 4490: loss 0.2839, time 39.66ms, mfu 45.03%
step 4500: train loss 0.0992, val loss 2.8481
iter 4500: loss 0.2849, time 9650.61ms, mfu 40.54%
iter 4510: loss 0.2873, time 36.20ms, mfu 41.63%
iter 4520: loss 0.2913, time 39.66ms, mfu 42.17%
iter 4530: loss 0.2868, time 39.42ms, mfu 42.68%
iter 4540: loss 0.2824, time 39.54ms, mfu 43.12%
iter 4550: loss 0.2868, time 39.42ms, mfu 43.54%
iter 4560: loss 0.2837, time 39.72ms, mfu 43.87%
iter 4570: loss 0.2876, time 39.55ms, mfu 44.20%
iter 4580: loss 0.2877, time 39.56ms, mfu 44.49%
iter 4590: loss 0.2866, time 39.37ms, mfu 44.77%
iter 4600: loss 0.2874, time 106.85ms, mfu 42.04%
iter 4610: loss 0.2854, time 39.32ms, mfu 42.57%
iter 4620: loss 0.2840, time 39.31ms, mfu 43.06%
iter 4630: loss 0.2824, time 39.87ms, mfu 43.42%
iter 4640: loss 0.2839, time 39.80ms, mfu 43.76%
iter 4650: loss 0.2806, time 39.11ms, mfu 44.15%
iter 4660: loss 0.2824, time 33.06ms, mfu 45.37%
iter 4670: loss 0.2842, time 32.23ms, mfu 46.61%
iter 4680: loss 0.2810, time 36.52ms, mfu 47.05%
iter 4690: loss 0.2800, time 36.55ms, mfu 47.45%
iter 4700: loss 0.2807, time 103.84ms, mfu 44.50%
iter 4710: loss 0.2809, time 40.29ms, mfu 44.67%
iter 4720: loss 0.2775, time 39.78ms, mfu 44.89%
iter 4730: loss 0.2825, time 39.05ms, mfu 45.17%
iter 4740: loss 0.2783, time 39.95ms, mfu 45.32%
step 4750: train loss 0.0970, val loss 2.8785
iter 4750: loss 0.2789, time 9598.76ms, mfu 40.80%
iter 4760: loss 0.2814, time 33.50ms, mfu 42.29%
iter 4770: loss 0.2747, time 31.80ms, mfu 43.92%
iter 4780: loss 0.2785, time 35.06ms, mfu 44.84%
iter 4790: loss 0.2827, time 31.59ms, mfu 46.25%
iter 4800: loss 0.2805, time 93.89ms, mfu 43.61%
iter 4810: loss 0.2805, time 33.01ms, mfu 44.89%
iter 4820: loss 0.2749, time 32.55ms, mfu 46.13%
iter 4830: loss 0.2776, time 35.00ms, mfu 46.84%
iter 4840: loss 0.2781, time 32.32ms, mfu 47.92%
iter 4850: loss 0.2723, time 37.31ms, mfu 48.12%
iter 4860: loss 0.2746, time 35.14ms, mfu 48.61%
iter 4870: loss 0.2750, time 30.67ms, mfu 49.82%
iter 4880: loss 0.2805, time 32.54ms, mfu 50.57%
iter 4890: loss 0.2720, time 39.49ms, mfu 50.23%
iter 4900: loss 0.2726, time 105.70ms, mfu 46.97%
iter 4910: loss 0.2766, time 39.46ms, mfu 46.99%
iter 4920: loss 0.2803, time 39.09ms, mfu 47.06%
iter 4930: loss 0.2752, time 39.36ms, mfu 47.09%
iter 4940: loss 0.2763, time 39.33ms, mfu 47.11%
iter 4950: loss 0.2780, time 38.89ms, mfu 47.19%
iter 4960: loss 0.2779, time 39.51ms, mfu 47.19%
iter 4970: loss 0.2769, time 39.76ms, mfu 47.16%
iter 4980: loss 0.2716, time 30.60ms, mfu 48.53%
iter 4990: loss 0.2753, time 34.84ms, mfu 49.03%
step 5000: train loss 0.0962, val loss 2.9094
iter 5000: loss 0.2730, time 9681.80ms, mfu 44.14%
