Overriding config with config/train_shakespeare_char_4u_no_warmup.py:
Overriding: csv_path = runs/losses_4u_no_warmup.csv
Overriding config with config/train_shakespeare_char_4u_no_warmup.py:
Overriding: csv_path = runs/losses_4u_no_warmup.csv
tokens per iteration will be: 16,384
effective global batch size (sequences) will be: 64
found vocab_size = 65 (inside data/shakespeare_char/meta.pkl)
Initializing a new model from scratch
Overriding config with config/train_shakespeare_char_4u_no_warmup.py:
Overriding: csv_path = runs/losses_4u_no_warmup.csv
Overriding config with config/train_shakespeare_char_4u_no_warmup.py:
Overriding: csv_path = runs/losses_4u_no_warmup.csv
number of parameters: 10.65M
tokens per iteration will be: 16,384
effective global batch size (sequences) will be: 64
found vocab_size = 65 (inside data/shakespeare_char/meta.pkl)
Initializing a new model from scratch
number of parameters: 10.65M
num decayed parameter tensors: 26, with 10,740,096 parameters
num non-decayed parameter tensors: 13, with 4,992 parameters
tokens per iteration will be: 16,384
effective global batch size (sequences) will be: 64
found vocab_size = 65 (inside data/shakespeare_char/meta.pkl)
Initializing a new model from scratch
tokens per iteration will be: 16,384
effective global batch size (sequences) will be: 64
found vocab_size = 65 (inside data/shakespeare_char/meta.pkl)
Initializing a new model from scratch
num decayed parameter tensors: 26, with 10,740,096 parameters
num non-decayed parameter tensors: 13, with 4,992 parameters
number of parameters: 10.65M
num decayed parameter tensors: 26, with 10,740,096 parameters
num non-decayed parameter tensors: 13, with 4,992 parameters
number of parameters: 10.65M
num decayed parameter tensors: 26, with 10,740,096 parameters
num non-decayed parameter tensors: 13, with 4,992 parameters
using fused AdamW: True
using fused AdamW: True
using fused AdamW: True
using fused AdamW: True
step 0: train loss 4.2883, val loss 4.2812
iter 0: loss 4.2590, time 2608.23ms, mfu -100.00%
iter 10: loss 3.3576, time 12.24ms, mfu 7.61%
iter 20: loss 3.2689, time 11.90ms, mfu 7.63%
iter 30: loss 3.0402, time 11.63ms, mfu 7.67%
iter 40: loss 2.9579, time 11.58ms, mfu 7.71%
iter 50: loss 2.8239, time 11.53ms, mfu 7.75%
iter 60: loss 2.7528, time 11.51ms, mfu 7.78%
iter 70: loss 2.6666, time 11.53ms, mfu 7.81%
iter 80: loss 2.6034, time 11.60ms, mfu 7.83%
iter 90: loss 2.5724, time 11.50ms, mfu 7.86%
iter 100: loss 2.5124, time 16.93ms, mfu 7.62%
iter 110: loss 2.5977, time 11.57ms, mfu 7.67%
iter 120: loss 2.5536, time 11.57ms, mfu 7.70%
iter 130: loss 2.5182, time 11.42ms, mfu 7.75%
iter 140: loss 2.5085, time 11.38ms, mfu 7.79%
iter 150: loss 2.5249, time 11.41ms, mfu 7.83%
iter 160: loss 2.4827, time 11.35ms, mfu 7.87%
iter 170: loss 2.5133, time 11.48ms, mfu 7.89%
iter 180: loss 2.4714, time 11.72ms, mfu 7.90%
iter 190: loss 2.4799, time 11.58ms, mfu 7.91%
iter 200: loss 2.4899, time 17.21ms, mfu 7.66%
iter 210: loss 2.4577, time 11.46ms, mfu 7.71%
iter 220: loss 2.4760, time 11.39ms, mfu 7.76%
iter 230: loss 2.4690, time 11.45ms, mfu 7.79%
iter 240: loss 2.4795, time 11.59ms, mfu 7.82%
step 250: train loss 2.4061, val loss 2.4310
saving checkpoint to out/shakespeare-char-4u-no-warmup
iter 250: loss 2.4278, time 2066.02ms, mfu 7.04%
iter 260: loss 2.3958, time 11.53ms, mfu 7.14%
iter 270: loss 2.4425, time 11.62ms, mfu 7.23%
iter 280: loss 2.3880, time 11.36ms, mfu 7.33%
iter 290: loss 2.3807, time 11.47ms, mfu 7.41%
iter 300: loss 2.4240, time 16.87ms, mfu 7.22%
iter 310: loss 2.3526, time 11.63ms, mfu 7.30%
iter 320: loss 2.3355, time 11.36ms, mfu 7.39%
iter 330: loss 2.3415, time 11.50ms, mfu 7.46%
iter 340: loss 2.3155, time 11.39ms, mfu 7.53%
iter 350: loss 2.3535, time 11.48ms, mfu 7.59%
iter 360: loss 2.3046, time 11.70ms, mfu 7.63%
iter 370: loss 2.2771, time 11.42ms, mfu 7.68%
iter 380: loss 2.2516, time 11.41ms, mfu 7.73%
iter 390: loss 2.2068, time 11.56ms, mfu 7.76%
iter 400: loss 2.1849, time 12.96ms, mfu 7.70%
iter 410: loss 2.2892, time 11.40ms, mfu 7.75%
iter 420: loss 2.1978, time 11.53ms, mfu 7.78%
iter 430: loss 2.1603, time 11.49ms, mfu 7.82%
iter 440: loss 2.1594, time 11.46ms, mfu 7.85%
iter 450: loss 2.1144, time 11.51ms, mfu 7.87%
iter 460: loss 2.1957, time 11.65ms, mfu 7.88%
iter 470: loss 2.0873, time 11.34ms, mfu 7.92%
iter 480: loss 2.0759, time 11.40ms, mfu 7.94%
iter 490: loss 2.1016, time 11.66ms, mfu 7.95%
step 500: train loss 1.9714, val loss 2.0691
saving checkpoint to out/shakespeare-char-4u-no-warmup
iter 500: loss 2.0546, time 1973.19ms, mfu 7.16%
iter 510: loss 2.0517, time 11.44ms, mfu 7.26%
iter 520: loss 2.0350, time 11.76ms, mfu 7.32%
iter 530: loss 1.9711, time 11.64ms, mfu 7.39%
iter 540: loss 1.9191, time 11.73ms, mfu 7.45%
iter 550: loss 2.0109, time 11.43ms, mfu 7.52%
iter 560: loss 1.9818, time 11.41ms, mfu 7.58%
iter 570: loss 1.9960, time 11.61ms, mfu 7.62%
iter 580: loss 1.9249, time 11.68ms, mfu 7.66%
iter 590: loss 1.8704, time 11.77ms, mfu 7.69%
iter 600: loss 1.8939, time 16.77ms, mfu 7.47%
iter 610: loss 1.9153, time 11.45ms, mfu 7.54%
iter 620: loss 1.8920, time 11.52ms, mfu 7.59%
iter 630: loss 1.8233, time 11.46ms, mfu 7.65%
iter 640: loss 1.7977, time 11.48ms, mfu 7.69%
iter 650: loss 1.7133, time 11.47ms, mfu 7.74%
iter 660: loss 1.8055, time 11.48ms, mfu 7.77%
iter 670: loss 1.7880, time 11.45ms, mfu 7.81%
iter 680: loss 1.7668, time 11.25ms, mfu 7.86%
iter 690: loss 1.7067, time 11.44ms, mfu 7.89%
iter 700: loss 1.7578, time 17.78ms, mfu 7.62%
iter 710: loss 1.6769, time 11.24ms, mfu 7.69%
iter 720: loss 1.7593, time 11.58ms, mfu 7.72%
iter 730: loss 1.7071, time 11.60ms, mfu 7.75%
iter 740: loss 1.6202, time 11.73ms, mfu 7.77%
step 750: train loss 1.5837, val loss 1.7702
saving checkpoint to out/shakespeare-char-4u-no-warmup
iter 750: loss 1.7272, time 2069.26ms, mfu 7.00%
iter 760: loss 1.5880, time 11.57ms, mfu 7.11%
iter 770: loss 1.6665, time 11.60ms, mfu 7.20%
iter 780: loss 1.6593, time 11.37ms, mfu 7.30%
iter 790: loss 1.6941, time 11.18ms, mfu 7.40%
iter 800: loss 1.6227, time 14.27ms, mfu 7.31%
iter 810: loss 1.6392, time 11.55ms, mfu 7.39%
iter 820: loss 1.5964, time 11.40ms, mfu 7.47%
iter 830: loss 1.5880, time 11.32ms, mfu 7.54%
iter 840: loss 1.6057, time 11.38ms, mfu 7.61%
iter 850: loss 1.6429, time 11.30ms, mfu 7.67%
iter 860: loss 1.5650, time 11.32ms, mfu 7.73%
iter 870: loss 1.5593, time 11.32ms, mfu 7.78%
iter 880: loss 1.5961, time 11.28ms, mfu 7.83%
iter 890: loss 1.5357, time 11.55ms, mfu 7.85%
iter 900: loss 1.6219, time 16.67ms, mfu 7.62%
iter 910: loss 1.5307, time 11.27ms, mfu 7.69%
iter 920: loss 1.5274, time 11.45ms, mfu 7.73%
iter 930: loss 1.5335, time 11.47ms, mfu 7.77%
iter 940: loss 1.5646, time 11.37ms, mfu 7.81%
iter 950: loss 1.5287, time 11.56ms, mfu 7.84%
iter 960: loss 1.5527, time 11.48ms, mfu 7.87%
iter 970: loss 1.5714, time 11.57ms, mfu 7.88%
iter 980: loss 1.5007, time 11.34ms, mfu 7.92%
iter 990: loss 1.4807, time 11.50ms, mfu 7.94%
step 1000: train loss 1.4291, val loss 1.6349
saving checkpoint to out/shakespeare-char-4u-no-warmup
iter 1000: loss 1.5420, time 2075.49ms, mfu 7.15%
iter 1010: loss 1.5276, time 11.84ms, mfu 7.22%
iter 1020: loss 1.5649, time 11.59ms, mfu 7.30%
iter 1030: loss 1.5107, time 11.66ms, mfu 7.37%
iter 1040: loss 1.4853, time 11.66ms, mfu 7.43%
iter 1050: loss 1.5307, time 11.49ms, mfu 7.50%
iter 1060: loss 1.5380, time 11.40ms, mfu 7.57%
iter 1070: loss 1.5092, time 11.56ms, mfu 7.62%
iter 1080: loss 1.4883, time 11.29ms, mfu 7.68%
iter 1090: loss 1.4625, time 11.56ms, mfu 7.72%
iter 1100: loss 1.4834, time 17.09ms, mfu 7.49%
iter 1110: loss 1.4589, time 11.61ms, mfu 7.54%
iter 1120: loss 1.4096, time 11.76ms, mfu 7.58%
iter 1130: loss 1.4831, time 11.77ms, mfu 7.61%
iter 1140: loss 1.4286, time 11.87ms, mfu 7.64%
iter 1150: loss 1.4652, time 11.95ms, mfu 7.65%
iter 1160: loss 1.4231, time 11.84ms, mfu 7.68%
iter 1170: loss 1.3759, time 11.86ms, mfu 7.69%
iter 1180: loss 1.4081, time 11.91ms, mfu 7.71%
iter 1190: loss 1.4305, time 11.78ms, mfu 7.73%
iter 1200: loss 1.4126, time 13.20ms, mfu 7.66%
iter 1210: loss 1.4907, time 11.82ms, mfu 7.68%
iter 1220: loss 1.3542, time 11.98ms, mfu 7.69%
iter 1230: loss 1.4024, time 11.82ms, mfu 7.71%
iter 1240: loss 1.4151, time 11.89ms, mfu 7.72%
step 1250: train loss 1.3421, val loss 1.5602
saving checkpoint to out/shakespeare-char-4u-no-warmup
iter 1250: loss 1.4419, time 1981.53ms, mfu 6.96%
iter 1260: loss 1.4278, time 11.64ms, mfu 7.06%
iter 1270: loss 1.4035, time 11.56ms, mfu 7.16%
iter 1280: loss 1.3698, time 11.60ms, mfu 7.25%
iter 1290: loss 1.4181, time 11.53ms, mfu 7.33%
iter 1300: loss 1.4287, time 11.74ms, mfu 7.39%
iter 1310: loss 1.3871, time 11.30ms, mfu 7.47%
iter 1320: loss 1.3627, time 11.73ms, mfu 7.52%
iter 1330: loss 1.4403, time 11.46ms, mfu 7.58%
iter 1340: loss 1.3270, time 11.56ms, mfu 7.63%
iter 1350: loss 1.4135, time 11.55ms, mfu 7.67%
iter 1360: loss 1.3753, time 11.53ms, mfu 7.71%
iter 1370: loss 1.4421, time 11.63ms, mfu 7.74%
iter 1380: loss 1.3415, time 11.68ms, mfu 7.77%
iter 1390: loss 1.4486, time 11.50ms, mfu 7.80%
iter 1400: loss 1.3709, time 16.07ms, mfu 7.60%
iter 1410: loss 1.4121, time 11.65ms, mfu 7.64%
iter 1420: loss 1.3502, time 11.73ms, mfu 7.67%
iter 1430: loss 1.3589, time 11.60ms, mfu 7.71%
iter 1440: loss 1.3330, time 11.67ms, mfu 7.73%
iter 1450: loss 1.3316, time 11.68ms, mfu 7.76%
iter 1460: loss 1.3872, time 11.35ms, mfu 7.80%
iter 1470: loss 1.3995, time 11.52ms, mfu 7.83%
iter 1480: loss 1.3983, time 11.62ms, mfu 7.85%
iter 1490: loss 1.3192, time 11.38ms, mfu 7.88%
step 1500: train loss 1.2819, val loss 1.5281
saving checkpoint to out/shakespeare-char-4u-no-warmup
iter 1500: loss 1.3241, time 2098.57ms, mfu 7.10%
iter 1510: loss 1.3384, time 11.56ms, mfu 7.20%
iter 1520: loss 1.3394, time 11.45ms, mfu 7.29%
iter 1530: loss 1.3986, time 11.64ms, mfu 7.36%
iter 1540: loss 1.3512, time 11.49ms, mfu 7.44%
iter 1550: loss 1.4018, time 11.49ms, mfu 7.50%
iter 1560: loss 1.2904, time 11.55ms, mfu 7.56%
iter 1570: loss 1.3618, time 11.67ms, mfu 7.60%
iter 1580: loss 1.3373, time 11.74ms, mfu 7.64%
iter 1590: loss 1.3447, time 11.56ms, mfu 7.68%
iter 1600: loss 1.2910, time 16.79ms, mfu 7.46%
iter 1610: loss 1.3790, time 11.65ms, mfu 7.52%
iter 1620: loss 1.3561, time 11.71ms, mfu 7.56%
iter 1630: loss 1.3535, time 11.68ms, mfu 7.60%
iter 1640: loss 1.3226, time 11.49ms, mfu 7.65%
iter 1650: loss 1.2836, time 11.73ms, mfu 7.68%
iter 1660: loss 1.2991, time 11.60ms, mfu 7.72%
iter 1670: loss 1.2929, time 11.49ms, mfu 7.76%
iter 1680: loss 1.3579, time 11.59ms, mfu 7.78%
iter 1690: loss 1.2617, time 11.43ms, mfu 7.82%
iter 1700: loss 1.2803, time 17.27ms, mfu 7.58%
iter 1710: loss 1.2830, time 11.55ms, mfu 7.63%
iter 1720: loss 1.2744, time 11.44ms, mfu 7.68%
iter 1730: loss 1.2351, time 11.54ms, mfu 7.72%
iter 1740: loss 1.2857, time 11.34ms, mfu 7.77%
step 1750: train loss 1.2309, val loss 1.5012
saving checkpoint to out/shakespeare-char-4u-no-warmup
iter 1750: loss 1.3414, time 2071.73ms, mfu 7.00%
iter 1760: loss 1.2976, time 11.67ms, mfu 7.09%
iter 1770: loss 1.3319, time 11.56ms, mfu 7.19%
iter 1780: loss 1.2792, time 11.82ms, mfu 7.26%
iter 1790: loss 1.3091, time 11.48ms, mfu 7.35%
iter 1800: loss 1.2691, time 11.54ms, mfu 7.42%
iter 1810: loss 1.3306, time 11.34ms, mfu 7.50%
iter 1820: loss 1.3073, time 11.37ms, mfu 7.57%
iter 1830: loss 1.2902, time 11.30ms, mfu 7.63%
iter 1840: loss 1.3031, time 11.54ms, mfu 7.68%
iter 1850: loss 1.2928, time 11.60ms, mfu 7.71%
iter 1860: loss 1.2604, time 11.44ms, mfu 7.76%
iter 1870: loss 1.2840, time 11.50ms, mfu 7.79%
iter 1880: loss 1.3424, time 11.33ms, mfu 7.83%
iter 1890: loss 1.3432, time 11.70ms, mfu 7.85%
iter 1900: loss 1.3464, time 17.57ms, mfu 7.59%
iter 1910: loss 1.3405, time 11.38ms, mfu 7.65%
iter 1920: loss 1.3356, time 11.42ms, mfu 7.70%
iter 1930: loss 1.2360, time 11.69ms, mfu 7.73%
iter 1940: loss 1.2657, time 11.75ms, mfu 7.75%
iter 1950: loss 1.2646, time 11.54ms, mfu 7.78%
iter 1960: loss 1.3021, time 11.52ms, mfu 7.81%
iter 1970: loss 1.2632, time 11.46ms, mfu 7.84%
iter 1980: loss 1.3267, time 11.43ms, mfu 7.87%
iter 1990: loss 1.2407, time 11.50ms, mfu 7.90%
step 2000: train loss 1.1895, val loss 1.4998
saving checkpoint to out/shakespeare-char-4u-no-warmup
iter 2000: loss 1.2299, time 2112.98ms, mfu 7.11%
iter 2010: loss 1.2332, time 11.71ms, mfu 7.20%
iter 2020: loss 1.2462, time 11.48ms, mfu 7.29%
iter 2030: loss 1.2286, time 11.70ms, mfu 7.35%
iter 2040: loss 1.2245, time 11.62ms, mfu 7.42%
iter 2050: loss 1.2621, time 11.42ms, mfu 7.49%
iter 2060: loss 1.3084, time 11.50ms, mfu 7.56%
iter 2070: loss 1.2534, time 11.59ms, mfu 7.60%
iter 2080: loss 1.2501, time 11.55ms, mfu 7.65%
iter 2090: loss 1.2507, time 11.47ms, mfu 7.70%
iter 2100: loss 1.2832, time 17.38ms, mfu 7.46%
iter 2110: loss 1.2532, time 11.61ms, mfu 7.52%
iter 2120: loss 1.2264, time 11.37ms, mfu 7.59%
iter 2130: loss 1.2821, time 11.64ms, mfu 7.63%
iter 2140: loss 1.2526, time 11.88ms, mfu 7.65%
iter 2150: loss 1.3110, time 11.55ms, mfu 7.69%
iter 2160: loss 1.2181, time 11.51ms, mfu 7.73%
iter 2170: loss 1.2502, time 11.83ms, mfu 7.75%
iter 2180: loss 1.2404, time 11.65ms, mfu 7.77%
iter 2190: loss 1.2539, time 11.73ms, mfu 7.79%
iter 2200: loss 1.2359, time 16.90ms, mfu 7.56%
iter 2210: loss 1.2415, time 11.63ms, mfu 7.61%
iter 2220: loss 1.2358, time 11.96ms, mfu 7.62%
iter 2230: loss 1.2686, time 11.66ms, mfu 7.66%
iter 2240: loss 1.2584, time 11.73ms, mfu 7.69%
step 2250: train loss 1.1573, val loss 1.4826
saving checkpoint to out/shakespeare-char-4u-no-warmup
iter 2250: loss 1.2548, time 2126.62ms, mfu 6.92%
iter 2260: loss 1.2460, time 11.65ms, mfu 7.03%
iter 2270: loss 1.2292, time 11.49ms, mfu 7.14%
iter 2280: loss 1.1805, time 11.41ms, mfu 7.24%
iter 2290: loss 1.2502, time 11.64ms, mfu 7.32%
iter 2300: loss 1.2129, time 11.59ms, mfu 7.39%
iter 2310: loss 1.2136, time 11.66ms, mfu 7.45%
iter 2320: loss 1.1939, time 11.46ms, mfu 7.52%
iter 2330: loss 1.2331, time 11.63ms, mfu 7.57%
iter 2340: loss 1.2501, time 11.69ms, mfu 7.61%
iter 2350: loss 1.1935, time 11.57ms, mfu 7.65%
iter 2360: loss 1.1766, time 11.63ms, mfu 7.69%
iter 2370: loss 1.1619, time 11.44ms, mfu 7.73%
iter 2380: loss 1.1680, time 11.77ms, mfu 7.75%
iter 2390: loss 1.2307, time 11.69ms, mfu 7.77%
iter 2400: loss 1.2376, time 16.26ms, mfu 7.57%
iter 2410: loss 1.2455, time 11.49ms, mfu 7.62%
iter 2420: loss 1.2203, time 11.63ms, mfu 7.66%
iter 2430: loss 1.2784, time 11.51ms, mfu 7.70%
iter 2440: loss 1.2256, time 11.31ms, mfu 7.76%
iter 2450: loss 1.2769, time 11.63ms, mfu 7.78%
iter 2460: loss 1.1848, time 11.54ms, mfu 7.81%
iter 2470: loss 1.2497, time 11.44ms, mfu 7.85%
iter 2480: loss 1.2017, time 11.45ms, mfu 7.87%
iter 2490: loss 1.2036, time 11.50ms, mfu 7.90%
step 2500: train loss 1.1203, val loss 1.4713
saving checkpoint to out/shakespeare-char-4u-no-warmup
iter 2500: loss 1.2451, time 1800.66ms, mfu 7.11%
iter 2510: loss 1.1812, time 11.57ms, mfu 7.21%
iter 2520: loss 1.1870, time 11.65ms, mfu 7.29%
iter 2530: loss 1.1524, time 11.61ms, mfu 7.36%
iter 2540: loss 1.1621, time 11.42ms, mfu 7.44%
iter 2550: loss 1.2196, time 11.48ms, mfu 7.51%
iter 2560: loss 1.2084, time 11.24ms, mfu 7.58%
iter 2570: loss 1.1433, time 11.33ms, mfu 7.65%
iter 2580: loss 1.2447, time 11.51ms, mfu 7.69%
iter 2590: loss 1.2020, time 11.72ms, mfu 7.72%
iter 2600: loss 1.1710, time 16.48ms, mfu 7.51%
iter 2610: loss 1.2330, time 11.41ms, mfu 7.58%
iter 2620: loss 1.2323, time 11.42ms, mfu 7.63%
iter 2630: loss 1.1957, time 11.47ms, mfu 7.68%
iter 2640: loss 1.1836, time 11.67ms, mfu 7.71%
iter 2650: loss 1.2123, time 11.41ms, mfu 7.76%
iter 2660: loss 1.1789, time 11.31ms, mfu 7.81%
iter 2670: loss 1.2324, time 11.52ms, mfu 7.84%
iter 2680: loss 1.1535, time 11.56ms, mfu 7.86%
iter 2690: loss 1.2065, time 11.45ms, mfu 7.88%
iter 2700: loss 1.1757, time 16.72ms, mfu 7.65%
iter 2710: loss 1.1994, time 11.51ms, mfu 7.70%
iter 2720: loss 1.1488, time 11.51ms, mfu 7.74%
iter 2730: loss 1.1459, time 11.62ms, mfu 7.77%
iter 2740: loss 1.2084, time 11.64ms, mfu 7.79%
step 2750: train loss 1.0875, val loss 1.4849
iter 2750: loss 1.1751, time 1633.50ms, mfu 7.02%
iter 2760: loss 1.1557, time 11.60ms, mfu 7.12%
iter 2770: loss 1.2320, time 11.52ms, mfu 7.21%
iter 2780: loss 1.0930, time 11.63ms, mfu 7.29%
iter 2790: loss 1.1926, time 11.71ms, mfu 7.36%
iter 2800: loss 1.1596, time 11.69ms, mfu 7.42%
iter 2810: loss 1.1389, time 11.70ms, mfu 7.48%
iter 2820: loss 1.1816, time 11.77ms, mfu 7.52%
iter 2830: loss 1.2007, time 11.67ms, mfu 7.57%
iter 2840: loss 1.1468, time 11.70ms, mfu 7.61%
iter 2850: loss 1.0802, time 11.62ms, mfu 7.65%
iter 2860: loss 1.1889, time 11.56ms, mfu 7.69%
iter 2870: loss 1.1330, time 11.65ms, mfu 7.72%
iter 2880: loss 1.2036, time 11.79ms, mfu 7.74%
iter 2890: loss 1.1459, time 11.60ms, mfu 7.77%
iter 2900: loss 1.1589, time 16.31ms, mfu 7.56%
iter 2910: loss 1.1189, time 11.63ms, mfu 7.61%
iter 2920: loss 1.1220, time 11.60ms, mfu 7.65%
iter 2930: loss 1.1527, time 11.75ms, mfu 7.68%
iter 2940: loss 1.1448, time 11.62ms, mfu 7.71%
iter 2950: loss 1.1578, time 11.72ms, mfu 7.73%
iter 2960: loss 1.1683, time 11.71ms, mfu 7.76%
iter 2970: loss 1.1587, time 11.83ms, mfu 7.77%
iter 2980: loss 1.1780, time 11.66ms, mfu 7.79%
iter 2990: loss 1.1857, time 11.81ms, mfu 7.80%
step 3000: train loss 1.0580, val loss 1.4782
iter 3000: loss 1.1600, time 1653.45ms, mfu 7.03%
iter 3010: loss 1.1743, time 11.35ms, mfu 7.14%
iter 3020: loss 1.1765, time 11.72ms, mfu 7.22%
iter 3030: loss 1.1436, time 11.73ms, mfu 7.30%
iter 3040: loss 1.0983, time 11.59ms, mfu 7.37%
iter 3050: loss 1.1357, time 11.79ms, mfu 7.42%
iter 3060: loss 1.1531, time 11.66ms, mfu 7.48%
iter 3070: loss 1.1602, time 11.43ms, mfu 7.55%
iter 3080: loss 1.1606, time 11.36ms, mfu 7.61%
iter 3090: loss 1.1618, time 11.57ms, mfu 7.66%
iter 3100: loss 1.1624, time 18.62ms, mfu 7.39%
iter 3110: loss 1.1424, time 11.50ms, mfu 7.46%
iter 3120: loss 1.1278, time 11.40ms, mfu 7.53%
iter 3130: loss 1.1064, time 11.57ms, mfu 7.58%
iter 3140: loss 1.1287, time 11.57ms, mfu 7.63%
iter 3150: loss 1.0666, time 11.79ms, mfu 7.66%
iter 3160: loss 1.1333, time 11.53ms, mfu 7.70%
iter 3170: loss 1.1307, time 11.70ms, mfu 7.73%
iter 3180: loss 1.1659, time 11.49ms, mfu 7.76%
iter 3190: loss 1.1010, time 11.52ms, mfu 7.80%
iter 3200: loss 1.1460, time 16.56ms, mfu 7.58%
iter 3210: loss 1.1353, time 11.66ms, mfu 7.62%
iter 3220: loss 1.1157, time 11.46ms, mfu 7.67%
iter 3230: loss 1.1021, time 11.57ms, mfu 7.71%
iter 3240: loss 1.1334, time 11.86ms, mfu 7.72%
step 3250: train loss 1.0244, val loss 1.4871
iter 3250: loss 1.1258, time 1629.58ms, mfu 6.96%
iter 3260: loss 1.1258, time 11.89ms, mfu 7.04%
iter 3270: loss 1.1437, time 11.87ms, mfu 7.13%
iter 3280: loss 1.1455, time 11.65ms, mfu 7.21%
iter 3290: loss 1.1133, time 11.54ms, mfu 7.30%
iter 3300: loss 1.0935, time 11.62ms, mfu 7.37%
iter 3310: loss 1.0666, time 11.63ms, mfu 7.43%
iter 3320: loss 1.1126, time 11.37ms, mfu 7.51%
iter 3330: loss 1.0726, time 11.41ms, mfu 7.58%
iter 3340: loss 1.0705, time 11.74ms, mfu 7.61%
iter 3350: loss 1.1308, time 11.69ms, mfu 7.65%
iter 3360: loss 1.1449, time 11.52ms, mfu 7.69%
iter 3370: loss 1.0848, time 11.49ms, mfu 7.73%
iter 3380: loss 1.0651, time 11.33ms, mfu 7.78%
iter 3390: loss 1.1129, time 11.50ms, mfu 7.81%
iter 3400: loss 1.1663, time 17.85ms, mfu 7.55%
iter 3410: loss 1.1037, time 11.54ms, mfu 7.61%
iter 3420: loss 1.1457, time 11.57ms, mfu 7.65%
iter 3430: loss 1.1019, time 11.45ms, mfu 7.70%
iter 3440: loss 1.1052, time 11.83ms, mfu 7.72%
iter 3450: loss 1.0891, time 11.40ms, mfu 7.76%
iter 3460: loss 1.1018, time 11.51ms, mfu 7.80%
iter 3470: loss 1.1741, time 11.55ms, mfu 7.82%
iter 3480: loss 1.1154, time 11.54ms, mfu 7.85%
iter 3490: loss 1.0667, time 11.68ms, mfu 7.86%
step 3500: train loss 0.9986, val loss 1.4973
iter 3500: loss 1.1472, time 1617.61ms, mfu 7.08%
iter 3510: loss 1.0724, time 11.57ms, mfu 7.18%
iter 3520: loss 1.0902, time 11.64ms, mfu 7.26%
iter 3530: loss 1.1267, time 11.43ms, mfu 7.35%
iter 3540: loss 1.1066, time 11.58ms, mfu 7.42%
iter 3550: loss 1.0735, time 11.56ms, mfu 7.48%
iter 3560: loss 1.0803, time 11.63ms, mfu 7.54%
iter 3570: loss 1.1112, time 11.54ms, mfu 7.59%
iter 3580: loss 1.0987, time 11.57ms, mfu 7.64%
iter 3590: loss 1.1318, time 11.83ms, mfu 7.66%
iter 3600: loss 1.1224, time 16.25ms, mfu 7.47%
iter 3610: loss 1.0893, time 11.78ms, mfu 7.51%
iter 3620: loss 1.0809, time 11.57ms, mfu 7.56%
iter 3630: loss 1.0813, time 11.76ms, mfu 7.60%
iter 3640: loss 1.1068, time 11.67ms, mfu 7.64%
iter 3650: loss 1.0754, time 11.72ms, mfu 7.67%
iter 3660: loss 1.0739, time 11.68ms, mfu 7.70%
iter 3670: loss 1.0642, time 11.65ms, mfu 7.73%
iter 3680: loss 1.1064, time 11.81ms, mfu 7.75%
iter 3690: loss 1.0833, time 11.74ms, mfu 7.76%
iter 3700: loss 1.0861, time 16.42ms, mfu 7.56%
iter 3710: loss 1.0989, time 11.81ms, mfu 7.59%
iter 3720: loss 1.0797, time 11.67ms, mfu 7.63%
iter 3730: loss 1.0915, time 11.69ms, mfu 7.66%
iter 3740: loss 1.1078, time 11.75ms, mfu 7.69%
step 3750: train loss 0.9707, val loss 1.5100
iter 3750: loss 1.0901, time 1676.07ms, mfu 6.93%
iter 3760: loss 1.0380, time 11.77ms, mfu 7.02%
iter 3770: loss 1.0722, time 11.93ms, mfu 7.10%
iter 3780: loss 1.0539, time 11.89ms, mfu 7.18%
iter 3790: loss 1.0785, time 11.92ms, mfu 7.24%
iter 3800: loss 1.0536, time 11.96ms, mfu 7.29%
iter 3810: loss 1.0030, time 11.90ms, mfu 7.35%
iter 3820: loss 1.0359, time 11.76ms, mfu 7.41%
iter 3830: loss 1.1121, time 11.74ms, mfu 7.46%
iter 3840: loss 1.1031, time 11.82ms, mfu 7.50%
iter 3850: loss 1.0028, time 11.83ms, mfu 7.54%
iter 3860: loss 1.0723, time 11.96ms, mfu 7.56%
iter 3870: loss 1.0261, time 11.66ms, mfu 7.61%
iter 3880: loss 1.0523, time 12.01ms, mfu 7.62%
iter 3890: loss 1.0204, time 11.98ms, mfu 7.64%
iter 3900: loss 1.0845, time 15.87ms, mfu 7.46%
iter 3910: loss 1.0253, time 11.68ms, mfu 7.51%
iter 3920: loss 1.0825, time 11.79ms, mfu 7.55%
iter 3930: loss 1.0932, time 11.73ms, mfu 7.59%
iter 3940: loss 1.0403, time 11.80ms, mfu 7.62%
iter 3950: loss 1.0834, time 11.57ms, mfu 7.66%
iter 3960: loss 0.9928, time 11.91ms, mfu 7.68%
iter 3970: loss 1.0359, time 11.92ms, mfu 7.69%
iter 3980: loss 1.0176, time 11.78ms, mfu 7.71%
iter 3990: loss 1.0903, time 11.74ms, mfu 7.74%
step 4000: train loss 0.9495, val loss 1.5121
iter 4000: loss 1.0607, time 1656.31ms, mfu 6.97%
iter 4010: loss 1.0529, time 11.66ms, mfu 7.07%
iter 4020: loss 1.0526, time 11.78ms, mfu 7.16%
iter 4030: loss 1.0032, time 11.41ms, mfu 7.26%
iter 4040: loss 1.0868, time 11.65ms, mfu 7.33%
iter 4050: loss 1.0913, time 11.75ms, mfu 7.39%
iter 4060: loss 1.0599, time 11.51ms, mfu 7.46%
iter 4070: loss 0.9908, time 11.58ms, mfu 7.52%
iter 4080: loss 1.0625, time 11.75ms, mfu 7.56%
iter 4090: loss 1.0352, time 11.69ms, mfu 7.60%
iter 4100: loss 1.0452, time 16.97ms, mfu 7.39%
iter 4110: loss 1.0531, time 11.65ms, mfu 7.45%
iter 4120: loss 1.0635, time 11.44ms, mfu 7.52%
iter 4130: loss 1.0154, time 11.63ms, mfu 7.57%
iter 4140: loss 1.0427, time 11.52ms, mfu 7.62%
iter 4150: loss 1.0421, time 11.55ms, mfu 7.66%
iter 4160: loss 1.1012, time 11.56ms, mfu 7.70%
iter 4170: loss 1.0534, time 11.72ms, mfu 7.73%
iter 4180: loss 1.0135, time 11.42ms, mfu 7.77%
iter 4190: loss 1.0718, time 11.54ms, mfu 7.80%
iter 4200: loss 1.0133, time 16.40ms, mfu 7.59%
iter 4210: loss 1.0796, time 11.69ms, mfu 7.63%
iter 4220: loss 1.0354, time 11.91ms, mfu 7.65%
iter 4230: loss 1.0905, time 11.78ms, mfu 7.67%
iter 4240: loss 1.1004, time 11.68ms, mfu 7.70%
step 4250: train loss 0.9221, val loss 1.5227
iter 4250: loss 1.0407, time 1699.05ms, mfu 6.94%
iter 4260: loss 1.0577, time 14.72ms, mfu 6.88%
iter 4270: loss 1.0313, time 14.80ms, mfu 6.82%
iter 4280: loss 1.0569, time 14.87ms, mfu 6.76%
iter 4290: loss 1.0856, time 14.84ms, mfu 6.72%
iter 4300: loss 1.0438, time 14.63ms, mfu 6.68%
iter 4310: loss 1.0748, time 14.55ms, mfu 6.65%
iter 4320: loss 1.0238, time 14.64ms, mfu 6.62%
iter 4330: loss 1.0836, time 14.62ms, mfu 6.60%
iter 4340: loss 1.0130, time 14.92ms, mfu 6.56%
iter 4350: loss 1.0528, time 14.92ms, mfu 6.53%
iter 4360: loss 1.0326, time 14.92ms, mfu 6.50%
iter 4370: loss 1.0222, time 15.08ms, mfu 6.47%
iter 4380: loss 1.0568, time 14.90ms, mfu 6.45%
iter 4390: loss 1.0002, time 15.01ms, mfu 6.42%
iter 4400: loss 1.0579, time 14.78ms, mfu 6.41%
iter 4410: loss 1.0198, time 14.82ms, mfu 6.40%
iter 4420: loss 1.0272, time 14.99ms, mfu 6.38%
iter 4430: loss 1.0423, time 14.80ms, mfu 6.37%
iter 4440: loss 1.0522, time 14.91ms, mfu 6.36%
iter 4450: loss 1.0399, time 14.89ms, mfu 6.35%
iter 4460: loss 1.0558, time 14.81ms, mfu 6.34%
iter 4470: loss 1.0081, time 14.73ms, mfu 6.34%
iter 4480: loss 0.9996, time 14.83ms, mfu 6.34%
iter 4490: loss 1.0238, time 14.82ms, mfu 6.33%
step 4500: train loss 0.9070, val loss 1.5312
iter 4500: loss 1.0708, time 1721.73ms, mfu 5.70%
iter 4510: loss 1.0086, time 14.90ms, mfu 5.76%
iter 4520: loss 1.0247, time 15.11ms, mfu 5.80%
iter 4530: loss 1.0334, time 14.94ms, mfu 5.84%
iter 4540: loss 1.0141, time 14.89ms, mfu 5.88%
iter 4550: loss 0.9944, time 15.07ms, mfu 5.91%
iter 4560: loss 1.0022, time 14.86ms, mfu 5.95%
iter 4570: loss 1.0880, time 15.22ms, mfu 5.97%
iter 4580: loss 1.0181, time 14.99ms, mfu 5.99%
iter 4590: loss 0.9514, time 15.09ms, mfu 6.01%
iter 4600: loss 1.0026, time 14.94ms, mfu 6.03%
iter 4610: loss 1.0476, time 15.00ms, mfu 6.05%
iter 4620: loss 1.0403, time 15.05ms, mfu 6.06%
iter 4630: loss 1.0234, time 14.86ms, mfu 6.08%
iter 4640: loss 1.0555, time 15.06ms, mfu 6.09%
iter 4650: loss 1.0419, time 14.89ms, mfu 6.11%
iter 4660: loss 1.0392, time 14.93ms, mfu 6.12%
iter 4670: loss 1.0146, time 15.03ms, mfu 6.13%
iter 4680: loss 1.1007, time 15.16ms, mfu 6.13%
iter 4690: loss 1.0217, time 14.98ms, mfu 6.14%
iter 4700: loss 1.0299, time 15.03ms, mfu 6.15%
iter 4710: loss 1.0521, time 15.04ms, mfu 6.15%
iter 4720: loss 1.0565, time 15.01ms, mfu 6.16%
iter 4730: loss 1.0482, time 14.71ms, mfu 6.17%
iter 4740: loss 0.9732, time 15.00ms, mfu 6.18%
step 4750: train loss 0.8925, val loss 1.5454
iter 4750: loss 1.0381, time 3663.03ms, mfu 5.56%
iter 4760: loss 0.9670, time 15.72ms, mfu 5.60%
iter 4770: loss 1.0169, time 16.27ms, mfu 5.61%
iter 4780: loss 1.0212, time 15.28ms, mfu 5.66%
iter 4790: loss 1.0428, time 16.50ms, mfu 5.66%
iter 4800: loss 1.0625, time 17.82ms, mfu 5.62%
iter 4810: loss 1.0313, time 15.23ms, mfu 5.67%
iter 4820: loss 1.0625, time 15.51ms, mfu 5.70%
iter 4830: loss 0.9770, time 16.21ms, mfu 5.70%
iter 4840: loss 0.9582, time 15.24ms, mfu 5.75%
iter 4850: loss 0.9940, time 19.24ms, mfu 5.65%
iter 4860: loss 1.0137, time 15.67ms, mfu 5.68%
iter 4870: loss 0.9973, time 15.89ms, mfu 5.70%
iter 4880: loss 1.0232, time 15.46ms, mfu 5.73%
iter 4890: loss 1.0631, time 15.69ms, mfu 5.75%
iter 4900: loss 1.0049, time 15.74ms, mfu 5.77%
iter 4910: loss 0.9841, time 15.40ms, mfu 5.80%
iter 4920: loss 0.9739, time 15.12ms, mfu 5.83%
iter 4930: loss 1.0292, time 17.19ms, mfu 5.79%
iter 4940: loss 0.9671, time 15.49ms, mfu 5.82%
iter 4950: loss 0.9993, time 227.30ms, mfu 5.27%
iter 4960: loss 1.0713, time 15.60ms, mfu 5.34%
iter 4970: loss 1.0212, time 15.14ms, mfu 5.43%
iter 4980: loss 1.0119, time 16.02ms, mfu 5.46%
iter 4990: loss 0.9886, time 15.24ms, mfu 5.53%
step 5000: train loss 0.8806, val loss 1.5613
iter 5000: loss 1.0173, time 3280.74ms, mfu 4.98%
