Overriding config with config/train_shakespeare_char.py:
Overriding: batch_size = 64
Overriding: learning_rate = 0.001
Overriding: csv_path = runs/scale_g1_s1.0_bs64_lr0.001.csv
Overriding: out_dir = out-scale_g1_s1.0_bs64_lr0.001
tokens per iteration will be: 16,384
effective global batch size (sequences) will be: 64
found vocab_size = 65 (inside data/shakespeare_char/meta.pkl)
Initializing a new model from scratch
number of parameters: 10.65M
/u/ddong/workspace/nanoGPT/train.py:243: FutureWarning: `torch.cuda.amp.GradScaler(args...)` is deprecated. Please use `torch.amp.GradScaler('cuda', args...)` instead.
  scaler = torch.cuda.amp.GradScaler(enabled=(dtype == 'float16'))
num decayed parameter tensors: 26, with 10,740,096 parameters
num non-decayed parameter tensors: 13, with 4,992 parameters
using fused AdamW: True
step 0: train loss 4.2874, val loss 4.2823
iter 0: loss 4.2714, time 2414.01ms, mfu -100.00%
iter 10: loss 3.1476, time 13.67ms, mfu 27.25%
iter 20: loss 2.7333, time 13.42ms, mfu 27.30%
iter 30: loss 2.6157, time 13.26ms, mfu 27.38%
iter 40: loss 2.5761, time 13.21ms, mfu 27.47%
iter 50: loss 2.5257, time 13.38ms, mfu 27.50%
iter 60: loss 2.5101, time 13.34ms, mfu 27.55%
iter 70: loss 2.4937, time 13.15ms, mfu 27.63%
iter 80: loss 2.4949, time 13.31ms, mfu 27.66%
iter 90: loss 2.4642, time 13.02ms, mfu 27.76%
iter 100: loss 2.4559, time 13.58ms, mfu 27.73%
iter 110: loss 2.4545, time 13.61ms, mfu 27.69%
iter 120: loss 2.4294, time 13.32ms, mfu 27.72%
iter 130: loss 2.4133, time 13.63ms, mfu 27.68%
iter 140: loss 2.4042, time 13.46ms, mfu 27.68%
iter 150: loss 2.4085, time 13.54ms, mfu 27.67%
iter 160: loss 2.3676, time 13.63ms, mfu 27.63%
iter 170: loss 2.3564, time 13.67ms, mfu 27.60%
iter 180: loss 2.3013, time 13.70ms, mfu 27.56%
iter 190: loss 2.2393, time 13.67ms, mfu 27.53%
iter 200: loss 2.2029, time 13.70ms, mfu 27.49%
iter 210: loss 2.1412, time 13.71ms, mfu 27.46%
iter 220: loss 2.1340, time 13.68ms, mfu 27.44%
iter 230: loss 2.0779, time 13.53ms, mfu 27.45%
iter 240: loss 2.0766, time 13.64ms, mfu 27.44%
step 250: train loss 1.9638, val loss 2.0642
saving checkpoint to out-scale_g1_s1.0_bs64_lr0.001
iter 250: loss 2.0311, time 2902.42ms, mfu 24.71%
iter 260: loss 1.9738, time 13.58ms, mfu 24.98%
iter 270: loss 1.9675, time 13.39ms, mfu 25.27%
iter 280: loss 1.9770, time 13.33ms, mfu 25.54%
iter 290: loss 1.9155, time 13.36ms, mfu 25.77%
iter 300: loss 1.8986, time 13.60ms, mfu 25.93%
iter 310: loss 1.8706, time 13.64ms, mfu 26.07%
iter 320: loss 1.8553, time 13.37ms, mfu 26.25%
iter 330: loss 1.8150, time 13.38ms, mfu 26.41%
iter 340: loss 1.7909, time 13.58ms, mfu 26.52%
iter 350: loss 1.8252, time 13.48ms, mfu 26.63%
iter 360: loss 1.7673, time 13.56ms, mfu 26.71%
iter 370: loss 1.7454, time 13.40ms, mfu 26.82%
iter 380: loss 1.7260, time 13.53ms, mfu 26.89%
iter 390: loss 1.7299, time 13.87ms, mfu 26.89%
iter 400: loss 1.7630, time 13.89ms, mfu 26.88%
iter 410: loss 1.6932, time 13.89ms, mfu 26.88%
iter 420: loss 1.7105, time 13.82ms, mfu 26.89%
iter 430: loss 1.6837, time 13.69ms, mfu 26.92%
iter 440: loss 1.6559, time 13.72ms, mfu 26.94%
iter 450: loss 1.6497, time 13.62ms, mfu 26.99%
iter 460: loss 1.5936, time 13.82ms, mfu 26.98%
iter 470: loss 1.6571, time 14.03ms, mfu 26.94%
iter 480: loss 1.6179, time 13.70ms, mfu 26.97%
iter 490: loss 1.5913, time 13.74ms, mfu 26.98%
step 500: train loss 1.5217, val loss 1.7301
saving checkpoint to out-scale_g1_s1.0_bs64_lr0.001
iter 500: loss 1.6004, time 2756.62ms, mfu 24.30%
iter 510: loss 1.6053, time 13.86ms, mfu 24.56%
iter 520: loss 1.5869, time 13.76ms, mfu 24.81%
iter 530: loss 1.5560, time 13.71ms, mfu 25.05%
iter 540: loss 1.6128, time 13.62ms, mfu 25.28%
iter 550: loss 1.5617, time 13.83ms, mfu 25.44%
iter 560: loss 1.5615, time 13.86ms, mfu 25.59%
iter 570: loss 1.5583, time 13.75ms, mfu 25.74%
iter 580: loss 1.5294, time 13.73ms, mfu 25.88%
iter 590: loss 1.4889, time 13.76ms, mfu 26.00%
iter 600: loss 1.5138, time 13.93ms, mfu 26.07%
iter 610: loss 1.5298, time 13.71ms, mfu 26.18%
iter 620: loss 1.5307, time 13.84ms, mfu 26.26%
iter 630: loss 1.5098, time 13.27ms, mfu 26.44%
iter 640: loss 1.4556, time 13.26ms, mfu 26.61%
iter 650: loss 1.4932, time 13.72ms, mfu 26.66%
iter 660: loss 1.5016, time 13.88ms, mfu 26.68%
iter 670: loss 1.4396, time 13.27ms, mfu 26.82%
iter 680: loss 1.5061, time 13.30ms, mfu 26.94%
iter 690: loss 1.4545, time 13.60ms, mfu 26.98%
iter 700: loss 1.4737, time 13.57ms, mfu 27.03%
iter 710: loss 1.4501, time 13.38ms, mfu 27.11%
iter 720: loss 1.4389, time 13.58ms, mfu 27.15%
iter 730: loss 1.4234, time 13.14ms, mfu 27.27%
iter 740: loss 1.4216, time 13.23ms, mfu 27.36%
step 750: train loss 1.3575, val loss 1.5861
saving checkpoint to out-scale_g1_s1.0_bs64_lr0.001
iter 750: loss 1.4249, time 2726.82ms, mfu 24.63%
iter 760: loss 1.4405, time 13.58ms, mfu 24.91%
iter 770: loss 1.4230, time 13.87ms, mfu 25.11%
iter 780: loss 1.3986, time 13.77ms, mfu 25.31%
iter 790: loss 1.4194, time 13.93ms, mfu 25.45%
iter 800: loss 1.4244, time 14.03ms, mfu 25.56%
iter 810: loss 1.4000, time 13.99ms, mfu 25.67%
iter 820: loss 1.4121, time 13.84ms, mfu 25.79%
iter 830: loss 1.3884, time 14.33ms, mfu 25.81%
iter 840: loss 1.3984, time 14.65ms, mfu 25.78%
iter 850: loss 1.3865, time 14.47ms, mfu 25.77%
iter 860: loss 1.3926, time 13.86ms, mfu 25.89%
iter 870: loss 1.3907, time 13.58ms, mfu 26.04%
iter 880: loss 1.3758, time 13.54ms, mfu 26.19%
iter 890: loss 1.3853, time 13.76ms, mfu 26.28%
iter 900: loss 1.3644, time 13.68ms, mfu 26.38%
iter 910: loss 1.3147, time 13.80ms, mfu 26.44%
iter 920: loss 1.3592, time 13.70ms, mfu 26.52%
iter 930: loss 1.3596, time 13.55ms, mfu 26.61%
iter 940: loss 1.3404, time 13.45ms, mfu 26.72%
iter 950: loss 1.3488, time 13.42ms, mfu 26.83%
iter 960: loss 1.3619, time 14.39ms, mfu 26.73%
iter 970: loss 1.3582, time 13.64ms, mfu 26.79%
iter 980: loss 1.3461, time 13.93ms, mfu 26.79%
iter 990: loss 1.3352, time 13.85ms, mfu 26.80%
step 1000: train loss 1.2701, val loss 1.5203
saving checkpoint to out-scale_g1_s1.0_bs64_lr0.001
iter 1000: loss 1.3351, time 2784.38ms, mfu 24.13%
iter 1010: loss 1.3384, time 13.95ms, mfu 24.39%
iter 1020: loss 1.3077, time 14.09ms, mfu 24.60%
iter 1030: loss 1.3355, time 13.28ms, mfu 24.94%
iter 1040: loss 1.3564, time 13.32ms, mfu 25.25%
iter 1050: loss 1.2869, time 13.36ms, mfu 25.51%
iter 1060: loss 1.3379, time 13.25ms, mfu 25.77%
iter 1070: loss 1.3342, time 13.30ms, mfu 26.00%
iter 1080: loss 1.3318, time 13.21ms, mfu 26.22%
iter 1090: loss 1.3464, time 13.13ms, mfu 26.43%
iter 1100: loss 1.3153, time 13.46ms, mfu 26.56%
iter 1110: loss 1.2979, time 13.15ms, mfu 26.74%
iter 1120: loss 1.3029, time 13.28ms, mfu 26.87%
iter 1130: loss 1.2924, time 12.98ms, mfu 27.05%
iter 1140: loss 1.2999, time 13.52ms, mfu 27.10%
iter 1150: loss 1.3020, time 13.40ms, mfu 27.17%
iter 1160: loss 1.3272, time 14.13ms, mfu 27.09%
iter 1170: loss 1.2986, time 13.14ms, mfu 27.22%
iter 1180: loss 1.3087, time 13.36ms, mfu 27.29%
iter 1190: loss 1.2608, time 13.51ms, mfu 27.32%
iter 1200: loss 1.2894, time 13.35ms, mfu 27.38%
iter 1210: loss 1.2652, time 13.70ms, mfu 27.36%
iter 1220: loss 1.3068, time 13.85ms, mfu 27.31%
iter 1230: loss 1.2998, time 13.57ms, mfu 27.33%
iter 1240: loss 1.2930, time 13.31ms, mfu 27.39%
step 1250: train loss 1.2017, val loss 1.4890
saving checkpoint to out-scale_g1_s1.0_bs64_lr0.001
iter 1250: loss 1.2713, time 2923.25ms, mfu 24.67%
iter 1260: loss 1.2832, time 13.31ms, mfu 25.00%
iter 1270: loss 1.2678, time 13.50ms, mfu 25.26%
iter 1280: loss 1.2520, time 13.38ms, mfu 25.52%
iter 1290: loss 1.2852, time 13.44ms, mfu 25.74%
iter 1300: loss 1.2956, time 13.32ms, mfu 25.97%
iter 1310: loss 1.2377, time 13.13ms, mfu 26.21%
iter 1320: loss 1.3061, time 13.40ms, mfu 26.37%
iter 1330: loss 1.2633, time 13.62ms, mfu 26.47%
iter 1340: loss 1.3004, time 13.17ms, mfu 26.65%
iter 1350: loss 1.2593, time 13.96ms, mfu 26.65%
iter 1360: loss 1.2744, time 13.63ms, mfu 26.72%
iter 1370: loss 1.2542, time 13.49ms, mfu 26.81%
iter 1380: loss 1.2582, time 13.20ms, mfu 26.95%
iter 1390: loss 1.2509, time 13.31ms, mfu 27.06%
iter 1400: loss 1.2585, time 13.60ms, mfu 27.09%
iter 1410: loss 1.2562, time 13.52ms, mfu 27.14%
iter 1420: loss 1.2705, time 13.20ms, mfu 27.25%
iter 1430: loss 1.2427, time 13.31ms, mfu 27.32%
iter 1440: loss 1.2563, time 13.33ms, mfu 27.38%
iter 1450: loss 1.2297, time 13.45ms, mfu 27.42%
iter 1460: loss 1.2486, time 13.36ms, mfu 27.46%
iter 1470: loss 1.2212, time 13.56ms, mfu 27.47%
iter 1480: loss 1.2117, time 13.17ms, mfu 27.55%
iter 1490: loss 1.2360, time 13.46ms, mfu 27.56%
step 1500: train loss 1.1531, val loss 1.4814
saving checkpoint to out-scale_g1_s1.0_bs64_lr0.001
iter 1500: loss 1.1864, time 2815.31ms, mfu 24.82%
iter 1510: loss 1.2345, time 13.63ms, mfu 25.07%
iter 1520: loss 1.2195, time 13.50ms, mfu 25.32%
iter 1530: loss 1.2561, time 13.58ms, mfu 25.54%
iter 1540: loss 1.1985, time 13.41ms, mfu 25.76%
iter 1550: loss 1.2332, time 13.81ms, mfu 25.88%
iter 1560: loss 1.2111, time 13.64ms, mfu 26.03%
iter 1570: loss 1.2372, time 13.68ms, mfu 26.15%
iter 1580: loss 1.2026, time 13.63ms, mfu 26.27%
iter 1590: loss 1.1916, time 13.63ms, mfu 26.37%
iter 1600: loss 1.1960, time 13.65ms, mfu 26.47%
iter 1610: loss 1.2375, time 13.60ms, mfu 26.56%
iter 1620: loss 1.1826, time 13.58ms, mfu 26.65%
iter 1630: loss 1.2038, time 13.49ms, mfu 26.74%
iter 1640: loss 1.2102, time 14.02ms, mfu 26.73%
iter 1650: loss 1.1783, time 13.86ms, mfu 26.74%
iter 1660: loss 1.2219, time 13.24ms, mfu 26.88%
iter 1670: loss 1.1982, time 13.33ms, mfu 26.99%
iter 1680: loss 1.2076, time 13.30ms, mfu 27.09%
iter 1690: loss 1.2083, time 13.26ms, mfu 27.20%
iter 1700: loss 1.1900, time 13.36ms, mfu 27.27%
iter 1710: loss 1.1793, time 13.47ms, mfu 27.31%
iter 1720: loss 1.1819, time 13.24ms, mfu 27.39%
iter 1730: loss 1.2017, time 13.27ms, mfu 27.46%
iter 1740: loss 1.1737, time 13.83ms, mfu 27.41%
step 1750: train loss 1.1022, val loss 1.4627
saving checkpoint to out-scale_g1_s1.0_bs64_lr0.001
iter 1750: loss 1.1886, time 2815.25ms, mfu 24.68%
iter 1760: loss 1.1886, time 16.99ms, mfu 24.40%
iter 1770: loss 1.2006, time 17.15ms, mfu 24.14%
iter 1780: loss 1.1916, time 16.73ms, mfu 23.95%
iter 1790: loss 1.1879, time 16.93ms, mfu 23.76%
iter 1800: loss 1.1874, time 17.06ms, mfu 23.56%
iter 1810: loss 1.1622, time 16.97ms, mfu 23.40%
iter 1820: loss 1.1666, time 16.80ms, mfu 23.28%
iter 1830: loss 1.1691, time 16.65ms, mfu 23.19%
iter 1840: loss 1.1635, time 17.02ms, mfu 23.06%
iter 1850: loss 1.1583, time 16.84ms, mfu 22.97%
iter 1860: loss 1.1767, time 17.00ms, mfu 22.86%
iter 1870: loss 1.1436, time 16.67ms, mfu 22.81%
iter 1880: loss 1.1821, time 16.62ms, mfu 22.77%
iter 1890: loss 1.1803, time 17.04ms, mfu 22.68%
iter 1900: loss 1.1353, time 17.42ms, mfu 22.55%
iter 1910: loss 1.1756, time 17.07ms, mfu 22.48%
iter 1920: loss 1.1753, time 17.04ms, mfu 22.42%
iter 1930: loss 1.1433, time 17.07ms, mfu 22.36%
iter 1940: loss 1.1303, time 17.09ms, mfu 22.30%
iter 1950: loss 1.1413, time 17.06ms, mfu 22.26%
iter 1960: loss 1.1558, time 17.23ms, mfu 22.19%
iter 1970: loss 1.1513, time 17.30ms, mfu 22.13%
iter 1980: loss 1.1545, time 17.02ms, mfu 22.10%
iter 1990: loss 1.1500, time 16.79ms, mfu 22.11%
step 2000: train loss 1.0584, val loss 1.4757
iter 2000: loss 1.1270, time 2318.38ms, mfu 19.92%
iter 2010: loss 1.1278, time 17.02ms, mfu 20.12%
iter 2020: loss 1.1233, time 16.85ms, mfu 20.32%
iter 2030: loss 1.1602, time 16.89ms, mfu 20.49%
iter 2040: loss 1.1431, time 16.72ms, mfu 20.67%
iter 2050: loss 1.1164, time 16.96ms, mfu 20.80%
iter 2060: loss 1.1041, time 17.50ms, mfu 20.85%
iter 2070: loss 1.1329, time 17.55ms, mfu 20.89%
iter 2080: loss 1.1266, time 17.17ms, mfu 20.97%
iter 2090: loss 1.1336, time 16.94ms, mfu 21.07%
iter 2100: loss 1.1306, time 17.26ms, mfu 21.12%
iter 2110: loss 1.1363, time 17.19ms, mfu 21.18%
iter 2120: loss 1.1350, time 17.39ms, mfu 21.20%
iter 2130: loss 1.1387, time 17.27ms, mfu 21.24%
iter 2140: loss 1.1427, time 17.13ms, mfu 21.29%
iter 2150: loss 1.1231, time 17.32ms, mfu 21.31%
iter 2160: loss 1.1400, time 17.10ms, mfu 21.36%
iter 2170: loss 1.1330, time 17.15ms, mfu 21.40%
iter 2180: loss 1.1149, time 17.05ms, mfu 21.44%
iter 2190: loss 1.1073, time 17.32ms, mfu 21.45%
iter 2200: loss 1.1294, time 17.34ms, mfu 21.45%
iter 2210: loss 1.1243, time 17.19ms, mfu 21.48%
iter 2220: loss 1.1295, time 17.16ms, mfu 21.50%
iter 2230: loss 1.1209, time 17.19ms, mfu 21.52%
iter 2240: loss 1.1328, time 17.34ms, mfu 21.51%
step 2250: train loss 1.0128, val loss 1.4754
iter 2250: loss 1.1120, time 2353.94ms, mfu 19.38%
iter 2260: loss 1.1086, time 16.69ms, mfu 19.67%
iter 2270: loss 1.1322, time 16.79ms, mfu 19.93%
iter 2280: loss 1.0989, time 16.41ms, mfu 20.20%
iter 2290: loss 1.1422, time 16.72ms, mfu 20.41%
iter 2300: loss 1.1258, time 16.67ms, mfu 20.61%
iter 2310: loss 1.0948, time 16.66ms, mfu 20.78%
iter 2320: loss 1.0992, time 16.62ms, mfu 20.95%
iter 2330: loss 1.1005, time 16.69ms, mfu 21.08%
iter 2340: loss 1.1191, time 16.68ms, mfu 21.21%
iter 2350: loss 1.1102, time 16.50ms, mfu 21.35%
iter 2360: loss 1.1090, time 16.68ms, mfu 21.45%
iter 2370: loss 1.0886, time 16.73ms, mfu 21.53%
iter 2380: loss 1.0815, time 16.62ms, mfu 21.62%
iter 2390: loss 1.0812, time 17.15ms, mfu 21.63%
iter 2400: loss 1.0873, time 17.41ms, mfu 21.61%
iter 2410: loss 1.0737, time 17.43ms, mfu 21.58%
iter 2420: loss 1.0838, time 17.23ms, mfu 21.59%
iter 2430: loss 1.0561, time 17.08ms, mfu 21.61%
iter 2440: loss 1.0624, time 17.37ms, mfu 21.59%
iter 2450: loss 1.0796, time 18.21ms, mfu 21.48%
iter 2460: loss 1.0866, time 18.19ms, mfu 21.38%
iter 2470: loss 1.0901, time 18.40ms, mfu 21.27%
iter 2480: loss 1.0835, time 17.72ms, mfu 21.24%
iter 2490: loss 1.0634, time 17.36ms, mfu 21.27%
step 2500: train loss 0.9638, val loss 1.4944
iter 2500: loss 1.0866, time 2460.93ms, mfu 19.15%
iter 2510: loss 1.0713, time 16.77ms, mfu 19.46%
iter 2520: loss 1.0542, time 16.74ms, mfu 19.74%
iter 2530: loss 1.0554, time 16.80ms, mfu 19.98%
iter 2540: loss 1.0608, time 16.63ms, mfu 20.23%
iter 2550: loss 1.0718, time 16.77ms, mfu 20.43%
iter 2560: loss 1.0654, time 17.03ms, mfu 20.57%
iter 2570: loss 1.0835, time 16.68ms, mfu 20.75%
iter 2580: loss 1.0774, time 16.86ms, mfu 20.88%
iter 2590: loss 1.0751, time 16.66ms, mfu 21.03%
iter 2600: loss 1.0672, time 16.93ms, mfu 21.13%
iter 2610: loss 1.0510, time 16.89ms, mfu 21.22%
iter 2620: loss 1.0540, time 16.99ms, mfu 21.30%
iter 2630: loss 1.0303, time 16.97ms, mfu 21.36%
iter 2640: loss 1.0493, time 16.73ms, mfu 21.45%
iter 2650: loss 1.0732, time 16.88ms, mfu 21.52%
iter 2660: loss 1.0387, time 16.83ms, mfu 21.58%
iter 2670: loss 1.0202, time 17.23ms, mfu 21.58%
iter 2680: loss 1.0497, time 17.10ms, mfu 21.60%
iter 2690: loss 1.0600, time 17.10ms, mfu 21.62%
iter 2700: loss 1.0259, time 17.43ms, mfu 21.60%
iter 2710: loss 1.0484, time 17.54ms, mfu 21.56%
iter 2720: loss 1.0453, time 17.61ms, mfu 21.52%
iter 2730: loss 1.0611, time 17.33ms, mfu 21.52%
iter 2740: loss 1.0280, time 17.30ms, mfu 21.52%
step 2750: train loss 0.9187, val loss 1.5082
iter 2750: loss 1.0385, time 2406.77ms, mfu 19.39%
iter 2760: loss 1.0404, time 17.38ms, mfu 19.59%
iter 2770: loss 1.0268, time 17.81ms, mfu 19.73%
iter 2780: loss 1.0290, time 17.99ms, mfu 19.82%
iter 2790: loss 1.0430, time 17.44ms, mfu 19.98%
iter 2800: loss 1.0224, time 17.99ms, mfu 20.05%
iter 2810: loss 1.0447, time 19.52ms, mfu 19.96%
iter 2820: loss 1.0264, time 16.82ms, mfu 20.18%
iter 2830: loss 1.0376, time 16.87ms, mfu 20.37%
iter 2840: loss 0.9989, time 16.95ms, mfu 20.53%
iter 2850: loss 1.0273, time 16.87ms, mfu 20.68%
iter 2860: loss 1.0281, time 16.80ms, mfu 20.83%
iter 2870: loss 1.0123, time 16.94ms, mfu 20.95%
iter 2880: loss 1.0382, time 17.37ms, mfu 21.00%
iter 2890: loss 1.0160, time 17.25ms, mfu 21.06%
iter 2900: loss 0.9958, time 16.79ms, mfu 21.17%
iter 2910: loss 1.0365, time 17.05ms, mfu 21.24%
iter 2920: loss 1.0136, time 16.88ms, mfu 21.33%
iter 2930: loss 1.0008, time 17.00ms, mfu 21.38%
iter 2940: loss 0.9884, time 16.73ms, mfu 21.47%
iter 2950: loss 1.0302, time 16.88ms, mfu 21.53%
iter 2960: loss 1.0023, time 16.92ms, mfu 21.58%
iter 2970: loss 0.9962, time 17.11ms, mfu 21.60%
iter 2980: loss 1.0050, time 16.86ms, mfu 21.65%
iter 2990: loss 0.9859, time 16.90ms, mfu 21.69%
step 3000: train loss 0.8727, val loss 1.5223
iter 3000: loss 0.9836, time 2402.14ms, mfu 19.54%
iter 3010: loss 0.9921, time 17.12ms, mfu 19.76%
iter 3020: loss 1.0038, time 17.32ms, mfu 19.94%
iter 3030: loss 1.0139, time 17.33ms, mfu 20.09%
iter 3040: loss 1.0366, time 17.53ms, mfu 20.21%
iter 3050: loss 0.9810, time 17.67ms, mfu 20.30%
iter 3060: loss 1.0031, time 17.34ms, mfu 20.42%
iter 3070: loss 1.0194, time 17.46ms, mfu 20.51%
iter 3080: loss 0.9975, time 17.32ms, mfu 20.61%
iter 3090: loss 0.9894, time 17.14ms, mfu 20.72%
iter 3100: loss 0.9978, time 17.32ms, mfu 20.80%
iter 3110: loss 0.9765, time 17.17ms, mfu 20.89%
iter 3120: loss 1.0015, time 17.30ms, mfu 20.96%
iter 3130: loss 0.9865, time 17.20ms, mfu 21.03%
iter 3140: loss 0.9873, time 17.21ms, mfu 21.09%
iter 3150: loss 1.0015, time 16.72ms, mfu 21.21%
iter 3160: loss 1.0062, time 16.79ms, mfu 21.31%
iter 3170: loss 0.9674, time 16.75ms, mfu 21.40%
iter 3180: loss 0.9737, time 16.79ms, mfu 21.48%
iter 3190: loss 1.0044, time 16.76ms, mfu 21.56%
iter 3200: loss 0.9637, time 16.90ms, mfu 21.61%
iter 3210: loss 0.9727, time 16.92ms, mfu 21.65%
iter 3220: loss 0.9645, time 16.82ms, mfu 21.70%
iter 3230: loss 0.9654, time 16.91ms, mfu 21.73%
iter 3240: loss 0.9645, time 16.93ms, mfu 21.76%
step 3250: train loss 0.8285, val loss 1.5549
iter 3250: loss 0.9885, time 2338.89ms, mfu 19.60%
iter 3260: loss 0.9630, time 17.31ms, mfu 19.79%
iter 3270: loss 0.9787, time 17.44ms, mfu 19.95%
iter 3280: loss 0.9547, time 17.23ms, mfu 20.12%
iter 3290: loss 0.9467, time 17.34ms, mfu 20.25%
iter 3300: loss 0.9528, time 17.37ms, mfu 20.37%
iter 3310: loss 0.9588, time 17.24ms, mfu 20.50%
iter 3320: loss 0.9751, time 17.30ms, mfu 20.60%
iter 3330: loss 0.9616, time 17.18ms, mfu 20.71%
iter 3340: loss 0.9526, time 17.34ms, mfu 20.79%
iter 3350: loss 0.9598, time 17.56ms, mfu 20.83%
iter 3360: loss 0.9378, time 17.49ms, mfu 20.88%
iter 3370: loss 0.9615, time 17.37ms, mfu 20.93%
iter 3380: loss 0.9416, time 17.46ms, mfu 20.97%
iter 3390: loss 0.9555, time 17.49ms, mfu 21.01%
iter 3400: loss 0.9631, time 17.58ms, mfu 21.03%
iter 3410: loss 0.9544, time 17.44ms, mfu 21.06%
iter 3420: loss 0.9642, time 17.22ms, mfu 21.12%
iter 3430: loss 0.9422, time 17.27ms, mfu 21.16%
iter 3440: loss 0.9860, time 17.35ms, mfu 21.19%
iter 3450: loss 0.9636, time 17.42ms, mfu 21.21%
iter 3460: loss 0.9549, time 17.42ms, mfu 21.23%
iter 3470: loss 0.9454, time 16.79ms, mfu 21.33%
iter 3480: loss 0.9575, time 16.90ms, mfu 21.40%
iter 3490: loss 0.9279, time 16.82ms, mfu 21.48%
step 3500: train loss 0.7873, val loss 1.5700
iter 3500: loss 0.9083, time 2312.22ms, mfu 19.34%
iter 3510: loss 0.9217, time 16.84ms, mfu 19.62%
iter 3520: loss 0.9299, time 16.85ms, mfu 19.87%
iter 3530: loss 0.9566, time 16.76ms, mfu 20.11%
iter 3540: loss 0.9342, time 16.82ms, mfu 20.31%
iter 3550: loss 0.9330, time 17.26ms, mfu 20.44%
iter 3560: loss 0.9595, time 17.22ms, mfu 20.56%
iter 3570: loss 0.9409, time 17.55ms, mfu 20.63%
iter 3580: loss 0.9452, time 17.30ms, mfu 20.72%
iter 3590: loss 0.9270, time 17.55ms, mfu 20.77%
iter 3600: loss 0.9325, time 17.57ms, mfu 20.81%
iter 3610: loss 0.9188, time 17.55ms, mfu 20.86%
iter 3620: loss 0.9191, time 17.48ms, mfu 20.90%
iter 3630: loss 0.9318, time 17.31ms, mfu 20.96%
iter 3640: loss 0.9185, time 17.55ms, mfu 20.99%
iter 3650: loss 0.9152, time 17.63ms, mfu 21.01%
iter 3660: loss 0.9518, time 17.42ms, mfu 21.04%
iter 3670: loss 0.9445, time 17.50ms, mfu 21.07%
iter 3680: loss 0.9093, time 17.45ms, mfu 21.10%
iter 3690: loss 0.9440, time 17.65ms, mfu 21.10%
iter 3700: loss 0.8836, time 17.71ms, mfu 21.09%
iter 3710: loss 0.8875, time 17.45ms, mfu 21.12%
iter 3720: loss 0.9176, time 17.50ms, mfu 21.14%
iter 3730: loss 0.9091, time 17.77ms, mfu 21.12%
iter 3740: loss 0.9067, time 17.61ms, mfu 21.12%
step 3750: train loss 0.7509, val loss 1.5937
iter 3750: loss 0.8996, time 2343.67ms, mfu 19.03%
iter 3760: loss 0.9355, time 17.10ms, mfu 19.30%
iter 3770: loss 0.9404, time 17.08ms, mfu 19.56%
iter 3780: loss 0.9230, time 17.07ms, mfu 19.78%
iter 3790: loss 0.8987, time 17.05ms, mfu 19.99%
iter 3800: loss 0.9212, time 17.23ms, mfu 20.15%
iter 3810: loss 0.9212, time 17.16ms, mfu 20.31%
iter 3820: loss 0.8863, time 16.93ms, mfu 20.48%
iter 3830: loss 0.9080, time 17.07ms, mfu 20.62%
iter 3840: loss 0.9014, time 17.15ms, mfu 20.73%
iter 3850: loss 0.8957, time 16.95ms, mfu 20.85%
iter 3860: loss 0.8774, time 17.23ms, mfu 20.93%
iter 3870: loss 0.8987, time 17.59ms, mfu 20.95%
iter 3880: loss 0.8940, time 17.73ms, mfu 20.96%
iter 3890: loss 0.9065, time 17.22ms, mfu 21.03%
iter 3900: loss 0.8986, time 17.44ms, mfu 21.06%
iter 3910: loss 0.9005, time 17.45ms, mfu 21.09%
iter 3920: loss 0.8798, time 17.28ms, mfu 21.14%
iter 3930: loss 0.9021, time 17.47ms, mfu 21.16%
iter 3940: loss 0.8863, time 17.41ms, mfu 21.18%
iter 3950: loss 0.8870, time 17.48ms, mfu 21.20%
iter 3960: loss 0.9221, time 17.49ms, mfu 21.21%
iter 3970: loss 0.9039, time 17.53ms, mfu 21.21%
iter 3980: loss 0.9062, time 17.30ms, mfu 21.24%
iter 3990: loss 0.8865, time 17.29ms, mfu 21.28%
step 4000: train loss 0.7162, val loss 1.6193
iter 4000: loss 0.8655, time 2382.31ms, mfu 19.16%
iter 4010: loss 0.8844, time 16.81ms, mfu 19.46%
iter 4020: loss 0.8958, time 16.75ms, mfu 19.74%
iter 4030: loss 0.8803, time 17.02ms, mfu 19.96%
iter 4040: loss 0.8821, time 17.14ms, mfu 20.14%
iter 4050: loss 0.8759, time 16.92ms, mfu 20.32%
iter 4060: loss 0.8727, time 17.07ms, mfu 20.48%
iter 4070: loss 0.8732, time 17.30ms, mfu 20.58%
iter 4080: loss 0.8963, time 17.10ms, mfu 20.70%
iter 4090: loss 0.8644, time 17.06ms, mfu 20.82%
iter 4100: loss 0.9028, time 17.07ms, mfu 20.92%
iter 4110: loss 0.8807, time 17.03ms, mfu 21.02%
iter 4120: loss 0.8757, time 16.91ms, mfu 21.12%
iter 4130: loss 0.8669, time 17.06ms, mfu 21.19%
iter 4140: loss 0.8857, time 17.11ms, mfu 21.25%
iter 4150: loss 0.8732, time 17.13ms, mfu 21.30%
iter 4160: loss 0.8688, time 17.34ms, mfu 21.32%
iter 4170: loss 0.8780, time 17.31ms, mfu 21.34%
iter 4180: loss 0.8706, time 17.15ms, mfu 21.38%
iter 4190: loss 0.8694, time 17.80ms, mfu 21.33%
iter 4200: loss 0.8581, time 18.06ms, mfu 21.26%
iter 4210: loss 0.8802, time 17.85ms, mfu 21.23%
iter 4220: loss 0.8666, time 17.85ms, mfu 21.19%
iter 4230: loss 0.8912, time 17.74ms, mfu 21.17%
iter 4240: loss 0.8704, time 17.94ms, mfu 21.13%
step 4250: train loss 0.6858, val loss 1.6435
iter 4250: loss 0.8708, time 2395.91ms, mfu 19.03%
iter 4260: loss 0.8613, time 17.87ms, mfu 19.22%
iter 4270: loss 0.8679, time 17.91ms, mfu 19.38%
iter 4280: loss 0.8560, time 18.09ms, mfu 19.50%
iter 4290: loss 0.8415, time 17.73ms, mfu 19.65%
iter 4300: loss 0.8258, time 17.92ms, mfu 19.76%
iter 4310: loss 0.8557, time 18.06ms, mfu 19.85%
iter 4320: loss 0.8447, time 17.78ms, mfu 19.96%
iter 4330: loss 0.8677, time 17.52ms, mfu 20.09%
iter 4340: loss 0.8396, time 17.51ms, mfu 20.21%
iter 4350: loss 0.8464, time 17.29ms, mfu 20.35%
iter 4360: loss 0.8685, time 17.52ms, mfu 20.44%
iter 4370: loss 0.8611, time 17.04ms, mfu 20.58%
iter 4380: loss 0.8477, time 17.36ms, mfu 20.67%
iter 4390: loss 0.8771, time 17.25ms, mfu 20.76%
iter 4400: loss 0.8614, time 17.76ms, mfu 20.78%
iter 4410: loss 0.8703, time 17.41ms, mfu 20.85%
iter 4420: loss 0.8690, time 17.62ms, mfu 20.88%
iter 4430: loss 0.8533, time 17.49ms, mfu 20.92%
iter 4440: loss 0.8524, time 17.75ms, mfu 20.93%
iter 4450: loss 0.8536, time 17.48ms, mfu 20.97%
iter 4460: loss 0.8397, time 17.49ms, mfu 21.00%
iter 4470: loss 0.8523, time 17.43ms, mfu 21.04%
iter 4480: loss 0.8429, time 17.46ms, mfu 21.07%
iter 4490: loss 0.8585, time 17.45ms, mfu 21.10%
step 4500: train loss 0.6629, val loss 1.6588
iter 4500: loss 0.8659, time 2416.54ms, mfu 19.00%
iter 4510: loss 0.8512, time 17.81ms, mfu 19.19%
iter 4520: loss 0.8441, time 17.89ms, mfu 19.36%
iter 4530: loss 0.8546, time 17.94ms, mfu 19.50%
iter 4540: loss 0.8531, time 18.02ms, mfu 19.62%
iter 4550: loss 0.8819, time 17.65ms, mfu 19.77%
iter 4560: loss 0.8351, time 18.12ms, mfu 19.85%
iter 4570: loss 0.8516, time 18.04ms, mfu 19.93%
iter 4580: loss 0.8632, time 18.27ms, mfu 19.97%
iter 4590: loss 0.8719, time 17.87ms, mfu 20.06%
iter 4600: loss 0.8269, time 18.22ms, mfu 20.10%
iter 4610: loss 0.8704, time 18.20ms, mfu 20.14%
iter 4620: loss 0.8474, time 18.12ms, mfu 20.18%
iter 4630: loss 0.8317, time 17.92ms, mfu 20.24%
iter 4640: loss 0.8508, time 18.17ms, mfu 20.27%
iter 4650: loss 0.8766, time 18.03ms, mfu 20.31%
iter 4660: loss 0.8533, time 18.02ms, mfu 20.35%
iter 4670: loss 0.8426, time 17.52ms, mfu 20.44%
iter 4680: loss 0.8577, time 17.55ms, mfu 20.52%
iter 4690: loss 0.8558, time 17.51ms, mfu 20.59%
iter 4700: loss 0.8331, time 17.52ms, mfu 20.66%
iter 4710: loss 0.8015, time 17.54ms, mfu 20.72%
iter 4720: loss 0.8335, time 17.65ms, mfu 20.76%
iter 4730: loss 0.8265, time 17.59ms, mfu 20.80%
iter 4740: loss 0.8421, time 17.43ms, mfu 20.86%
step 4750: train loss 0.6446, val loss 1.6769
iter 4750: loss 0.8188, time 2386.00ms, mfu 18.79%
iter 4760: loss 0.8216, time 18.62ms, mfu 18.91%
iter 4770: loss 0.8094, time 17.76ms, mfu 19.12%
iter 4780: loss 0.8205, time 18.05ms, mfu 19.27%
iter 4790: loss 0.8522, time 18.16ms, mfu 19.40%
iter 4800: loss 0.8315, time 18.18ms, mfu 19.51%
iter 4810: loss 0.8352, time 18.10ms, mfu 19.61%
iter 4820: loss 0.8244, time 18.02ms, mfu 19.72%
iter 4830: loss 0.8300, time 18.03ms, mfu 19.81%
iter 4840: loss 0.8442, time 18.26ms, mfu 19.87%
iter 4850: loss 0.8345, time 18.02ms, mfu 19.95%
iter 4860: loss 0.8237, time 18.10ms, mfu 20.02%
iter 4870: loss 0.8187, time 18.29ms, mfu 20.05%
iter 4880: loss 0.8363, time 17.85ms, mfu 20.14%
iter 4890: loss 0.8198, time 18.15ms, mfu 20.18%
iter 4900: loss 0.8156, time 18.26ms, mfu 20.20%
iter 4910: loss 0.8341, time 18.43ms, mfu 20.20%
iter 4920: loss 0.8262, time 18.15ms, mfu 20.23%
iter 4930: loss 0.8130, time 18.14ms, mfu 20.26%
iter 4940: loss 0.8096, time 18.13ms, mfu 20.29%
iter 4950: loss 0.8373, time 18.46ms, mfu 20.28%
iter 4960: loss 0.8353, time 17.92ms, mfu 20.33%
iter 4970: loss 0.7957, time 18.38ms, mfu 20.33%
iter 4980: loss 0.8014, time 18.28ms, mfu 20.33%
iter 4990: loss 0.8311, time 18.12ms, mfu 20.36%
step 5000: train loss 0.6296, val loss 1.6980
iter 5000: loss 0.8360, time 2381.95ms, mfu 18.34%
