Overriding config with config/train_shakespeare_char.py:
Overriding: batch_size = 128
Overriding: learning_rate = 0.002
Overriding: csv_path = runs/scale_g1_s2.0_bs128_lr0.002.csv
Overriding: out_dir = out-scale_g1_s2.0_bs128_lr0.002
tokens per iteration will be: 32,768
effective global batch size (sequences) will be: 128
found vocab_size = 65 (inside data/shakespeare_char/meta.pkl)
Initializing a new model from scratch
number of parameters: 10.65M
/u/ddong/workspace/nanoGPT/train.py:243: FutureWarning: `torch.cuda.amp.GradScaler(args...)` is deprecated. Please use `torch.amp.GradScaler('cuda', args...)` instead.
  scaler = torch.cuda.amp.GradScaler(enabled=(dtype == 'float16'))
num decayed parameter tensors: 26, with 10,740,096 parameters
num non-decayed parameter tensors: 13, with 4,992 parameters
using fused AdamW: True
step 0: train loss 4.2874, val loss 4.2823
iter 0: loss 4.2652, time 3743.56ms, mfu -100.00%
iter 10: loss 3.0089, time 20.32ms, mfu 36.68%
iter 20: loss 2.6575, time 17.50ms, mfu 37.27%
iter 30: loss 2.5743, time 17.15ms, mfu 37.89%
iter 40: loss 2.5128, time 16.82ms, mfu 38.53%
iter 50: loss 2.5023, time 17.62ms, mfu 38.91%
iter 60: loss 2.4634, time 16.74ms, mfu 39.47%
iter 70: loss 2.4836, time 16.82ms, mfu 39.95%
iter 80: loss 2.4527, time 16.95ms, mfu 40.35%
iter 90: loss 2.4431, time 16.80ms, mfu 40.76%
iter 100: loss 2.4255, time 20.35ms, mfu 40.34%
iter 110: loss 2.4113, time 17.07ms, mfu 40.67%
iter 120: loss 2.3639, time 16.19ms, mfu 41.21%
iter 130: loss 2.3461, time 15.91ms, mfu 41.77%
iter 140: loss 2.2545, time 16.29ms, mfu 42.17%
iter 150: loss 2.1719, time 15.79ms, mfu 42.68%
iter 160: loss 2.0793, time 16.74ms, mfu 42.86%
iter 170: loss 2.0367, time 16.32ms, mfu 43.14%
iter 180: loss 1.9800, time 17.05ms, mfu 43.20%
iter 190: loss 1.9527, time 16.64ms, mfu 43.36%
iter 200: loss 1.9415, time 20.00ms, mfu 42.75%
iter 210: loss 1.9021, time 16.78ms, mfu 42.91%
iter 220: loss 1.8581, time 19.30ms, mfu 42.48%
iter 230: loss 1.8079, time 19.21ms, mfu 42.11%
iter 240: loss 1.7788, time 16.62ms, mfu 42.39%
step 250: train loss 1.6788, val loss 1.8622
saving checkpoint to out-scale_g1_s2.0_bs128_lr0.002
iter 250: loss 1.7665, time 4003.43ms, mfu 38.17%
iter 260: loss 1.7592, time 16.94ms, mfu 38.75%
iter 270: loss 1.7082, time 16.70ms, mfu 39.34%
iter 280: loss 1.7327, time 16.71ms, mfu 39.86%
iter 290: loss 1.7055, time 16.80ms, mfu 40.31%
iter 300: loss 1.6640, time 21.93ms, mfu 39.68%
iter 310: loss 1.6634, time 19.68ms, mfu 39.50%
iter 320: loss 1.6224, time 19.50ms, mfu 39.37%
iter 330: loss 1.6386, time 16.55ms, mfu 39.94%
iter 340: loss 1.6231, time 16.77ms, mfu 40.39%
iter 350: loss 1.6037, time 17.03ms, mfu 40.73%
iter 360: loss 1.5922, time 16.31ms, mfu 41.22%
iter 370: loss 1.5695, time 16.66ms, mfu 41.57%
iter 380: loss 1.5666, time 16.34ms, mfu 41.98%
iter 390: loss 1.5645, time 16.73ms, mfu 42.23%
iter 400: loss 1.5359, time 21.18ms, mfu 41.53%
iter 410: loss 1.5362, time 17.00ms, mfu 41.76%
iter 420: loss 1.5128, time 17.60ms, mfu 41.82%
iter 430: loss 1.4979, time 17.22ms, mfu 41.96%
iter 440: loss 1.4999, time 16.72ms, mfu 42.23%
iter 450: loss 1.5039, time 16.87ms, mfu 42.42%
iter 460: loss 1.4674, time 17.01ms, mfu 42.56%
iter 470: loss 1.4558, time 16.89ms, mfu 42.72%
iter 480: loss 1.4600, time 17.27ms, mfu 42.76%
iter 490: loss 1.4539, time 16.85ms, mfu 42.91%
step 500: train loss 1.3559, val loss 1.5846
saving checkpoint to out-scale_g1_s2.0_bs128_lr0.002
iter 500: loss 1.4211, time 4114.03ms, mfu 38.63%
iter 510: loss 1.4296, time 17.35ms, mfu 39.07%
iter 520: loss 1.4056, time 17.48ms, mfu 39.42%
iter 530: loss 1.4340, time 17.11ms, mfu 39.83%
iter 540: loss 1.4473, time 17.35ms, mfu 40.15%
iter 550: loss 1.4312, time 16.70ms, mfu 40.60%
iter 560: loss 1.3868, time 16.86ms, mfu 40.96%
iter 570: loss 1.3937, time 16.90ms, mfu 41.27%
iter 580: loss 1.3840, time 17.15ms, mfu 41.49%
iter 590: loss 1.3952, time 17.28ms, mfu 41.65%
iter 600: loss 1.3760, time 21.34ms, mfu 40.98%
iter 610: loss 1.3681, time 17.22ms, mfu 41.21%
iter 620: loss 1.3591, time 17.27ms, mfu 41.40%
iter 630: loss 1.3499, time 17.45ms, mfu 41.53%
iter 640: loss 1.3388, time 17.60ms, mfu 41.62%
iter 650: loss 1.3694, time 17.30ms, mfu 41.76%
iter 660: loss 1.3706, time 17.00ms, mfu 41.97%
iter 670: loss 1.3609, time 17.27ms, mfu 42.09%
iter 680: loss 1.3281, time 19.72ms, mfu 41.66%
iter 690: loss 1.3192, time 17.17ms, mfu 41.83%
iter 700: loss 1.3336, time 21.12ms, mfu 41.18%
iter 710: loss 1.3379, time 17.10ms, mfu 41.42%
iter 720: loss 1.3232, time 16.92ms, mfu 41.68%
iter 730: loss 1.3156, time 16.96ms, mfu 41.91%
iter 740: loss 1.3035, time 16.61ms, mfu 42.20%
step 750: train loss 1.2180, val loss 1.4979
saving checkpoint to out-scale_g1_s2.0_bs128_lr0.002
iter 750: loss 1.2714, time 4104.98ms, mfu 38.00%
iter 760: loss 1.3005, time 19.73ms, mfu 37.98%
iter 770: loss 1.3176, time 16.69ms, mfu 38.64%
iter 780: loss 1.3008, time 17.24ms, mfu 39.10%
iter 790: loss 1.2822, time 17.46ms, mfu 39.46%
iter 800: loss 1.2852, time 21.69ms, mfu 38.95%
iter 810: loss 1.2720, time 17.36ms, mfu 39.35%
iter 820: loss 1.2945, time 16.68ms, mfu 39.88%
iter 830: loss 1.2838, time 17.48ms, mfu 40.16%
iter 840: loss 1.2744, time 17.16ms, mfu 40.48%
iter 850: loss 1.2659, time 17.23ms, mfu 40.76%
iter 860: loss 1.2631, time 17.33ms, mfu 40.98%
iter 870: loss 1.2688, time 17.30ms, mfu 41.19%
iter 880: loss 1.2561, time 17.20ms, mfu 41.41%
iter 890: loss 1.2713, time 17.63ms, mfu 41.49%
iter 900: loss 1.2585, time 19.87ms, mfu 41.09%
iter 910: loss 1.2281, time 17.02ms, mfu 41.37%
iter 920: loss 1.2339, time 17.26ms, mfu 41.55%
iter 930: loss 1.2364, time 16.91ms, mfu 41.80%
iter 940: loss 1.2557, time 17.26ms, mfu 41.94%
iter 950: loss 1.2250, time 20.98ms, mfu 41.29%
iter 960: loss 1.2383, time 17.27ms, mfu 41.48%
iter 970: loss 1.1928, time 17.11ms, mfu 41.69%
iter 980: loss 1.2105, time 17.23ms, mfu 41.84%
iter 990: loss 1.2217, time 16.81ms, mfu 42.09%
step 1000: train loss 1.1239, val loss 1.4706
saving checkpoint to out-scale_g1_s2.0_bs128_lr0.002
iter 1000: loss 1.2059, time 3809.12ms, mfu 37.90%
iter 1010: loss 1.2072, time 17.42ms, mfu 38.39%
iter 1020: loss 1.2005, time 17.61ms, mfu 38.78%
iter 1030: loss 1.2115, time 20.28ms, mfu 38.58%
iter 1040: loss 1.2162, time 16.89ms, mfu 39.13%
iter 1050: loss 1.1767, time 17.45ms, mfu 39.49%
iter 1060: loss 1.2017, time 16.82ms, mfu 39.97%
iter 1070: loss 1.1841, time 16.92ms, mfu 40.38%
iter 1080: loss 1.1893, time 17.13ms, mfu 40.69%
iter 1090: loss 1.2006, time 16.48ms, mfu 41.14%
iter 1100: loss 1.1907, time 19.72ms, mfu 40.81%
iter 1110: loss 1.1832, time 16.92ms, mfu 41.13%
iter 1120: loss 1.1804, time 17.12ms, mfu 41.37%
iter 1130: loss 1.1594, time 17.41ms, mfu 41.51%
iter 1140: loss 1.1583, time 17.05ms, mfu 41.73%
iter 1150: loss 1.1867, time 19.46ms, mfu 41.39%
iter 1160: loss 1.1636, time 19.81ms, mfu 41.01%
iter 1170: loss 1.1744, time 16.97ms, mfu 41.30%
iter 1180: loss 1.1759, time 17.09ms, mfu 41.53%
iter 1190: loss 1.1590, time 16.71ms, mfu 41.84%
iter 1200: loss 1.1509, time 21.10ms, mfu 41.19%
iter 1210: loss 1.1752, time 17.26ms, mfu 41.39%
iter 1220: loss 1.1366, time 17.17ms, mfu 41.59%
iter 1230: loss 1.1450, time 17.15ms, mfu 41.78%
iter 1240: loss 1.1491, time 17.33ms, mfu 41.90%
step 1250: train loss 1.0411, val loss 1.4780
iter 1250: loss 1.1371, time 3631.59ms, mfu 37.73%
iter 1260: loss 1.1390, time 18.83ms, mfu 37.91%
iter 1270: loss 1.1310, time 18.64ms, mfu 38.12%
iter 1280: loss 1.1447, time 16.57ms, mfu 38.81%
iter 1290: loss 1.1243, time 17.04ms, mfu 39.30%
iter 1300: loss 1.1183, time 21.29ms, mfu 38.87%
iter 1310: loss 1.1440, time 16.91ms, mfu 39.39%
iter 1320: loss 1.1225, time 16.46ms, mfu 39.98%
iter 1330: loss 1.1088, time 17.36ms, mfu 40.27%
iter 1340: loss 1.1321, time 16.42ms, mfu 40.78%
iter 1350: loss 1.1007, time 16.46ms, mfu 41.23%
iter 1360: loss 1.1126, time 16.54ms, mfu 41.61%
iter 1370: loss 1.1238, time 16.54ms, mfu 41.96%
iter 1380: loss 1.1222, time 16.21ms, mfu 42.36%
iter 1390: loss 1.1183, time 16.70ms, mfu 42.59%
iter 1400: loss 1.0854, time 21.33ms, mfu 41.82%
iter 1410: loss 1.1021, time 16.82ms, mfu 42.07%
iter 1420: loss 1.0777, time 17.02ms, mfu 42.24%
iter 1430: loss 1.0779, time 16.66ms, mfu 42.49%
iter 1440: loss 1.0881, time 16.86ms, mfu 42.66%
iter 1450: loss 1.0975, time 16.58ms, mfu 42.89%
iter 1460: loss 1.0900, time 16.78ms, mfu 43.04%
iter 1470: loss 1.0706, time 17.07ms, mfu 43.10%
iter 1480: loss 1.0713, time 16.84ms, mfu 43.22%
iter 1490: loss 1.0700, time 16.78ms, mfu 43.34%
step 1500: train loss 0.9597, val loss 1.4946
iter 1500: loss 1.0713, time 3605.79ms, mfu 39.02%
iter 1510: loss 1.0534, time 17.18ms, mfu 39.46%
iter 1520: loss 1.0565, time 23.59ms, mfu 38.67%
iter 1530: loss 1.0770, time 17.36ms, mfu 39.10%
iter 1540: loss 1.0649, time 17.16ms, mfu 39.53%
iter 1550: loss 1.0658, time 16.70ms, mfu 40.04%
iter 1560: loss 1.0603, time 16.77ms, mfu 40.48%
iter 1570: loss 1.0319, time 16.65ms, mfu 40.91%
iter 1580: loss 1.0545, time 16.67ms, mfu 41.29%
iter 1590: loss 1.0594, time 16.71ms, mfu 41.62%
iter 1600: loss 1.0487, time 20.77ms, mfu 41.05%
iter 1610: loss 1.0378, time 17.07ms, mfu 41.31%
iter 1620: loss 1.0295, time 17.21ms, mfu 41.51%
iter 1630: loss 1.0551, time 17.33ms, mfu 41.66%
iter 1640: loss 1.0285, time 16.54ms, mfu 42.00%
iter 1650: loss 1.0157, time 16.76ms, mfu 42.24%
iter 1660: loss 1.0304, time 16.89ms, mfu 42.43%
iter 1670: loss 1.0247, time 16.51ms, mfu 42.70%
iter 1680: loss 1.0213, time 16.43ms, mfu 42.97%
iter 1690: loss 1.0256, time 17.26ms, mfu 42.99%
iter 1700: loss 1.0171, time 22.33ms, mfu 42.03%
iter 1710: loss 1.0188, time 16.94ms, mfu 42.22%
iter 1720: loss 1.0363, time 16.84ms, mfu 42.43%
iter 1730: loss 1.0135, time 17.12ms, mfu 42.54%
iter 1740: loss 1.0106, time 16.44ms, mfu 42.82%
step 1750: train loss 0.8759, val loss 1.5431
iter 1750: loss 1.0059, time 3628.10ms, mfu 38.56%
iter 1760: loss 1.0225, time 16.64ms, mfu 39.18%
iter 1770: loss 1.0033, time 17.16ms, mfu 39.61%
iter 1780: loss 0.9971, time 16.61ms, mfu 40.13%
iter 1790: loss 0.9785, time 17.06ms, mfu 40.49%
iter 1800: loss 1.0067, time 22.03ms, mfu 39.82%
iter 1810: loss 0.9913, time 17.25ms, mfu 40.16%
iter 1820: loss 0.9981, time 17.69ms, mfu 40.36%
iter 1830: loss 0.9732, time 18.40ms, mfu 40.37%
iter 1840: loss 1.0075, time 18.11ms, mfu 40.45%
iter 1850: loss 1.0035, time 17.39ms, mfu 40.69%
iter 1860: loss 0.9952, time 17.68ms, mfu 40.84%
iter 1870: loss 0.9691, time 18.04ms, mfu 40.88%
iter 1880: loss 0.9972, time 17.36ms, mfu 41.09%
iter 1890: loss 0.9825, time 17.57ms, mfu 41.22%
iter 1900: loss 0.9843, time 20.67ms, mfu 40.71%
iter 1910: loss 0.9759, time 17.28ms, mfu 40.95%
iter 1920: loss 0.9620, time 17.22ms, mfu 41.18%
iter 1930: loss 0.9723, time 16.80ms, mfu 41.50%
iter 1940: loss 0.9498, time 16.44ms, mfu 41.88%
iter 1950: loss 0.9635, time 16.58ms, mfu 42.19%
iter 1960: loss 0.9502, time 16.42ms, mfu 42.51%
iter 1970: loss 0.9382, time 16.42ms, mfu 42.80%
iter 1980: loss 0.9695, time 16.71ms, mfu 42.98%
iter 1990: loss 0.9766, time 16.91ms, mfu 43.09%
step 2000: train loss 0.7969, val loss 1.5839
iter 2000: loss 0.9431, time 3614.07ms, mfu 38.80%
iter 2010: loss 0.9455, time 21.40ms, mfu 38.40%
iter 2020: loss 0.9527, time 16.81ms, mfu 38.99%
iter 2030: loss 0.9561, time 15.97ms, mfu 39.76%
iter 2040: loss 0.9358, time 16.89ms, mfu 40.20%
iter 2050: loss 0.9255, time 16.95ms, mfu 40.58%
iter 2060: loss 0.9343, time 16.42ms, mfu 41.06%
iter 2070: loss 0.9139, time 16.65ms, mfu 41.43%
iter 2080: loss 0.9405, time 16.22ms, mfu 41.88%
iter 2090: loss 0.9403, time 16.48ms, mfu 42.21%
iter 2100: loss 0.9217, time 21.35ms, mfu 41.48%
iter 2110: loss 0.9357, time 16.54ms, mfu 41.84%
iter 2120: loss 0.9256, time 16.62ms, mfu 42.14%
iter 2130: loss 0.9026, time 16.52ms, mfu 42.44%
iter 2140: loss 0.9166, time 16.60ms, mfu 42.68%
iter 2150: loss 0.9117, time 16.55ms, mfu 42.92%
iter 2160: loss 0.8856, time 16.42ms, mfu 43.17%
iter 2170: loss 0.8992, time 16.64ms, mfu 43.33%
iter 2180: loss 0.9067, time 16.84ms, mfu 43.42%
iter 2190: loss 0.9155, time 16.50ms, mfu 43.60%
iter 2200: loss 0.8972, time 21.35ms, mfu 42.73%
iter 2210: loss 0.8956, time 16.96ms, mfu 42.85%
iter 2220: loss 0.9065, time 16.73ms, mfu 43.02%
iter 2230: loss 0.8861, time 16.61ms, mfu 43.20%
iter 2240: loss 0.8682, time 16.55ms, mfu 43.39%
step 2250: train loss 0.7101, val loss 1.6296
iter 2250: loss 0.8992, time 3671.94ms, mfu 39.07%
iter 2260: loss 0.8919, time 16.31ms, mfu 39.73%
iter 2270: loss 0.8897, time 16.45ms, mfu 40.29%
iter 2280: loss 0.8934, time 16.55ms, mfu 40.76%
iter 2290: loss 0.8532, time 16.28ms, mfu 41.26%
iter 2300: loss 0.8897, time 22.82ms, mfu 40.40%
iter 2310: loss 0.8637, time 16.73ms, mfu 40.82%
iter 2320: loss 0.8630, time 16.78ms, mfu 41.18%
iter 2330: loss 0.8886, time 16.34ms, mfu 41.62%
iter 2340: loss 0.8801, time 16.73ms, mfu 41.91%
iter 2350: loss 0.8673, time 16.58ms, mfu 42.22%
iter 2360: loss 0.8576, time 17.07ms, mfu 42.36%
iter 2370: loss 0.8587, time 16.99ms, mfu 42.51%
iter 2380: loss 0.8532, time 16.34ms, mfu 42.82%
iter 2390: loss 0.8459, time 16.70ms, mfu 43.00%
iter 2400: loss 0.8604, time 20.37ms, mfu 42.36%
iter 2410: loss 0.8434, time 16.91ms, mfu 42.53%
iter 2420: loss 0.8542, time 17.54ms, mfu 42.53%
iter 2430: loss 0.8441, time 17.07ms, mfu 42.64%
iter 2440: loss 0.8391, time 17.17ms, mfu 42.72%
iter 2450: loss 0.8321, time 17.15ms, mfu 42.79%
iter 2460: loss 0.8439, time 17.01ms, mfu 42.89%
iter 2470: loss 0.8280, time 17.26ms, mfu 42.92%
iter 2480: loss 0.8566, time 16.90ms, mfu 43.04%
iter 2490: loss 0.8174, time 16.90ms, mfu 43.14%
step 2500: train loss 0.6348, val loss 1.6993
iter 2500: loss 0.8381, time 3606.76ms, mfu 38.85%
iter 2510: loss 0.8253, time 16.16ms, mfu 39.58%
iter 2520: loss 0.8316, time 16.89ms, mfu 40.03%
iter 2530: loss 0.8243, time 17.14ms, mfu 40.38%
iter 2540: loss 0.8121, time 17.10ms, mfu 40.70%
iter 2550: loss 0.8453, time 17.30ms, mfu 40.94%
iter 2560: loss 0.8081, time 17.11ms, mfu 41.20%
iter 2570: loss 0.8380, time 16.92ms, mfu 41.48%
iter 2580: loss 0.8280, time 17.04ms, mfu 41.71%
iter 2590: loss 0.8106, time 16.75ms, mfu 41.99%
iter 2600: loss 0.8029, time 19.90ms, mfu 41.53%
iter 2610: loss 0.8214, time 16.79ms, mfu 41.82%
iter 2620: loss 0.8197, time 16.77ms, mfu 42.08%
iter 2630: loss 0.7909, time 16.77ms, mfu 42.32%
iter 2640: loss 0.7960, time 16.63ms, mfu 42.57%
iter 2650: loss 0.7967, time 16.85ms, mfu 42.73%
iter 2660: loss 0.8042, time 16.62ms, mfu 42.94%
iter 2670: loss 0.7908, time 17.10ms, mfu 43.01%
iter 2680: loss 0.7941, time 16.93ms, mfu 43.11%
iter 2690: loss 0.7926, time 16.58ms, mfu 43.29%
iter 2700: loss 0.7800, time 21.44ms, mfu 42.44%
iter 2710: loss 0.7966, time 16.90ms, mfu 42.60%
iter 2720: loss 0.7983, time 16.64ms, mfu 42.82%
iter 2730: loss 0.7913, time 16.63ms, mfu 43.02%
iter 2740: loss 0.7851, time 16.86ms, mfu 43.14%
step 2750: train loss 0.5576, val loss 1.7685
iter 2750: loss 0.7664, time 3602.25ms, mfu 38.85%
iter 2760: loss 0.7871, time 16.94ms, mfu 39.36%
iter 2770: loss 0.7716, time 16.95ms, mfu 39.82%
iter 2780: loss 0.7753, time 17.25ms, mfu 40.16%
iter 2790: loss 0.7787, time 16.71ms, mfu 40.60%
iter 2800: loss 0.7644, time 20.33ms, mfu 40.21%
iter 2810: loss 0.7845, time 16.62ms, mfu 40.67%
iter 2820: loss 0.7685, time 16.54ms, mfu 41.11%
iter 2830: loss 0.7818, time 16.53ms, mfu 41.51%
iter 2840: loss 0.7735, time 16.81ms, mfu 41.79%
iter 2850: loss 0.7651, time 16.63ms, mfu 42.10%
iter 2860: loss 0.7466, time 16.62ms, mfu 42.37%
iter 2870: loss 0.7460, time 16.64ms, mfu 42.61%
iter 2880: loss 0.7437, time 16.62ms, mfu 42.83%
iter 2890: loss 0.7317, time 16.53ms, mfu 43.06%
iter 2900: loss 0.7387, time 20.36ms, mfu 42.41%
iter 2910: loss 0.7483, time 17.32ms, mfu 42.48%
iter 2920: loss 0.7414, time 17.06ms, mfu 42.60%
iter 2930: loss 0.7337, time 16.88ms, mfu 42.75%
iter 2940: loss 0.7453, time 16.80ms, mfu 42.91%
iter 2950: loss 0.7227, time 16.80ms, mfu 43.06%
iter 2960: loss 0.7426, time 16.68ms, mfu 43.22%
iter 2970: loss 0.7436, time 17.05ms, mfu 43.27%
iter 2980: loss 0.7292, time 16.15ms, mfu 43.56%
iter 2990: loss 0.7298, time 16.34ms, mfu 43.76%
step 3000: train loss 0.4891, val loss 1.8383
iter 3000: loss 0.7218, time 3611.95ms, mfu 39.41%
iter 3010: loss 0.7114, time 16.93ms, mfu 39.87%
iter 3020: loss 0.7197, time 17.06ms, mfu 40.25%
iter 3030: loss 0.7300, time 17.20ms, mfu 40.56%
iter 3040: loss 0.7128, time 16.99ms, mfu 40.89%
iter 3050: loss 0.7197, time 16.99ms, mfu 41.18%
iter 3060: loss 0.7129, time 16.76ms, mfu 41.51%
iter 3070: loss 0.7142, time 16.90ms, mfu 41.77%
iter 3080: loss 0.7184, time 16.86ms, mfu 42.02%
iter 3090: loss 0.6961, time 16.33ms, mfu 42.38%
iter 3100: loss 0.6998, time 21.78ms, mfu 41.56%
iter 3110: loss 0.6897, time 16.20ms, mfu 42.01%
iter 3120: loss 0.7085, time 16.73ms, mfu 42.26%
iter 3130: loss 0.6816, time 16.69ms, mfu 42.50%
iter 3140: loss 0.6895, time 16.75ms, mfu 42.70%
iter 3150: loss 0.7016, time 16.08ms, mfu 43.07%
iter 3160: loss 0.7193, time 16.49ms, mfu 43.28%
iter 3170: loss 0.7032, time 16.43ms, mfu 43.49%
iter 3180: loss 0.6795, time 16.58ms, mfu 43.63%
iter 3190: loss 0.6943, time 16.84ms, mfu 43.69%
iter 3200: loss 0.6867, time 22.33ms, mfu 42.66%
iter 3210: loss 0.6976, time 16.73ms, mfu 42.85%
iter 3220: loss 0.6892, time 16.80ms, mfu 43.00%
iter 3230: loss 0.6894, time 16.68ms, mfu 43.17%
iter 3240: loss 0.6909, time 16.21ms, mfu 43.45%
step 3250: train loss 0.4324, val loss 1.9008
iter 3250: loss 0.6723, time 3621.53ms, mfu 39.13%
iter 3260: loss 0.6767, time 18.94ms, mfu 39.15%
iter 3270: loss 0.6826, time 18.30ms, mfu 39.31%
iter 3280: loss 0.6703, time 18.91ms, mfu 39.32%
iter 3290: loss 0.6748, time 19.06ms, mfu 39.29%
iter 3300: loss 0.6742, time 21.32ms, mfu 38.86%
iter 3310: loss 0.6817, time 20.47ms, mfu 38.62%
iter 3320: loss 0.6594, time 19.67ms, mfu 38.54%
iter 3330: loss 0.6742, time 19.19ms, mfu 38.57%
iter 3340: loss 0.6524, time 19.53ms, mfu 38.53%
iter 3350: loss 0.6547, time 20.23ms, mfu 38.36%
iter 3360: loss 0.6527, time 19.43ms, mfu 38.36%
iter 3370: loss 0.6608, time 19.18ms, mfu 38.41%
iter 3380: loss 0.6531, time 19.07ms, mfu 38.48%
iter 3390: loss 0.6697, time 19.33ms, mfu 38.48%
iter 3400: loss 0.6562, time 21.70ms, mfu 38.07%
iter 3410: loss 0.6445, time 18.85ms, mfu 38.22%
iter 3420: loss 0.6379, time 19.03ms, mfu 38.31%
iter 3430: loss 0.6548, time 18.79ms, mfu 38.45%
iter 3440: loss 0.6406, time 19.16ms, mfu 38.49%
iter 3450: loss 0.6585, time 18.54ms, mfu 38.66%
iter 3460: loss 0.6489, time 18.61ms, mfu 38.80%
iter 3470: loss 0.6584, time 19.04ms, mfu 38.83%
iter 3480: loss 0.6359, time 19.69ms, mfu 38.74%
iter 3490: loss 0.6359, time 18.40ms, mfu 38.91%
step 3500: train loss 0.3830, val loss 1.9502
iter 3500: loss 0.6365, time 3673.13ms, mfu 35.04%
iter 3510: loss 0.6430, time 19.51ms, mfu 35.36%
iter 3520: loss 0.6574, time 19.11ms, mfu 35.72%
iter 3530: loss 0.6392, time 18.89ms, mfu 36.09%
iter 3540: loss 0.6191, time 19.04ms, mfu 36.40%
iter 3550: loss 0.6310, time 19.19ms, mfu 36.64%
iter 3560: loss 0.6329, time 19.28ms, mfu 36.84%
iter 3570: loss 0.6344, time 19.40ms, mfu 37.00%
iter 3580: loss 0.6141, time 19.14ms, mfu 37.20%
iter 3590: loss 0.6162, time 19.32ms, mfu 37.33%
iter 3600: loss 0.6193, time 20.74ms, mfu 37.19%
iter 3610: loss 0.6231, time 18.27ms, mfu 37.55%
iter 3620: loss 0.6314, time 18.84ms, mfu 37.75%
iter 3630: loss 0.6047, time 19.44ms, mfu 37.81%
iter 3640: loss 0.6139, time 18.40ms, mfu 38.08%
iter 3650: loss 0.6104, time 18.87ms, mfu 38.22%
iter 3660: loss 0.5995, time 18.55ms, mfu 38.42%
iter 3670: loss 0.6130, time 18.95ms, mfu 38.51%
iter 3680: loss 0.6202, time 18.59ms, mfu 38.67%
iter 3690: loss 0.6002, time 18.67ms, mfu 38.79%
iter 3700: loss 0.6231, time 21.52ms, mfu 38.38%
iter 3710: loss 0.6216, time 18.54ms, mfu 38.56%
iter 3720: loss 0.6110, time 19.34ms, mfu 38.56%
iter 3730: loss 0.6143, time 18.81ms, mfu 38.66%
iter 3740: loss 0.6058, time 19.12ms, mfu 38.69%
step 3750: train loss 0.3432, val loss 2.0081
iter 3750: loss 0.6052, time 3676.19ms, mfu 34.85%
iter 3760: loss 0.5996, time 19.46ms, mfu 35.19%
iter 3770: loss 0.5853, time 18.69ms, mfu 35.66%
iter 3780: loss 0.5914, time 19.28ms, mfu 35.96%
iter 3790: loss 0.5946, time 18.83ms, mfu 36.32%
iter 3800: loss 0.5889, time 21.49ms, mfu 36.16%
iter 3810: loss 0.5825, time 18.54ms, mfu 36.56%
iter 3820: loss 0.5835, time 19.02ms, mfu 36.82%
iter 3830: loss 0.5829, time 18.49ms, mfu 37.17%
iter 3840: loss 0.5861, time 18.88ms, mfu 37.40%
iter 3850: loss 0.5990, time 18.46ms, mfu 37.70%
iter 3860: loss 0.5850, time 19.04ms, mfu 37.84%
iter 3870: loss 0.5953, time 18.77ms, mfu 38.03%
iter 3880: loss 0.5941, time 18.84ms, mfu 38.18%
iter 3890: loss 0.5879, time 19.00ms, mfu 38.29%
iter 3900: loss 0.5832, time 21.09ms, mfu 37.99%
iter 3910: loss 0.5674, time 18.86ms, mfu 38.14%
iter 3920: loss 0.5862, time 18.86ms, mfu 38.28%
iter 3930: loss 0.5684, time 18.90ms, mfu 38.40%
iter 3940: loss 0.5873, time 18.29ms, mfu 38.63%
iter 3950: loss 0.5879, time 18.96ms, mfu 38.70%
iter 3960: loss 0.5643, time 18.80ms, mfu 38.79%
iter 3970: loss 0.5770, time 18.58ms, mfu 38.93%
iter 3980: loss 0.5829, time 18.50ms, mfu 39.06%
iter 3990: loss 0.5694, time 18.95ms, mfu 39.09%
step 4000: train loss 0.3092, val loss 2.0688
iter 4000: loss 0.5696, time 3734.50ms, mfu 35.20%
iter 4010: loss 0.5745, time 16.22ms, mfu 36.28%
iter 4020: loss 0.5729, time 16.25ms, mfu 37.24%
iter 4030: loss 0.5655, time 16.41ms, mfu 38.05%
iter 4040: loss 0.5654, time 16.26ms, mfu 38.83%
iter 4050: loss 0.5571, time 16.35ms, mfu 39.51%
iter 4060: loss 0.5629, time 16.27ms, mfu 40.13%
iter 4070: loss 0.5600, time 16.42ms, mfu 40.66%
iter 4080: loss 0.5631, time 16.30ms, mfu 41.17%
iter 4090: loss 0.5644, time 16.39ms, mfu 41.60%
iter 4100: loss 0.5690, time 23.34ms, mfu 40.63%
iter 4110: loss 0.5673, time 16.44ms, mfu 41.10%
iter 4120: loss 0.5606, time 16.51ms, mfu 41.51%
iter 4130: loss 0.5645, time 16.31ms, mfu 41.92%
iter 4140: loss 0.5512, time 16.46ms, mfu 42.26%
iter 4150: loss 0.5568, time 16.31ms, mfu 42.60%
iter 4160: loss 0.5581, time 16.38ms, mfu 42.89%
iter 4170: loss 0.5555, time 16.32ms, mfu 43.17%
iter 4180: loss 0.5545, time 16.44ms, mfu 43.39%
iter 4190: loss 0.5598, time 16.44ms, mfu 43.58%
iter 4200: loss 0.5472, time 22.55ms, mfu 42.53%
iter 4210: loss 0.5476, time 16.52ms, mfu 42.79%
iter 4220: loss 0.5596, time 16.38ms, mfu 43.06%
iter 4230: loss 0.5709, time 16.39ms, mfu 43.30%
iter 4240: loss 0.5470, time 16.36ms, mfu 43.53%
step 4250: train loss 0.2843, val loss 2.1102
iter 4250: loss 0.5506, time 3610.97ms, mfu 39.19%
iter 4260: loss 0.5499, time 16.51ms, mfu 39.79%
iter 4270: loss 0.5350, time 16.71ms, mfu 40.27%
iter 4280: loss 0.5577, time 16.52ms, mfu 40.75%
iter 4290: loss 0.5544, time 16.68ms, mfu 41.15%
iter 4300: loss 0.5574, time 20.86ms, mfu 40.60%
iter 4310: loss 0.5541, time 16.78ms, mfu 40.99%
iter 4320: loss 0.5522, time 16.77ms, mfu 41.33%
iter 4330: loss 0.5463, time 16.50ms, mfu 41.71%
iter 4340: loss 0.5504, time 16.54ms, mfu 42.05%
iter 4350: loss 0.5433, time 16.55ms, mfu 42.35%
iter 4360: loss 0.5386, time 16.88ms, mfu 42.53%
iter 4370: loss 0.5366, time 16.60ms, mfu 42.76%
iter 4380: loss 0.5465, time 16.51ms, mfu 43.00%
iter 4390: loss 0.5322, time 16.50ms, mfu 43.22%
iter 4400: loss 0.5475, time 23.60ms, mfu 42.05%
iter 4410: loss 0.5387, time 16.56ms, mfu 42.35%
iter 4420: loss 0.5328, time 16.82ms, mfu 42.54%
iter 4430: loss 0.5483, time 16.41ms, mfu 42.83%
iter 4440: loss 0.5315, time 16.41ms, mfu 43.09%
iter 4450: loss 0.5325, time 16.61ms, mfu 43.27%
iter 4460: loss 0.5341, time 16.60ms, mfu 43.43%
iter 4470: loss 0.5310, time 16.65ms, mfu 43.56%
iter 4480: loss 0.5274, time 16.37ms, mfu 43.76%
iter 4490: loss 0.5350, time 16.95ms, mfu 43.78%
step 4500: train loss 0.2679, val loss 2.1451
iter 4500: loss 0.5281, time 3611.18ms, mfu 39.42%
iter 4510: loss 0.5278, time 17.10ms, mfu 39.84%
iter 4520: loss 0.5414, time 16.70ms, mfu 40.32%
iter 4530: loss 0.5293, time 17.27ms, mfu 40.60%
iter 4540: loss 0.5198, time 16.73ms, mfu 41.00%
iter 4550: loss 0.5411, time 16.89ms, mfu 41.31%
iter 4560: loss 0.5338, time 16.62ms, mfu 41.66%
iter 4570: loss 0.5333, time 16.97ms, mfu 41.89%
iter 4580: loss 0.5230, time 16.96ms, mfu 42.09%
iter 4590: loss 0.5220, time 16.94ms, mfu 42.28%
iter 4600: loss 0.5276, time 20.14ms, mfu 41.75%
iter 4610: loss 0.5282, time 16.66ms, mfu 42.05%
iter 4620: loss 0.5230, time 16.96ms, mfu 42.24%
iter 4630: loss 0.5343, time 16.91ms, mfu 42.42%
iter 4640: loss 0.5277, time 17.08ms, mfu 42.54%
iter 4650: loss 0.5277, time 16.60ms, mfu 42.78%
iter 4660: loss 0.5220, time 16.84ms, mfu 42.93%
iter 4670: loss 0.5259, time 16.97ms, mfu 43.02%
iter 4680: loss 0.5171, time 16.82ms, mfu 43.15%
iter 4690: loss 0.5313, time 16.81ms, mfu 43.27%
iter 4700: loss 0.5213, time 20.74ms, mfu 42.54%
iter 4710: loss 0.5284, time 17.04ms, mfu 42.66%
iter 4720: loss 0.5187, time 17.05ms, mfu 42.76%
iter 4730: loss 0.5181, time 16.94ms, mfu 42.89%
iter 4740: loss 0.5178, time 17.06ms, mfu 42.97%
step 4750: train loss 0.2543, val loss 2.1623
iter 4750: loss 0.5243, time 3634.35ms, mfu 38.69%
iter 4760: loss 0.5084, time 16.87ms, mfu 39.24%
iter 4770: loss 0.5122, time 17.00ms, mfu 39.70%
iter 4780: loss 0.5170, time 16.88ms, mfu 40.14%
iter 4790: loss 0.5166, time 16.94ms, mfu 40.53%
iter 4800: loss 0.5188, time 20.21ms, mfu 40.16%
iter 4810: loss 0.5250, time 16.63ms, mfu 40.63%
iter 4820: loss 0.5033, time 16.95ms, mfu 40.96%
iter 4830: loss 0.5068, time 16.90ms, mfu 41.27%
iter 4840: loss 0.5195, time 16.97ms, mfu 41.54%
iter 4850: loss 0.5161, time 16.82ms, mfu 41.81%
iter 4860: loss 0.5054, time 16.94ms, mfu 42.03%
iter 4870: loss 0.5094, time 16.81ms, mfu 42.26%
iter 4880: loss 0.5160, time 16.73ms, mfu 42.49%
iter 4890: loss 0.5102, time 16.91ms, mfu 42.65%
iter 4900: loss 0.5142, time 20.12ms, mfu 42.09%
iter 4910: loss 0.5117, time 16.69ms, mfu 42.34%
iter 4920: loss 0.5173, time 16.99ms, mfu 42.50%
iter 4930: loss 0.5209, time 16.96ms, mfu 42.64%
iter 4940: loss 0.5166, time 16.87ms, mfu 42.79%
iter 4950: loss 0.5062, time 17.35ms, mfu 42.81%
iter 4960: loss 0.5124, time 17.11ms, mfu 42.88%
iter 4970: loss 0.5212, time 16.78ms, mfu 43.04%
iter 4980: loss 0.5074, time 16.75ms, mfu 43.18%
iter 4990: loss 0.5034, time 17.00ms, mfu 43.25%
step 5000: train loss 0.2454, val loss 2.1857
iter 5000: loss 0.5124, time 3636.64ms, mfu 38.94%
