Overriding config with config/train_shakespeare_char_4u.py:
tokens per iteration will be: 16,384
effective global batch size (sequences) will be: 64
found vocab_size = 65 (inside data/shakespeare_char/meta.pkl)
Initializing a new model from scratch
Overriding config with config/train_shakespeare_char_4u.py:
Overriding config with config/train_shakespeare_char_4u.py:
Overriding config with config/train_shakespeare_char_4u.py:
number of parameters: 10.65M
tokens per iteration will be: 16,384
effective global batch size (sequences) will be: 64
tokens per iteration will be: 16,384
effective global batch size (sequences) will be: 64
found vocab_size = 65 (inside data/shakespeare_char/meta.pkl)found vocab_size = 65 (inside data/shakespeare_char/meta.pkl)

Initializing a new model from scratch
Initializing a new model from scratch
tokens per iteration will be: 16,384
effective global batch size (sequences) will be: 64
found vocab_size = 65 (inside data/shakespeare_char/meta.pkl)
Initializing a new model from scratch
num decayed parameter tensors: 26, with 10,740,096 parameters
num non-decayed parameter tensors: 13, with 4,992 parameters
number of parameters: 10.65M
number of parameters: 10.65M
num decayed parameter tensors: 26, with 10,740,096 parameters
num non-decayed parameter tensors: 13, with 4,992 parameters
num decayed parameter tensors: 26, with 10,740,096 parameters
num non-decayed parameter tensors: 13, with 4,992 parameters
number of parameters: 10.65M
num decayed parameter tensors: 26, with 10,740,096 parameters
num non-decayed parameter tensors: 13, with 4,992 parameters
using fused AdamW: True
using fused AdamW: True
using fused AdamW: True
using fused AdamW: True
step 0: train loss 4.2883, val loss 4.2812
iter 0: loss 4.2590, time 2020.63ms, mfu -100.00%
iter 10: loss 3.1543, time 16.28ms, mfu 5.72%
iter 20: loss 2.7276, time 12.71ms, mfu 5.88%
iter 30: loss 2.5807, time 11.88ms, mfu 6.08%
iter 40: loss 2.5513, time 12.06ms, mfu 6.24%
iter 50: loss 2.5304, time 11.89ms, mfu 6.40%
iter 60: loss 2.5283, time 12.08ms, mfu 6.53%
iter 70: loss 2.4964, time 11.81ms, mfu 6.67%
iter 80: loss 2.4722, time 11.70ms, mfu 6.80%
iter 90: loss 2.4499, time 17.00ms, mfu 6.67%
iter 100: loss 2.4118, time 46.22ms, mfu 6.20%
iter 110: loss 2.4902, time 11.75ms, mfu 6.37%
iter 120: loss 2.4386, time 11.78ms, mfu 6.53%
iter 130: loss 2.3947, time 11.84ms, mfu 6.66%
iter 140: loss 2.3922, time 11.90ms, mfu 6.78%
iter 150: loss 2.4085, time 11.94ms, mfu 6.88%
iter 160: loss 2.3549, time 11.99ms, mfu 6.97%
iter 170: loss 2.3823, time 11.99ms, mfu 7.05%
iter 180: loss 2.3181, time 11.87ms, mfu 7.13%
iter 190: loss 2.2577, time 11.73ms, mfu 7.21%
iter 200: loss 2.2350, time 45.26ms, mfu 6.70%
iter 210: loss 2.1758, time 11.65ms, mfu 6.83%
iter 220: loss 2.1467, time 11.92ms, mfu 6.93%
iter 230: loss 2.1132, time 11.89ms, mfu 7.02%
iter 240: loss 2.0618, time 11.77ms, mfu 7.11%
step 250: train loss 1.9604, val loss 2.0755
saving checkpoint to out-shakespeare-char
iter 250: loss 2.0453, time 2165.26ms, mfu 6.40%
iter 260: loss 2.0059, time 11.73ms, mfu 6.55%
iter 270: loss 1.9247, time 11.94ms, mfu 6.68%
iter 280: loss 1.8809, time 12.12ms, mfu 6.78%
iter 290: loss 1.9177, time 11.57ms, mfu 6.91%
iter 300: loss 1.9457, time 45.57ms, mfu 6.42%
iter 310: loss 1.8400, time 11.70ms, mfu 6.57%
iter 320: loss 1.8494, time 11.68ms, mfu 6.71%
iter 330: loss 1.8178, time 11.66ms, mfu 6.84%
iter 340: loss 1.8014, time 11.50ms, mfu 6.97%
iter 350: loss 1.8602, time 11.62ms, mfu 7.07%
iter 360: loss 1.7946, time 12.50ms, mfu 7.11%
iter 370: loss 1.7801, time 13.43ms, mfu 7.09%
iter 380: loss 1.7139, time 11.74ms, mfu 7.18%
iter 390: loss 1.6749, time 11.78ms, mfu 7.25%
iter 400: loss 1.6468, time 45.62ms, mfu 6.73%
iter 410: loss 1.7915, time 11.82ms, mfu 6.84%
iter 420: loss 1.6772, time 11.79ms, mfu 6.95%
iter 430: loss 1.6336, time 11.63ms, mfu 7.06%
iter 440: loss 1.6470, time 11.91ms, mfu 7.13%
iter 450: loss 1.6425, time 11.80ms, mfu 7.21%
iter 460: loss 1.6814, time 11.78ms, mfu 7.28%
iter 470: loss 1.5927, time 11.65ms, mfu 7.35%
iter 480: loss 1.6063, time 11.77ms, mfu 7.41%
iter 490: loss 1.6106, time 11.73ms, mfu 7.46%
step 500: train loss 1.5304, val loss 1.7207
saving checkpoint to out-shakespeare-char
iter 500: loss 1.5714, time 2176.74ms, mfu 6.72%
iter 510: loss 1.6076, time 12.65ms, mfu 6.78%
iter 520: loss 1.5994, time 11.91ms, mfu 6.89%
iter 530: loss 1.5684, time 11.62ms, mfu 7.00%
iter 540: loss 1.5325, time 11.68ms, mfu 7.10%
iter 550: loss 1.6187, time 11.62ms, mfu 7.19%
iter 560: loss 1.5756, time 13.18ms, mfu 7.18%
iter 570: loss 1.6518, time 12.38ms, mfu 7.21%
iter 580: loss 1.5434, time 13.16ms, mfu 7.20%
iter 590: loss 1.4912, time 20.72ms, mfu 6.93%
iter 600: loss 1.5156, time 44.72ms, mfu 6.44%
iter 610: loss 1.5878, time 11.70ms, mfu 6.60%
iter 620: loss 1.5980, time 11.64ms, mfu 6.74%
iter 630: loss 1.4929, time 11.99ms, mfu 6.84%
iter 640: loss 1.4854, time 11.66ms, mfu 6.95%
iter 650: loss 1.4017, time 15.92ms, mfu 6.84%
iter 660: loss 1.4992, time 11.78ms, mfu 6.95%
iter 670: loss 1.4862, time 12.80ms, mfu 6.98%
iter 680: loss 1.4885, time 11.61ms, mfu 7.09%
iter 690: loss 1.4426, time 11.57ms, mfu 7.18%
iter 700: loss 1.4709, time 256.58ms, mfu 6.50%
iter 710: loss 1.4176, time 14.43ms, mfu 6.50%
iter 720: loss 1.5016, time 13.99ms, mfu 6.51%
iter 730: loss 1.4136, time 11.57ms, mfu 6.67%
iter 740: loss 1.3962, time 11.69ms, mfu 6.80%
step 750: train loss 1.3597, val loss 1.5896
saving checkpoint to out-shakespeare-char
iter 750: loss 1.4855, time 2052.59ms, mfu 6.12%
iter 760: loss 1.3603, time 12.29ms, mfu 6.27%
iter 770: loss 1.4366, time 16.71ms, mfu 6.20%
iter 780: loss 1.4391, time 11.75ms, mfu 6.37%
iter 790: loss 1.4626, time 12.82ms, mfu 6.46%
iter 800: loss 1.3865, time 39.29ms, mfu 6.05%
iter 810: loss 1.4270, time 11.77ms, mfu 6.24%
iter 820: loss 1.3838, time 15.00ms, mfu 6.23%
iter 830: loss 1.3635, time 12.39ms, mfu 6.36%
iter 840: loss 1.4110, time 12.67ms, mfu 6.46%
iter 850: loss 1.4087, time 11.77ms, mfu 6.61%
iter 860: loss 1.3522, time 11.74ms, mfu 6.74%
iter 870: loss 1.3469, time 12.57ms, mfu 6.81%
iter 880: loss 1.4029, time 11.80ms, mfu 6.92%
iter 890: loss 1.3362, time 15.52ms, mfu 6.82%
iter 900: loss 1.4180, time 44.78ms, mfu 6.35%
iter 910: loss 1.3546, time 11.89ms, mfu 6.50%
iter 920: loss 1.3557, time 11.88ms, mfu 6.63%
iter 930: loss 1.3403, time 11.96ms, mfu 6.75%
iter 940: loss 1.3994, time 11.94ms, mfu 6.85%
iter 950: loss 1.3598, time 13.70ms, mfu 6.85%
iter 960: loss 1.3704, time 11.78ms, mfu 6.95%
iter 970: loss 1.3947, time 11.81ms, mfu 7.05%
iter 980: loss 1.3451, time 12.04ms, mfu 7.12%
iter 990: loss 1.3020, time 11.64ms, mfu 7.21%
step 1000: train loss 1.2720, val loss 1.5241
saving checkpoint to out-shakespeare-char
iter 1000: loss 1.3890, time 2567.98ms, mfu 6.49%
iter 1010: loss 1.3537, time 11.81ms, mfu 6.63%
iter 1020: loss 1.3985, time 11.79ms, mfu 6.76%
iter 1030: loss 1.3461, time 11.85ms, mfu 6.87%
iter 1040: loss 1.3428, time 15.88ms, mfu 6.77%
iter 1050: loss 1.3844, time 11.76ms, mfu 6.88%
iter 1060: loss 1.4017, time 11.64ms, mfu 6.99%
iter 1070: loss 1.3547, time 11.71ms, mfu 7.09%
iter 1080: loss 1.3356, time 11.77ms, mfu 7.17%
iter 1090: loss 1.2991, time 11.65ms, mfu 7.26%
iter 1100: loss 1.3050, time 45.16ms, mfu 6.74%
iter 1110: loss 1.3096, time 11.57ms, mfu 6.87%
iter 1120: loss 1.2709, time 11.66ms, mfu 6.98%
iter 1130: loss 1.3237, time 11.79ms, mfu 7.07%
iter 1140: loss 1.2781, time 11.63ms, mfu 7.17%
iter 1150: loss 1.2999, time 16.11ms, mfu 7.03%
iter 1160: loss 1.2707, time 11.58ms, mfu 7.13%
iter 1170: loss 1.2245, time 11.77ms, mfu 7.21%
iter 1180: loss 1.2707, time 14.88ms, mfu 7.11%
iter 1190: loss 1.2864, time 16.46ms, mfu 6.97%
iter 1200: loss 1.2871, time 45.45ms, mfu 6.48%
iter 1210: loss 1.3654, time 11.52ms, mfu 6.64%
iter 1220: loss 1.2373, time 11.79ms, mfu 6.76%
iter 1230: loss 1.2545, time 11.75ms, mfu 6.88%
iter 1240: loss 1.2784, time 11.77ms, mfu 6.98%
step 1250: train loss 1.2079, val loss 1.4858
saving checkpoint to out-shakespeare-char
iter 1250: loss 1.3061, time 2393.60ms, mfu 6.29%
iter 1260: loss 1.2795, time 11.90ms, mfu 6.44%
iter 1270: loss 1.2667, time 11.69ms, mfu 6.60%
iter 1280: loss 1.2622, time 11.82ms, mfu 6.72%
iter 1290: loss 1.2679, time 11.93ms, mfu 6.83%
iter 1300: loss 1.2833, time 44.28ms, mfu 6.36%
iter 1310: loss 1.2598, time 11.90ms, mfu 6.51%
iter 1320: loss 1.2257, time 11.82ms, mfu 6.64%
iter 1330: loss 1.3053, time 11.80ms, mfu 6.77%
iter 1340: loss 1.1994, time 11.79ms, mfu 6.88%
iter 1350: loss 1.2621, time 11.85ms, mfu 6.98%
iter 1360: loss 1.2494, time 12.00ms, mfu 7.06%
iter 1370: loss 1.3199, time 11.80ms, mfu 7.14%
iter 1380: loss 1.2248, time 11.89ms, mfu 7.21%
iter 1390: loss 1.3150, time 11.79ms, mfu 7.28%
iter 1400: loss 1.2331, time 45.68ms, mfu 6.76%
iter 1410: loss 1.2845, time 11.73ms, mfu 6.87%
iter 1420: loss 1.2165, time 11.99ms, mfu 6.96%
iter 1430: loss 1.2255, time 11.76ms, mfu 7.06%
iter 1440: loss 1.2043, time 11.91ms, mfu 7.14%
iter 1450: loss 1.1817, time 11.80ms, mfu 7.21%
iter 1460: loss 1.2317, time 11.66ms, mfu 7.29%
iter 1470: loss 1.2598, time 11.79ms, mfu 7.35%
iter 1480: loss 1.2688, time 11.85ms, mfu 7.40%
iter 1490: loss 1.2179, time 11.79ms, mfu 7.45%
step 1500: train loss 1.1496, val loss 1.4747
saving checkpoint to out-shakespeare-char
iter 1500: loss 1.2121, time 2167.68ms, mfu 6.71%
iter 1510: loss 1.2121, time 11.73ms, mfu 6.83%
iter 1520: loss 1.2147, time 11.67ms, mfu 6.95%
iter 1530: loss 1.2677, time 11.76ms, mfu 7.05%
iter 1540: loss 1.2325, time 11.72ms, mfu 7.14%
iter 1550: loss 1.2490, time 11.74ms, mfu 7.22%
iter 1560: loss 1.1535, time 11.86ms, mfu 7.28%
iter 1570: loss 1.2257, time 11.75ms, mfu 7.34%
iter 1580: loss 1.2178, time 11.55ms, mfu 7.42%
iter 1590: loss 1.2220, time 11.57ms, mfu 7.48%
iter 1600: loss 1.1625, time 46.67ms, mfu 6.93%
iter 1610: loss 1.2505, time 11.80ms, mfu 7.03%
iter 1620: loss 1.2357, time 11.83ms, mfu 7.11%
iter 1630: loss 1.2026, time 11.90ms, mfu 7.18%
iter 1640: loss 1.2023, time 11.98ms, mfu 7.24%
iter 1650: loss 1.1525, time 11.69ms, mfu 7.32%
iter 1660: loss 1.1701, time 11.78ms, mfu 7.38%
iter 1670: loss 1.1650, time 11.87ms, mfu 7.42%
iter 1680: loss 1.2125, time 11.44ms, mfu 7.50%
iter 1690: loss 1.1382, time 11.66ms, mfu 7.54%
iter 1700: loss 1.1499, time 45.66ms, mfu 6.99%
iter 1710: loss 1.1504, time 12.03ms, mfu 7.07%
iter 1720: loss 1.1470, time 11.66ms, mfu 7.16%
iter 1730: loss 1.1198, time 11.67ms, mfu 7.24%
iter 1740: loss 1.1648, time 11.87ms, mfu 7.30%
step 1750: train loss 1.1004, val loss 1.4656
saving checkpoint to out-shakespeare-char
iter 1750: loss 1.2386, time 2175.90ms, mfu 6.58%
iter 1760: loss 1.2080, time 11.98ms, mfu 6.70%
iter 1770: loss 1.1969, time 13.35ms, mfu 6.73%
iter 1780: loss 1.1382, time 12.80ms, mfu 6.78%
iter 1790: loss 1.1946, time 13.11ms, mfu 6.81%
iter 1800: loss 1.1385, time 47.08ms, mfu 6.33%
iter 1810: loss 1.2156, time 11.50ms, mfu 6.51%
iter 1820: loss 1.1849, time 12.76ms, mfu 6.59%
iter 1830: loss 1.1773, time 11.82ms, mfu 6.72%
iter 1840: loss 1.1853, time 11.72ms, mfu 6.84%
iter 1850: loss 1.1591, time 12.70ms, mfu 6.89%
iter 1860: loss 1.1302, time 11.91ms, mfu 6.98%
iter 1870: loss 1.1552, time 11.53ms, mfu 7.09%
iter 1880: loss 1.2090, time 11.94ms, mfu 7.16%
iter 1890: loss 1.2225, time 11.79ms, mfu 7.24%
iter 1900: loss 1.2342, time 43.78ms, mfu 6.73%
iter 1910: loss 1.1966, time 11.73ms, mfu 6.85%
iter 1920: loss 1.2408, time 11.61ms, mfu 6.97%
iter 1930: loss 1.1228, time 11.75ms, mfu 7.06%
iter 1940: loss 1.1385, time 11.84ms, mfu 7.14%
iter 1950: loss 1.1339, time 11.78ms, mfu 7.22%
iter 1960: loss 1.1688, time 11.95ms, mfu 7.28%
iter 1970: loss 1.1155, time 12.22ms, mfu 7.31%
iter 1980: loss 1.2012, time 11.64ms, mfu 7.38%
iter 1990: loss 1.1354, time 11.78ms, mfu 7.43%
step 2000: train loss 1.0473, val loss 1.4802
iter 2000: loss 1.0879, time 1713.22ms, mfu 6.69%
iter 2010: loss 1.1095, time 11.61ms, mfu 6.83%
iter 2020: loss 1.1190, time 11.86ms, mfu 6.93%
iter 2030: loss 1.0995, time 11.73ms, mfu 7.03%
iter 2040: loss 1.1086, time 11.77ms, mfu 7.12%
iter 2050: loss 1.1274, time 11.71ms, mfu 7.20%
iter 2060: loss 1.1759, time 11.77ms, mfu 7.27%
iter 2070: loss 1.1033, time 16.63ms, mfu 7.11%
iter 2080: loss 1.1181, time 17.24ms, mfu 6.94%
iter 2090: loss 1.1184, time 11.80ms, mfu 7.03%
iter 2100: loss 1.1524, time 43.46ms, mfu 6.54%
iter 2110: loss 1.1405, time 11.73ms, mfu 6.68%
iter 2120: loss 1.1004, time 15.39ms, mfu 6.62%
iter 2130: loss 1.1526, time 11.82ms, mfu 6.75%
iter 2140: loss 1.1371, time 11.94ms, mfu 6.85%
iter 2150: loss 1.1530, time 11.82ms, mfu 6.96%
iter 2160: loss 1.0929, time 11.58ms, mfu 7.06%
iter 2170: loss 1.1102, time 11.70ms, mfu 7.15%
iter 2180: loss 1.1106, time 11.84ms, mfu 7.23%
iter 2190: loss 1.1418, time 15.47ms, mfu 7.10%
iter 2200: loss 1.0907, time 45.56ms, mfu 6.60%
iter 2210: loss 1.0953, time 14.19ms, mfu 6.60%
iter 2220: loss 1.1310, time 14.05ms, mfu 6.60%
iter 2230: loss 1.1418, time 11.59ms, mfu 6.74%
iter 2240: loss 1.1181, time 11.54ms, mfu 6.88%
step 2250: train loss 1.0056, val loss 1.4921
iter 2250: loss 1.1241, time 1930.92ms, mfu 6.19%
iter 2260: loss 1.1264, time 11.80ms, mfu 6.36%
iter 2270: loss 1.0989, time 11.81ms, mfu 6.52%
iter 2280: loss 1.0736, time 13.33ms, mfu 6.56%
iter 2290: loss 1.1211, time 11.67ms, mfu 6.71%
iter 2300: loss 1.0837, time 45.58ms, mfu 6.24%
iter 2310: loss 1.0821, time 15.81ms, mfu 6.20%
iter 2320: loss 1.0651, time 11.61ms, mfu 6.39%
iter 2330: loss 1.0941, time 13.15ms, mfu 6.46%
iter 2340: loss 1.1429, time 18.60ms, mfu 6.31%
iter 2350: loss 1.0704, time 11.98ms, mfu 6.46%
iter 2360: loss 1.0638, time 11.81ms, mfu 6.60%
iter 2370: loss 1.0256, time 11.86ms, mfu 6.73%
iter 2380: loss 1.0341, time 13.20ms, mfu 6.76%
iter 2390: loss 1.1037, time 11.75ms, mfu 6.88%
iter 2400: loss 1.1225, time 43.66ms, mfu 6.40%
iter 2410: loss 1.1071, time 11.85ms, mfu 6.55%
iter 2420: loss 1.0703, time 12.09ms, mfu 6.66%
iter 2430: loss 1.1531, time 11.75ms, mfu 6.79%
iter 2440: loss 1.0545, time 11.59ms, mfu 6.91%
iter 2450: loss 1.1234, time 11.69ms, mfu 7.02%
iter 2460: loss 1.0395, time 12.00ms, mfu 7.09%
iter 2470: loss 1.1062, time 12.66ms, mfu 7.12%
iter 2480: loss 1.0615, time 13.28ms, mfu 7.11%
iter 2490: loss 1.0798, time 11.84ms, mfu 7.19%
step 2500: train loss 0.9557, val loss 1.4935
iter 2500: loss 1.0859, time 1702.33ms, mfu 6.47%
iter 2510: loss 1.0438, time 14.62ms, mfu 6.46%
iter 2520: loss 1.0493, time 11.96ms, mfu 6.59%
iter 2530: loss 1.0329, time 12.19ms, mfu 6.70%
iter 2540: loss 1.0277, time 11.98ms, mfu 6.81%
iter 2550: loss 1.0818, time 12.65ms, mfu 6.86%
iter 2560: loss 1.0639, time 11.61ms, mfu 6.98%
iter 2570: loss 1.0290, time 11.75ms, mfu 7.07%
iter 2580: loss 1.0830, time 11.73ms, mfu 7.16%
iter 2590: loss 1.0377, time 11.71ms, mfu 7.24%
iter 2600: loss 1.0316, time 45.78ms, mfu 6.72%
iter 2610: loss 1.0923, time 11.50ms, mfu 6.86%
iter 2620: loss 1.0889, time 11.80ms, mfu 6.96%
iter 2630: loss 1.0282, time 11.89ms, mfu 7.05%
iter 2640: loss 1.0349, time 11.75ms, mfu 7.14%
iter 2650: loss 1.0742, time 11.56ms, mfu 7.23%
iter 2660: loss 1.0555, time 11.84ms, mfu 7.29%
iter 2670: loss 1.0502, time 11.83ms, mfu 7.35%
iter 2680: loss 1.0040, time 11.69ms, mfu 7.41%
iter 2690: loss 1.0567, time 11.81ms, mfu 7.46%
iter 2700: loss 1.0247, time 44.78ms, mfu 6.92%
iter 2710: loss 1.0567, time 11.82ms, mfu 7.02%
iter 2720: loss 0.9880, time 11.74ms, mfu 7.11%
iter 2730: loss 1.0157, time 11.93ms, mfu 7.18%
iter 2740: loss 1.0447, time 11.66ms, mfu 7.26%
step 2750: train loss 0.9069, val loss 1.5127
iter 2750: loss 1.0043, time 1721.17ms, mfu 6.54%
iter 2760: loss 1.0020, time 11.45ms, mfu 6.70%
iter 2770: loss 1.0577, time 11.69ms, mfu 6.83%
iter 2780: loss 0.9735, time 11.64ms, mfu 6.94%
iter 2790: loss 1.0394, time 12.03ms, mfu 7.02%
iter 2800: loss 0.9972, time 46.09ms, mfu 6.52%
iter 2810: loss 1.0020, time 12.04ms, mfu 6.65%
iter 2820: loss 1.0227, time 12.01ms, mfu 6.76%
iter 2830: loss 1.0485, time 11.86ms, mfu 6.87%
iter 2840: loss 0.9913, time 13.80ms, mfu 6.85%
iter 2850: loss 0.9301, time 11.77ms, mfu 6.96%
iter 2860: loss 1.0343, time 12.08ms, mfu 7.04%
iter 2870: loss 0.9662, time 12.02ms, mfu 7.11%
iter 2880: loss 1.0691, time 12.09ms, mfu 7.17%
iter 2890: loss 0.9995, time 11.69ms, mfu 7.25%
iter 2900: loss 1.0056, time 44.68ms, mfu 6.73%
iter 2910: loss 0.9813, time 11.60ms, mfu 6.86%
iter 2920: loss 0.9845, time 11.75ms, mfu 6.97%
iter 2930: loss 1.0105, time 11.75ms, mfu 7.06%
iter 2940: loss 0.9817, time 12.01ms, mfu 7.13%
iter 2950: loss 1.0022, time 11.74ms, mfu 7.21%
iter 2960: loss 1.0117, time 12.08ms, mfu 7.26%
iter 2970: loss 0.9983, time 11.81ms, mfu 7.32%
iter 2980: loss 1.0108, time 11.77ms, mfu 7.38%
iter 2990: loss 1.0186, time 11.71ms, mfu 7.44%
step 3000: train loss 0.8605, val loss 1.5280
iter 3000: loss 0.9984, time 1688.24ms, mfu 6.70%
iter 3010: loss 0.9955, time 11.69ms, mfu 6.83%
iter 3020: loss 1.0079, time 11.75ms, mfu 6.94%
iter 3030: loss 1.0132, time 11.85ms, mfu 7.03%
iter 3040: loss 0.9513, time 11.67ms, mfu 7.13%
iter 3050: loss 1.0011, time 11.75ms, mfu 7.21%
iter 3060: loss 0.9961, time 11.84ms, mfu 7.27%
iter 3070: loss 0.9880, time 11.89ms, mfu 7.33%
iter 3080: loss 1.0093, time 11.58ms, mfu 7.40%
iter 3090: loss 1.0164, time 11.93ms, mfu 7.44%
iter 3100: loss 1.0085, time 50.70ms, mfu 6.88%
iter 3110: loss 0.9909, time 14.68ms, mfu 6.83%
iter 3120: loss 0.9685, time 15.31ms, mfu 6.75%
iter 3130: loss 0.9576, time 11.83ms, mfu 6.87%
iter 3140: loss 0.9949, time 14.88ms, mfu 6.80%
iter 3150: loss 0.9138, time 13.84ms, mfu 6.80%
iter 3160: loss 0.9647, time 13.91ms, mfu 6.79%
iter 3170: loss 0.9605, time 14.79ms, mfu 6.74%
iter 3180: loss 0.9864, time 14.61ms, mfu 6.70%
iter 3190: loss 0.9481, time 14.97ms, mfu 6.65%
iter 3200: loss 1.0013, time 52.34ms, mfu 6.17%
iter 3210: loss 0.9597, time 15.61ms, mfu 6.15%
iter 3220: loss 0.9509, time 13.26ms, mfu 6.23%
iter 3230: loss 0.9260, time 14.19ms, mfu 6.27%
iter 3240: loss 0.9958, time 14.18ms, mfu 6.30%
step 3250: train loss 0.8115, val loss 1.5621
iter 3250: loss 0.9528, time 1698.81ms, mfu 5.67%
iter 3260: loss 0.9184, time 11.63ms, mfu 5.91%
iter 3270: loss 0.9850, time 17.07ms, mfu 5.86%
iter 3280: loss 0.9873, time 14.97ms, mfu 5.90%
iter 3290: loss 0.9270, time 15.28ms, mfu 5.92%
iter 3300: loss 0.9185, time 51.15ms, mfu 5.51%
iter 3310: loss 0.8975, time 15.33ms, mfu 5.57%
iter 3320: loss 0.9612, time 14.82ms, mfu 5.64%
iter 3330: loss 0.9071, time 15.28ms, mfu 5.68%
iter 3340: loss 0.9150, time 13.90ms, mfu 5.78%
iter 3350: loss 0.9833, time 15.30ms, mfu 5.82%
iter 3360: loss 0.9839, time 15.86ms, mfu 5.82%
iter 3370: loss 0.9337, time 15.19ms, mfu 5.85%
iter 3380: loss 0.8998, time 14.64ms, mfu 5.90%
iter 3390: loss 0.9445, time 15.02ms, mfu 5.93%
iter 3400: loss 1.0114, time 51.41ms, mfu 5.52%
iter 3410: loss 0.9172, time 16.26ms, mfu 5.54%
iter 3420: loss 0.9581, time 14.90ms, mfu 5.61%
iter 3430: loss 0.9298, time 15.89ms, mfu 5.64%
iter 3440: loss 0.9243, time 13.56ms, mfu 5.76%
iter 3450: loss 0.9103, time 13.66ms, mfu 5.87%
iter 3460: loss 0.9502, time 16.01ms, mfu 5.86%
iter 3470: loss 1.0031, time 13.91ms, mfu 5.95%
iter 3480: loss 0.9526, time 13.89ms, mfu 6.02%
iter 3490: loss 0.9095, time 15.38ms, mfu 6.03%
step 3500: train loss 0.7725, val loss 1.5893
iter 3500: loss 0.9692, time 1693.83ms, mfu 5.43%
iter 3510: loss 0.9073, time 11.73ms, mfu 5.68%
iter 3520: loss 0.9020, time 15.82ms, mfu 5.70%
iter 3530: loss 0.9324, time 15.10ms, mfu 5.75%
iter 3540: loss 0.9223, time 14.01ms, mfu 5.84%
iter 3550: loss 0.8967, time 14.42ms, mfu 5.90%
iter 3560: loss 0.8852, time 15.18ms, mfu 5.92%
iter 3570: loss 0.9294, time 14.90ms, mfu 5.96%
iter 3580: loss 0.9418, time 15.05ms, mfu 5.98%
iter 3590: loss 0.9360, time 15.08ms, mfu 6.00%
iter 3600: loss 0.9441, time 51.06ms, mfu 5.58%
iter 3610: loss 0.9206, time 15.81ms, mfu 5.61%
iter 3620: loss 0.9272, time 13.88ms, mfu 5.72%
iter 3630: loss 0.9290, time 14.14ms, mfu 5.81%
iter 3640: loss 0.9320, time 14.25ms, mfu 5.88%
iter 3650: loss 0.8989, time 14.48ms, mfu 5.94%
iter 3660: loss 0.8975, time 14.42ms, mfu 5.99%
iter 3670: loss 0.8835, time 14.51ms, mfu 6.03%
iter 3680: loss 0.9259, time 15.14ms, mfu 6.04%
iter 3690: loss 0.9127, time 16.01ms, mfu 6.02%
iter 3700: loss 0.9197, time 50.78ms, mfu 5.60%
iter 3710: loss 0.9042, time 14.58ms, mfu 5.68%
iter 3720: loss 0.8997, time 13.60ms, mfu 5.80%
iter 3730: loss 0.8939, time 14.84ms, mfu 5.85%
iter 3740: loss 0.9394, time 13.09ms, mfu 5.97%
step 3750: train loss 0.7324, val loss 1.6185
iter 3750: loss 0.9065, time 1689.36ms, mfu 5.38%
iter 3760: loss 0.8482, time 11.77ms, mfu 5.63%
iter 3770: loss 0.8961, time 14.53ms, mfu 5.71%
iter 3780: loss 0.8702, time 15.16ms, mfu 5.76%
iter 3790: loss 0.8930, time 21.33ms, mfu 5.62%
iter 3800: loss 0.8716, time 51.91ms, mfu 5.23%
iter 3810: loss 0.8079, time 15.30ms, mfu 5.32%
iter 3820: loss 0.8576, time 11.68ms, mfu 5.59%
iter 3830: loss 0.9287, time 14.97ms, mfu 5.65%
iter 3840: loss 0.9328, time 14.54ms, mfu 5.73%
iter 3850: loss 0.8099, time 15.70ms, mfu 5.75%
iter 3860: loss 0.8954, time 16.67ms, mfu 5.73%
iter 3870: loss 0.8719, time 16.36ms, mfu 5.73%
iter 3880: loss 0.8875, time 15.27ms, mfu 5.76%
iter 3890: loss 0.8412, time 16.09ms, mfu 5.77%
iter 3900: loss 0.8913, time 51.76ms, mfu 5.37%
iter 3910: loss 0.8578, time 16.35ms, mfu 5.40%
iter 3920: loss 0.9076, time 15.80ms, mfu 5.45%
iter 3930: loss 0.8895, time 15.24ms, mfu 5.52%
iter 3940: loss 0.8653, time 15.92ms, mfu 5.55%
iter 3950: loss 0.8803, time 15.06ms, mfu 5.61%
iter 3960: loss 0.8188, time 15.16ms, mfu 5.67%
iter 3970: loss 0.8674, time 14.50ms, mfu 5.74%
iter 3980: loss 0.8264, time 16.10ms, mfu 5.75%
iter 3990: loss 0.8745, time 16.14ms, mfu 5.75%
step 4000: train loss 0.6986, val loss 1.6328
iter 4000: loss 0.8588, time 1681.06ms, mfu 5.18%
iter 4010: loss 0.8650, time 11.89ms, mfu 5.45%
iter 4020: loss 0.8798, time 15.28ms, mfu 5.51%
iter 4030: loss 0.8162, time 15.49ms, mfu 5.56%
iter 4040: loss 0.9044, time 14.28ms, mfu 5.66%
iter 4050: loss 0.8925, time 14.51ms, mfu 5.73%
iter 4060: loss 0.8579, time 13.90ms, mfu 5.83%
iter 4070: loss 0.7979, time 14.50ms, mfu 5.89%
iter 4080: loss 0.8949, time 16.24ms, mfu 5.87%
iter 4090: loss 0.8478, time 15.28ms, mfu 5.90%
iter 4100: loss 0.8359, time 52.34ms, mfu 5.49%
iter 4110: loss 0.8300, time 14.64ms, mfu 5.57%
iter 4120: loss 0.8859, time 16.34ms, mfu 5.59%
iter 4130: loss 0.8338, time 14.17ms, mfu 5.68%
iter 4140: loss 0.8530, time 15.54ms, mfu 5.72%
iter 4150: loss 0.8671, time 15.29ms, mfu 5.75%
iter 4160: loss 0.8785, time 15.16ms, mfu 5.79%
iter 4170: loss 0.8832, time 14.38ms, mfu 5.86%
iter 4180: loss 0.8238, time 15.44ms, mfu 5.88%
iter 4190: loss 0.8713, time 16.12ms, mfu 5.87%
iter 4200: loss 0.8308, time 50.76ms, mfu 5.46%
iter 4210: loss 0.8898, time 14.53ms, mfu 5.56%
iter 4220: loss 0.8243, time 14.56ms, mfu 5.64%
iter 4230: loss 0.8957, time 14.22ms, mfu 5.73%
iter 4240: loss 0.9104, time 14.72ms, mfu 5.79%
step 4250: train loss 0.6677, val loss 1.6516
iter 4250: loss 0.8407, time 1684.75ms, mfu 5.22%
iter 4260: loss 0.8599, time 11.74ms, mfu 5.49%
iter 4270: loss 0.8131, time 14.97ms, mfu 5.56%
iter 4280: loss 0.8885, time 15.10ms, mfu 5.62%
iter 4290: loss 0.8923, time 15.11ms, mfu 5.68%
iter 4300: loss 0.8367, time 50.69ms, mfu 5.29%
iter 4310: loss 0.8737, time 15.51ms, mfu 5.37%
iter 4320: loss 0.8408, time 14.88ms, mfu 5.46%
iter 4330: loss 0.8857, time 15.71ms, mfu 5.50%
iter 4340: loss 0.8282, time 16.14ms, mfu 5.53%
iter 4350: loss 0.8350, time 14.57ms, mfu 5.62%
iter 4360: loss 0.8504, time 15.03ms, mfu 5.67%
iter 4370: loss 0.8411, time 14.77ms, mfu 5.74%
iter 4380: loss 0.8246, time 14.67ms, mfu 5.80%
iter 4390: loss 0.8020, time 12.12ms, mfu 5.99%
iter 4400: loss 0.8628, time 52.58ms, mfu 5.57%
iter 4410: loss 0.8304, time 14.89ms, mfu 5.63%
iter 4420: loss 0.8661, time 12.47ms, mfu 5.82%
iter 4430: loss 0.8431, time 15.98ms, mfu 5.82%
iter 4440: loss 0.8690, time 15.07ms, mfu 5.86%
iter 4450: loss 0.8555, time 15.90ms, mfu 5.86%
iter 4460: loss 0.8515, time 15.11ms, mfu 5.89%
iter 4470: loss 0.8235, time 15.37ms, mfu 5.90%
iter 4480: loss 0.8313, time 15.44ms, mfu 5.92%
iter 4490: loss 0.8063, time 14.45ms, mfu 5.97%
step 4500: train loss 0.6435, val loss 1.6780
iter 4500: loss 0.8780, time 1691.73ms, mfu 5.38%
iter 4510: loss 0.8148, time 11.77ms, mfu 5.63%
iter 4520: loss 0.8432, time 15.47ms, mfu 5.67%
iter 4530: loss 0.8246, time 11.93ms, mfu 5.88%
iter 4540: loss 0.8296, time 14.79ms, mfu 5.93%
iter 4550: loss 0.8084, time 16.14ms, mfu 5.91%
iter 4560: loss 0.8054, time 16.31ms, mfu 5.89%
iter 4570: loss 0.8530, time 15.19ms, mfu 5.91%
iter 4580: loss 0.8291, time 14.93ms, mfu 5.95%
iter 4590: loss 0.7587, time 14.57ms, mfu 5.99%
iter 4600: loss 0.8139, time 51.97ms, mfu 5.57%
iter 4610: loss 0.8439, time 16.36ms, mfu 5.58%
iter 4620: loss 0.8397, time 14.05ms, mfu 5.69%
iter 4630: loss 0.8164, time 12.02ms, mfu 5.89%
iter 4640: loss 0.8511, time 13.26ms, mfu 6.01%
iter 4650: loss 0.8462, time 14.47ms, mfu 6.05%
iter 4660: loss 0.8499, time 15.75ms, mfu 6.04%
iter 4670: loss 0.8227, time 14.75ms, mfu 6.07%
iter 4680: loss 0.8849, time 15.15ms, mfu 6.07%
iter 4690: loss 0.8392, time 15.34ms, mfu 6.07%
iter 4700: loss 0.8312, time 51.07ms, mfu 5.65%
iter 4710: loss 0.8618, time 14.13ms, mfu 5.74%
iter 4720: loss 0.8528, time 11.78ms, mfu 5.96%
iter 4730: loss 0.8264, time 11.92ms, mfu 6.15%
iter 4740: loss 0.7752, time 11.65ms, mfu 6.33%
step 4750: train loss 0.6265, val loss 1.7053
iter 4750: loss 0.8474, time 1691.02ms, mfu 5.70%
iter 4760: loss 0.7543, time 11.71ms, mfu 5.93%
iter 4770: loss 0.8124, time 14.78ms, mfu 5.97%
iter 4780: loss 0.8020, time 14.47ms, mfu 6.01%
iter 4790: loss 0.8135, time 14.22ms, mfu 6.07%
iter 4800: loss 0.8412, time 50.14ms, mfu 5.65%
iter 4810: loss 0.8325, time 15.56ms, mfu 5.68%
iter 4820: loss 0.8494, time 14.08ms, mfu 5.77%
iter 4830: loss 0.8157, time 14.95ms, mfu 5.82%
iter 4840: loss 0.7694, time 14.86ms, mfu 5.86%
iter 4850: loss 0.7815, time 14.29ms, mfu 5.93%
iter 4860: loss 0.8331, time 14.75ms, mfu 5.97%
iter 4870: loss 0.8153, time 14.62ms, mfu 6.01%
iter 4880: loss 0.8487, time 16.51ms, mfu 5.97%
iter 4890: loss 0.8597, time 16.01ms, mfu 5.96%
iter 4900: loss 0.8146, time 51.31ms, mfu 5.54%
iter 4910: loss 0.7905, time 14.41ms, mfu 5.63%
iter 4920: loss 0.7901, time 13.29ms, mfu 5.77%
iter 4930: loss 0.8138, time 14.38ms, mfu 5.84%
iter 4940: loss 0.7748, time 13.13ms, mfu 5.97%
iter 4950: loss 0.7821, time 14.04ms, mfu 6.03%
iter 4960: loss 0.8730, time 14.33ms, mfu 6.08%
iter 4970: loss 0.8291, time 14.59ms, mfu 6.11%
iter 4980: loss 0.8027, time 14.71ms, mfu 6.13%
iter 4990: loss 0.7811, time 14.71ms, mfu 6.15%
step 5000: train loss 0.6088, val loss 1.7190
iter 5000: loss 0.8011, time 1687.58ms, mfu 5.54%
