Overriding config with config/train_shakespeare_char.py:
Overriding: batch_size = 1024
Overriding: learning_rate = 0.016
Overriding: csv_path = runs/scale_1u_s16.0_bs1024_lr0.016.csv
Overriding: out_dir = out/scale_1u_s16.0_bs1024_lr0.016
tokens per iteration will be: 262,144
effective global batch size (sequences) will be: 1,024
found vocab_size = 65 (inside data/shakespeare_char/meta.pkl)
Initializing a new model from scratch
number of parameters: 10.65M
/u/ddong/workspace/nanoGPT/train.py:243: FutureWarning: `torch.cuda.amp.GradScaler(args...)` is deprecated. Please use `torch.amp.GradScaler('cuda', args...)` instead.
  scaler = torch.cuda.amp.GradScaler(enabled=(dtype == 'float16'))
num decayed parameter tensors: 26, with 10,740,096 parameters
num non-decayed parameter tensors: 13, with 4,992 parameters
using fused AdamW: True
step 0: train loss 4.2873, val loss 4.2820
iter 0: loss 4.2688, time 28819.26ms, mfu -100.00%
iter 10: loss 3.2368, time 123.96ms, mfu 48.10%
iter 20: loss 2.8148, time 122.58ms, mfu 48.15%
iter 30: loss 2.7123, time 122.34ms, mfu 48.21%
iter 40: loss 2.6267, time 123.51ms, mfu 48.22%
iter 50: loss 2.5764, time 124.17ms, mfu 48.20%
iter 60: loss 2.6474, time 125.42ms, mfu 48.13%
iter 70: loss 2.5675, time 124.14ms, mfu 48.12%
iter 80: loss 2.5226, time 125.59ms, mfu 48.05%
iter 90: loss 2.5101, time 123.93ms, mfu 48.06%
iter 100: loss 2.5033, time 298.32ms, mfu 45.25%
iter 110: loss 2.4666, time 124.93ms, mfu 45.50%
iter 120: loss 2.4970, time 124.99ms, mfu 45.72%
iter 130: loss 2.4598, time 123.83ms, mfu 45.96%
iter 140: loss 2.4418, time 125.55ms, mfu 46.11%
iter 150: loss 2.8976, time 124.19ms, mfu 46.30%
iter 160: loss 2.6673, time 124.01ms, mfu 46.48%
iter 170: loss 2.5782, time 123.97ms, mfu 46.64%
iter 180: loss 2.5390, time 124.17ms, mfu 46.78%
iter 190: loss 2.5052, time 124.85ms, mfu 46.88%
iter 200: loss 2.4864, time 298.53ms, mfu 44.19%
iter 210: loss 2.4664, time 125.01ms, mfu 44.54%
iter 220: loss 2.4500, time 124.06ms, mfu 44.89%
iter 230: loss 2.4401, time 124.14ms, mfu 45.20%
iter 240: loss 2.4136, time 55.63ms, mfu 51.40%
step 250: train loss 2.4041, val loss 2.4382
saving checkpoint to out/scale_1u_s16.0_bs1024_lr0.016
iter 250: loss 2.4395, time 29749.98ms, mfu 46.28%
iter 260: loss 2.3917, time 123.26ms, mfu 46.49%
iter 270: loss 2.3456, time 124.09ms, mfu 46.64%
iter 280: loss 2.2887, time 123.98ms, mfu 46.79%
iter 290: loss 2.2892, time 125.21ms, mfu 46.87%
iter 300: loss 2.1923, time 293.77ms, mfu 44.21%
iter 310: loss 2.1776, time 123.47ms, mfu 44.62%
iter 320: loss 2.1084, time 123.17ms, mfu 45.00%
iter 330: loss 2.1084, time 124.86ms, mfu 45.27%
iter 340: loss 2.0600, time 124.56ms, mfu 45.53%
iter 350: loss 2.0107, time 122.27ms, mfu 45.86%
iter 360: loss 2.0028, time 124.56ms, mfu 46.06%
iter 370: loss 2.0376, time 123.72ms, mfu 46.27%
iter 380: loss 1.9580, time 58.42ms, mfu 51.85%
iter 390: loss 1.9132, time 122.08ms, mfu 51.55%
iter 400: loss 1.8778, time 299.72ms, mfu 48.38%
iter 410: loss 1.9194, time 123.08ms, mfu 48.39%
iter 420: loss 1.8612, time 106.17ms, mfu 49.16%
iter 430: loss 1.8067, time 123.98ms, mfu 49.06%
iter 440: loss 1.8089, time 122.24ms, mfu 49.03%
iter 450: loss 1.7774, time 123.78ms, mfu 48.94%
iter 460: loss 1.7484, time 123.37ms, mfu 48.88%
iter 470: loss 1.7150, time 122.55ms, mfu 48.86%
iter 480: loss 1.6938, time 123.18ms, mfu 48.81%
iter 490: loss 1.7199, time 122.71ms, mfu 48.79%
step 500: train loss 1.5689, val loss 1.7570
saving checkpoint to out/scale_1u_s16.0_bs1024_lr0.016
iter 500: loss 1.6682, time 29904.65ms, mfu 43.93%
iter 510: loss 1.6443, time 121.78ms, mfu 44.43%
iter 520: loss 1.6594, time 114.46ms, mfu 45.20%
iter 530: loss 1.6256, time 122.09ms, mfu 45.56%
iter 540: loss 1.6059, time 123.64ms, mfu 45.83%
iter 550: loss 1.5927, time 121.99ms, mfu 46.13%
iter 560: loss 1.5724, time 95.01ms, mfu 47.79%
iter 570: loss 1.5866, time 124.97ms, mfu 47.79%
iter 580: loss 1.5614, time 122.42ms, mfu 47.88%
iter 590: loss 1.5539, time 123.24ms, mfu 47.93%
iter 600: loss 1.5317, time 294.66ms, mfu 45.16%
iter 610: loss 1.5194, time 121.91ms, mfu 45.53%
iter 620: loss 1.5206, time 121.71ms, mfu 45.88%
iter 630: loss 1.5045, time 121.86ms, mfu 46.18%
iter 640: loss 1.4984, time 123.82ms, mfu 46.38%
iter 650: loss 1.5274, time 122.08ms, mfu 46.63%
iter 660: loss 1.4770, time 123.56ms, mfu 46.79%
iter 670: loss 1.4538, time 122.17ms, mfu 46.99%
iter 680: loss 1.4409, time 123.17ms, mfu 47.13%
iter 690: loss 1.4661, time 122.42ms, mfu 47.29%
iter 700: loss 1.4181, time 291.63ms, mfu 44.60%
iter 710: loss 1.4448, time 122.82ms, mfu 45.00%
iter 720: loss 1.4043, time 122.74ms, mfu 45.35%
iter 730: loss 1.3793, time 122.28ms, mfu 45.69%
iter 740: loss 1.3736, time 124.66ms, mfu 45.91%
step 750: train loss 1.2582, val loss 1.5469
saving checkpoint to out/scale_1u_s16.0_bs1024_lr0.016
iter 750: loss 1.3550, time 29208.58ms, mfu 41.34%
iter 760: loss 1.3311, time 121.88ms, mfu 42.10%
iter 770: loss 1.3243, time 121.62ms, mfu 42.79%
iter 780: loss 1.3113, time 121.36ms, mfu 43.42%
iter 790: loss 1.3100, time 120.94ms, mfu 44.01%
iter 800: loss 1.3004, time 294.73ms, mfu 41.63%
iter 810: loss 1.2895, time 122.17ms, mfu 42.35%
iter 820: loss 1.2872, time 121.57ms, mfu 43.02%
iter 830: loss 1.2772, time 123.18ms, mfu 43.56%
iter 840: loss 1.2402, time 123.36ms, mfu 44.03%
iter 850: loss 1.2342, time 123.21ms, mfu 44.47%
iter 860: loss 1.2255, time 121.84ms, mfu 44.92%
iter 870: loss 1.2215, time 124.24ms, mfu 45.22%
iter 880: loss 1.2087, time 123.35ms, mfu 45.53%
iter 890: loss 1.2357, time 122.29ms, mfu 45.86%
iter 900: loss 1.2046, time 289.01ms, mfu 43.33%
iter 910: loss 1.1803, time 122.86ms, mfu 43.85%
iter 920: loss 1.1759, time 121.21ms, mfu 44.39%
iter 930: loss 1.1777, time 123.04ms, mfu 44.79%
iter 940: loss 1.1589, time 123.30ms, mfu 45.15%
iter 950: loss 1.1814, time 122.71ms, mfu 45.49%
iter 960: loss 1.1542, time 123.23ms, mfu 45.78%
iter 970: loss 1.1409, time 122.08ms, mfu 46.09%
iter 980: loss 1.1277, time 121.60ms, mfu 46.38%
iter 990: loss 1.1391, time 123.07ms, mfu 46.59%
step 1000: train loss 0.9970, val loss 1.5174
saving checkpoint to out/scale_1u_s16.0_bs1024_lr0.016
iter 1000: loss 1.1214, time 29827.62ms, mfu 41.95%
iter 1010: loss 1.1216, time 121.99ms, mfu 42.64%
iter 1020: loss 1.1185, time 123.12ms, mfu 43.22%
iter 1030: loss 1.0994, time 121.81ms, mfu 43.79%
iter 1040: loss 1.0838, time 123.39ms, mfu 44.24%
iter 1050: loss 1.0966, time 121.53ms, mfu 44.73%
iter 1060: loss 1.0837, time 121.70ms, mfu 45.15%
iter 1070: loss 1.0600, time 120.98ms, mfu 45.57%
iter 1080: loss 1.0645, time 121.59ms, mfu 45.91%
iter 1090: loss 1.0583, time 122.76ms, mfu 46.18%
iter 1100: loss 1.0394, time 294.01ms, mfu 43.59%
iter 1110: loss 1.0537, time 121.38ms, mfu 44.14%
iter 1120: loss 1.0361, time 120.91ms, mfu 44.66%
iter 1130: loss 1.0522, time 120.92ms, mfu 45.12%
iter 1140: loss 1.0322, time 124.29ms, mfu 45.41%
iter 1150: loss 1.0179, time 120.08ms, mfu 45.83%
iter 1160: loss 1.0146, time 121.14ms, mfu 46.17%
iter 1170: loss 1.0246, time 122.64ms, mfu 46.41%
iter 1180: loss 1.0063, time 122.81ms, mfu 46.63%
iter 1190: loss 1.0007, time 121.68ms, mfu 46.86%
iter 1200: loss 0.9840, time 292.76ms, mfu 44.21%
iter 1210: loss 0.9806, time 121.13ms, mfu 44.71%
iter 1220: loss 0.9761, time 121.61ms, mfu 45.15%
iter 1230: loss 0.9751, time 212.95ms, mfu 43.43%
iter 1240: loss 0.9633, time 122.84ms, mfu 43.94%
step 1250: train loss 0.7719, val loss 1.6429
iter 1250: loss 0.9604, time 29685.76ms, mfu 39.57%
iter 1260: loss 0.9422, time 121.80ms, mfu 40.51%
iter 1270: loss 0.9452, time 122.06ms, mfu 41.34%
iter 1280: loss 0.9713, time 122.58ms, mfu 42.07%
iter 1290: loss 0.9416, time 120.09ms, mfu 42.83%
iter 1300: loss 0.9275, time 288.24ms, mfu 40.61%
iter 1310: loss 0.9414, time 121.90ms, mfu 41.44%
iter 1320: loss 0.9266, time 123.80ms, mfu 42.11%
iter 1330: loss 0.9040, time 121.40ms, mfu 42.81%
iter 1340: loss 0.9180, time 122.56ms, mfu 43.40%
iter 1350: loss 0.9131, time 122.06ms, mfu 43.94%
iter 1360: loss 0.8976, time 123.08ms, mfu 44.39%
iter 1370: loss 0.8813, time 96.53ms, mfu 46.13%
iter 1380: loss 0.8856, time 122.02ms, mfu 46.40%
iter 1390: loss 0.8773, time 121.50ms, mfu 46.67%
iter 1400: loss 0.8724, time 294.31ms, mfu 44.03%
iter 1410: loss 0.8715, time 88.44ms, mfu 46.37%
iter 1420: loss 0.8574, time 122.35ms, mfu 46.60%
iter 1430: loss 0.8727, time 122.78ms, mfu 46.80%
iter 1440: loss 0.8540, time 122.42ms, mfu 46.99%
iter 1450: loss 0.8304, time 123.69ms, mfu 47.11%
iter 1460: loss 0.8399, time 121.95ms, mfu 47.29%
iter 1470: loss 0.8386, time 124.65ms, mfu 47.34%
iter 1480: loss 0.8387, time 122.89ms, mfu 47.46%
iter 1490: loss 0.8479, time 122.42ms, mfu 47.58%
step 1500: train loss 0.5811, val loss 1.8008
iter 1500: loss 0.8138, time 29006.62ms, mfu 42.85%
iter 1510: loss 0.8206, time 122.71ms, mfu 43.42%
iter 1520: loss 0.7975, time 122.30ms, mfu 43.95%
iter 1530: loss 0.8139, time 121.35ms, mfu 44.47%
iter 1540: loss 0.8291, time 121.41ms, mfu 44.93%
iter 1550: loss 0.8100, time 121.79ms, mfu 45.34%
iter 1560: loss 0.7941, time 123.36ms, mfu 45.64%
iter 1570: loss 0.7798, time 123.10ms, mfu 45.91%
iter 1580: loss 0.7739, time 123.22ms, mfu 46.16%
iter 1590: loss 0.7777, time 122.48ms, mfu 46.41%
iter 1600: loss 0.7886, time 298.38ms, mfu 43.77%
iter 1610: loss 0.7672, time 121.74ms, mfu 44.29%
iter 1620: loss 0.7567, time 122.28ms, mfu 44.74%
iter 1630: loss 0.7615, time 122.08ms, mfu 45.15%
iter 1640: loss 0.7577, time 122.43ms, mfu 45.50%
iter 1650: loss 0.7451, time 122.15ms, mfu 45.83%
iter 1660: loss 0.7604, time 124.21ms, mfu 46.05%
iter 1670: loss 0.7412, time 123.31ms, mfu 46.28%
iter 1680: loss 0.7502, time 123.38ms, mfu 46.48%
iter 1690: loss 0.7406, time 123.12ms, mfu 46.68%
iter 1700: loss 0.7295, time 293.02ms, mfu 44.04%
iter 1710: loss 0.7260, time 123.98ms, mfu 44.45%
iter 1720: loss 0.7499, time 122.65ms, mfu 44.86%
iter 1730: loss 0.7181, time 123.20ms, mfu 45.22%
iter 1740: loss 0.7079, time 54.14ms, mfu 51.71%
step 1750: train loss 0.4351, val loss 1.9476
iter 1750: loss 0.7144, time 29707.75ms, mfu 46.56%
iter 1760: loss 0.7154, time 122.08ms, mfu 46.79%
iter 1770: loss 0.7035, time 122.90ms, mfu 46.96%
iter 1780: loss 0.6956, time 122.93ms, mfu 47.11%
iter 1790: loss 0.6888, time 121.55ms, mfu 47.31%
iter 1800: loss 0.7014, time 293.51ms, mfu 44.61%
iter 1810: loss 0.6944, time 122.48ms, mfu 45.01%
iter 1820: loss 0.6824, time 123.00ms, mfu 45.36%
iter 1830: loss 0.6868, time 121.96ms, mfu 45.71%
iter 1840: loss 0.6793, time 164.21ms, mfu 44.77%
iter 1850: loss 0.6752, time 123.02ms, mfu 45.14%
iter 1860: loss 0.6674, time 121.89ms, mfu 45.52%
iter 1870: loss 0.6606, time 122.75ms, mfu 45.82%
iter 1880: loss 0.6542, time 109.27ms, mfu 46.70%
iter 1890: loss 0.6611, time 121.32ms, mfu 46.94%
iter 1900: loss 0.6602, time 285.41ms, mfu 44.34%
iter 1910: loss 0.6612, time 123.51ms, mfu 44.73%
iter 1920: loss 0.6611, time 123.95ms, mfu 45.07%
iter 1930: loss 0.6449, time 123.13ms, mfu 45.40%
iter 1940: loss 0.6427, time 121.74ms, mfu 45.76%
iter 1950: loss 0.6324, time 124.40ms, mfu 45.98%
iter 1960: loss 0.6362, time 121.69ms, mfu 46.28%
iter 1970: loss 0.6471, time 123.81ms, mfu 46.47%
iter 1980: loss 0.6403, time 120.96ms, mfu 46.75%
iter 1990: loss 0.6326, time 123.16ms, mfu 46.91%
step 2000: train loss 0.3321, val loss 2.0630
iter 2000: loss 0.6260, time 30113.13ms, mfu 42.24%
iter 2010: loss 0.6200, time 121.61ms, mfu 42.92%
iter 2020: loss 0.6127, time 124.01ms, mfu 43.44%
iter 2030: loss 0.6131, time 121.47ms, mfu 44.00%
iter 2040: loss 0.6208, time 122.25ms, mfu 44.48%
iter 2050: loss 0.6140, time 124.30ms, mfu 44.83%
iter 2060: loss 0.6015, time 121.42ms, mfu 45.25%
iter 2070: loss 0.6097, time 122.76ms, mfu 45.59%
iter 2080: loss 0.5979, time 122.35ms, mfu 45.90%
iter 2090: loss 0.5961, time 123.56ms, mfu 46.13%
iter 2100: loss 0.5981, time 296.72ms, mfu 43.53%
iter 2110: loss 0.5894, time 122.47ms, mfu 44.05%
iter 2120: loss 0.5945, time 123.08ms, mfu 44.48%
iter 2130: loss 0.5861, time 123.04ms, mfu 44.88%
iter 2140: loss 0.5899, time 123.12ms, mfu 45.24%
iter 2150: loss 0.5793, time 122.56ms, mfu 45.58%
iter 2160: loss 0.5997, time 122.82ms, mfu 45.87%
iter 2170: loss 0.5796, time 122.01ms, mfu 46.17%
iter 2180: loss 0.5703, time 120.72ms, mfu 46.49%
iter 2190: loss 0.5696, time 123.81ms, mfu 46.66%
iter 2200: loss 0.5676, time 291.46ms, mfu 44.04%
iter 2210: loss 0.5572, time 222.00ms, mfu 42.32%
iter 2220: loss 0.5592, time 121.78ms, mfu 42.98%
iter 2230: loss 0.5751, time 123.81ms, mfu 43.50%
iter 2240: loss 0.5545, time 120.79ms, mfu 44.09%
step 2250: train loss 0.2483, val loss 2.2210
iter 2250: loss 0.5512, time 29158.21ms, mfu 39.70%
iter 2260: loss 0.5522, time 121.24ms, mfu 40.65%
iter 2270: loss 0.5501, time 122.28ms, mfu 41.46%
iter 2280: loss 0.5413, time 121.04ms, mfu 42.24%
iter 2290: loss 0.5400, time 121.64ms, mfu 42.92%
iter 2300: loss 0.5521, time 296.19ms, mfu 40.64%
iter 2310: loss 0.5479, time 175.17ms, mfu 39.98%
iter 2320: loss 0.5333, time 123.46ms, mfu 40.81%
iter 2330: loss 0.5358, time 121.63ms, mfu 41.63%
iter 2340: loss 0.5325, time 122.11ms, mfu 42.35%
iter 2350: loss 0.5249, time 88.48ms, mfu 44.85%
iter 2360: loss 0.5301, time 122.96ms, mfu 45.22%
iter 2370: loss 0.5347, time 121.96ms, mfu 45.58%
iter 2380: loss 0.5259, time 121.40ms, mfu 45.94%
iter 2390: loss 0.5264, time 121.82ms, mfu 46.24%
iter 2400: loss 0.5184, time 292.35ms, mfu 43.65%
iter 2410: loss 0.5145, time 124.19ms, mfu 44.09%
iter 2420: loss 0.5115, time 122.59ms, mfu 44.54%
iter 2430: loss 0.5125, time 123.08ms, mfu 44.93%
iter 2440: loss 0.5072, time 122.72ms, mfu 45.30%
iter 2450: loss 0.5034, time 122.22ms, mfu 45.64%
iter 2460: loss 0.5009, time 122.64ms, mfu 45.94%
iter 2470: loss 0.4940, time 123.00ms, mfu 46.19%
iter 2480: loss 0.5017, time 122.95ms, mfu 46.42%
iter 2490: loss 0.4975, time 123.57ms, mfu 46.61%
step 2500: train loss 0.1998, val loss 2.3398
iter 2500: loss 0.5017, time 29442.20ms, mfu 41.97%
iter 2510: loss 0.4903, time 123.20ms, mfu 42.61%
iter 2520: loss 0.4838, time 120.68ms, mfu 43.29%
iter 2530: loss 0.4860, time 120.93ms, mfu 43.89%
iter 2540: loss 0.4887, time 122.56ms, mfu 44.37%
iter 2550: loss 0.4915, time 122.75ms, mfu 44.79%
iter 2560: loss 0.4876, time 122.79ms, mfu 45.16%
iter 2570: loss 0.4827, time 121.66ms, mfu 45.55%
iter 2580: loss 0.4775, time 121.90ms, mfu 45.88%
iter 2590: loss 0.4816, time 122.29ms, mfu 46.17%
iter 2600: loss 0.4704, time 286.94ms, mfu 43.63%
iter 2610: loss 0.4732, time 120.85ms, mfu 44.20%
iter 2620: loss 0.4701, time 121.57ms, mfu 44.69%
iter 2630: loss 0.4710, time 120.71ms, mfu 45.16%
iter 2640: loss 0.4753, time 123.23ms, mfu 45.48%
iter 2650: loss 0.4664, time 120.91ms, mfu 45.86%
iter 2660: loss 0.4600, time 120.56ms, mfu 46.22%
iter 2670: loss 0.4694, time 122.96ms, mfu 46.45%
iter 2680: loss 0.4621, time 165.67ms, mfu 45.40%
iter 2690: loss 0.4599, time 121.98ms, mfu 45.75%
iter 2700: loss 0.4526, time 286.41ms, mfu 43.26%
iter 2710: loss 0.4565, time 121.52ms, mfu 43.84%
iter 2720: loss 0.4467, time 56.94ms, mfu 49.92%
iter 2730: loss 0.4520, time 124.47ms, mfu 49.72%
iter 2740: loss 0.4479, time 121.33ms, mfu 49.66%
step 2750: train loss 0.1611, val loss 2.4797
iter 2750: loss 0.4427, time 29301.59ms, mfu 44.72%
iter 2760: loss 0.4440, time 122.54ms, mfu 45.11%
iter 2770: loss 0.4416, time 121.60ms, mfu 45.50%
iter 2780: loss 0.4379, time 122.28ms, mfu 45.83%
iter 2790: loss 0.4372, time 121.09ms, mfu 46.17%
iter 2800: loss 0.4436, time 290.49ms, mfu 43.60%
iter 2810: loss 0.4322, time 122.98ms, mfu 44.09%
iter 2820: loss 0.4354, time 78.56ms, mfu 47.27%
iter 2830: loss 0.4282, time 125.04ms, mfu 47.31%
iter 2840: loss 0.4314, time 121.11ms, mfu 47.50%
iter 2850: loss 0.4297, time 122.45ms, mfu 47.62%
iter 2860: loss 0.4257, time 122.34ms, mfu 47.73%
iter 2870: loss 0.4297, time 121.59ms, mfu 47.86%
iter 2880: loss 0.4302, time 121.76ms, mfu 47.97%
iter 2890: loss 0.4253, time 121.87ms, mfu 48.07%
iter 2900: loss 0.4189, time 289.30ms, mfu 45.32%
iter 2910: loss 0.4175, time 122.11ms, mfu 45.67%
iter 2920: loss 0.4155, time 122.08ms, mfu 45.99%
iter 2930: loss 0.4193, time 121.88ms, mfu 46.28%
iter 2940: loss 0.4157, time 121.64ms, mfu 46.56%
iter 2950: loss 0.4074, time 123.07ms, mfu 46.74%
iter 2960: loss 0.4102, time 122.54ms, mfu 46.94%
iter 2970: loss 0.4124, time 121.68ms, mfu 47.14%
iter 2980: loss 0.4114, time 123.15ms, mfu 47.27%
iter 2990: loss 0.4002, time 122.96ms, mfu 47.39%
step 3000: train loss 0.1358, val loss 2.5789
iter 3000: loss 0.4041, time 29157.34ms, mfu 42.67%
iter 3010: loss 0.3998, time 122.21ms, mfu 43.28%
iter 3020: loss 0.3988, time 121.72ms, mfu 43.85%
iter 3030: loss 0.4008, time 123.27ms, mfu 44.30%
iter 3040: loss 0.3991, time 122.30ms, mfu 44.75%
iter 3050: loss 0.3941, time 123.62ms, mfu 45.10%
iter 3060: loss 0.3896, time 122.87ms, mfu 45.44%
iter 3070: loss 0.3917, time 123.16ms, mfu 45.74%
iter 3080: loss 0.3878, time 122.16ms, mfu 46.04%
iter 3090: loss 0.3869, time 124.10ms, mfu 46.24%
iter 3100: loss 0.3853, time 284.97ms, mfu 43.71%
iter 3110: loss 0.3828, time 120.69ms, mfu 44.28%
iter 3120: loss 0.3834, time 122.43ms, mfu 44.72%
iter 3130: loss 0.3803, time 122.75ms, mfu 45.11%
iter 3140: loss 0.3796, time 123.86ms, mfu 45.41%
iter 3150: loss 0.3798, time 123.49ms, mfu 45.70%
iter 3160: loss 0.3741, time 124.09ms, mfu 45.93%
iter 3170: loss 0.3763, time 121.97ms, mfu 46.23%
iter 3180: loss 0.3759, time 122.88ms, mfu 46.46%
iter 3190: loss 0.3713, time 51.97ms, mfu 53.28%
iter 3200: loss 0.3689, time 288.47ms, mfu 50.02%
iter 3210: loss 0.3693, time 123.39ms, mfu 49.85%
iter 3220: loss 0.3661, time 123.10ms, mfu 49.71%
iter 3230: loss 0.3636, time 113.88ms, mfu 49.97%
iter 3240: loss 0.3663, time 122.97ms, mfu 49.82%
step 3250: train loss 0.1181, val loss 2.6959
iter 3250: loss 0.3648, time 29000.17ms, mfu 44.86%
iter 3260: loss 0.3628, time 123.06ms, mfu 45.22%
iter 3270: loss 0.3637, time 123.12ms, mfu 45.54%
iter 3280: loss 0.3635, time 122.03ms, mfu 45.87%
iter 3290: loss 0.3565, time 191.90ms, mfu 44.39%
iter 3300: loss 0.3566, time 287.41ms, mfu 42.03%
iter 3310: loss 0.3531, time 123.50ms, mfu 42.65%
iter 3320: loss 0.3541, time 123.56ms, mfu 43.21%
iter 3330: loss 0.3509, time 122.27ms, mfu 43.77%
iter 3340: loss 0.3513, time 123.17ms, mfu 44.23%
iter 3350: loss 0.3486, time 121.99ms, mfu 44.70%
iter 3360: loss 0.3467, time 123.60ms, mfu 45.05%
iter 3370: loss 0.3453, time 122.64ms, mfu 45.41%
iter 3380: loss 0.3435, time 121.15ms, mfu 45.79%
iter 3390: loss 0.3422, time 123.53ms, mfu 46.03%
iter 3400: loss 0.3438, time 287.29ms, mfu 43.51%
iter 3410: loss 0.3397, time 122.48ms, mfu 44.02%
iter 3420: loss 0.3414, time 123.28ms, mfu 44.46%
iter 3430: loss 0.3359, time 123.11ms, mfu 44.85%
iter 3440: loss 0.3385, time 123.41ms, mfu 45.20%
iter 3450: loss 0.3344, time 121.79ms, mfu 45.57%
iter 3460: loss 0.3352, time 120.74ms, mfu 45.96%
iter 3470: loss 0.3306, time 122.47ms, mfu 46.23%
iter 3480: loss 0.3280, time 121.63ms, mfu 46.51%
iter 3490: loss 0.3336, time 122.94ms, mfu 46.71%
step 3500: train loss 0.1067, val loss 2.8115
iter 3500: loss 0.3318, time 29034.48ms, mfu 42.06%
iter 3510: loss 0.3282, time 122.45ms, mfu 42.72%
iter 3520: loss 0.3251, time 121.55ms, mfu 43.35%
iter 3530: loss 0.3241, time 120.98ms, mfu 43.94%
iter 3540: loss 0.3237, time 123.62ms, mfu 44.37%
iter 3550: loss 0.3229, time 123.73ms, mfu 44.75%
iter 3560: loss 0.3212, time 122.31ms, mfu 45.15%
iter 3570: loss 0.3186, time 122.69ms, mfu 45.50%
iter 3580: loss 0.3193, time 122.90ms, mfu 45.80%
iter 3590: loss 0.3160, time 123.58ms, mfu 46.04%
iter 3600: loss 0.3163, time 283.87ms, mfu 43.54%
iter 3610: loss 0.3155, time 120.78ms, mfu 44.12%
iter 3620: loss 0.3155, time 123.66ms, mfu 44.53%
iter 3630: loss 0.3142, time 123.35ms, mfu 44.91%
iter 3640: loss 0.3116, time 121.51ms, mfu 45.33%
iter 3650: loss 0.3102, time 122.40ms, mfu 45.66%
iter 3660: loss 0.3084, time 189.69ms, mfu 44.24%
iter 3670: loss 0.3087, time 123.77ms, mfu 44.63%
iter 3680: loss 0.3080, time 121.83ms, mfu 45.06%
iter 3690: loss 0.3078, time 122.05ms, mfu 45.44%
iter 3700: loss 0.3019, time 289.20ms, mfu 42.96%
iter 3710: loss 0.3033, time 122.85ms, mfu 43.52%
iter 3720: loss 0.3023, time 123.68ms, mfu 43.99%
iter 3730: loss 0.3015, time 123.77ms, mfu 44.40%
iter 3740: loss 0.2993, time 123.30ms, mfu 44.80%
step 3750: train loss 0.0981, val loss 2.9151
iter 3750: loss 0.3009, time 28799.85ms, mfu 40.34%
iter 3760: loss 0.2985, time 177.98ms, mfu 39.66%
iter 3770: loss 0.2990, time 122.58ms, mfu 40.55%
iter 3780: loss 0.2936, time 122.04ms, mfu 41.38%
iter 3790: loss 0.2908, time 123.15ms, mfu 42.09%
iter 3800: loss 0.2920, time 244.71ms, mfu 40.31%
iter 3810: loss 0.2909, time 123.76ms, mfu 41.10%
iter 3820: loss 0.2906, time 122.06ms, mfu 41.87%
iter 3830: loss 0.2860, time 123.77ms, mfu 42.50%
iter 3840: loss 0.2890, time 121.99ms, mfu 43.14%
iter 3850: loss 0.2879, time 122.34ms, mfu 43.70%
iter 3860: loss 0.2853, time 123.44ms, mfu 44.16%
iter 3870: loss 0.2863, time 122.16ms, mfu 44.62%
iter 3880: loss 0.2841, time 124.04ms, mfu 44.97%
iter 3890: loss 0.2792, time 122.13ms, mfu 45.35%
iter 3900: loss 0.2803, time 289.56ms, mfu 42.88%
iter 3910: loss 0.2782, time 121.65ms, mfu 43.49%
iter 3920: loss 0.2812, time 121.82ms, mfu 44.03%
iter 3930: loss 0.2780, time 122.23ms, mfu 44.51%
iter 3940: loss 0.2772, time 123.47ms, mfu 44.89%
iter 3950: loss 0.2742, time 122.34ms, mfu 45.27%
iter 3960: loss 0.2741, time 123.44ms, mfu 45.57%
iter 3970: loss 0.2732, time 122.86ms, mfu 45.87%
iter 3980: loss 0.2714, time 123.80ms, mfu 46.10%
iter 3990: loss 0.2708, time 123.25ms, mfu 46.33%
step 4000: train loss 0.0930, val loss 3.0239
iter 4000: loss 0.2728, time 28084.07ms, mfu 41.71%
iter 4010: loss 0.2686, time 122.51ms, mfu 42.41%
iter 4020: loss 0.2648, time 123.05ms, mfu 43.01%
iter 4030: loss 0.2664, time 121.82ms, mfu 43.61%
iter 4040: loss 0.2664, time 122.96ms, mfu 44.09%
iter 4050: loss 0.2640, time 121.24ms, mfu 44.60%
iter 4060: loss 0.2655, time 124.04ms, mfu 44.95%
iter 4070: loss 0.2646, time 122.94ms, mfu 45.30%
iter 4080: loss 0.2649, time 123.69ms, mfu 45.59%
iter 4090: loss 0.2621, time 122.46ms, mfu 45.90%
iter 4100: loss 0.2631, time 288.29ms, mfu 43.38%
iter 4110: loss 0.2598, time 122.70ms, mfu 43.90%
iter 4120: loss 0.2591, time 123.10ms, mfu 44.35%
iter 4130: loss 0.2591, time 183.87ms, mfu 43.16%
iter 4140: loss 0.2557, time 123.15ms, mfu 43.69%
iter 4150: loss 0.2547, time 121.28ms, mfu 44.23%
iter 4160: loss 0.2566, time 122.18ms, mfu 44.69%
iter 4170: loss 0.2547, time 81.70ms, mfu 47.52%
iter 4180: loss 0.2535, time 122.97ms, mfu 47.61%
iter 4190: loss 0.2558, time 121.86ms, mfu 47.75%
iter 4200: loss 0.2515, time 285.48ms, mfu 45.06%
iter 4210: loss 0.2525, time 122.44ms, mfu 45.42%
iter 4220: loss 0.2533, time 122.45ms, mfu 45.75%
iter 4230: loss 0.2475, time 122.59ms, mfu 46.04%
iter 4240: loss 0.2511, time 122.12ms, mfu 46.32%
step 4250: train loss 0.0890, val loss 3.1271
iter 4250: loss 0.2483, time 27960.49ms, mfu 41.71%
iter 4260: loss 0.2483, time 123.10ms, mfu 42.38%
iter 4270: loss 0.2465, time 89.67ms, mfu 44.79%
iter 4280: loss 0.2472, time 122.58ms, mfu 45.17%
iter 4290: loss 0.2469, time 122.12ms, mfu 45.54%
iter 4300: loss 0.2437, time 288.37ms, mfu 43.05%
iter 4310: loss 0.2423, time 123.83ms, mfu 43.56%
iter 4320: loss 0.2407, time 122.30ms, mfu 44.08%
iter 4330: loss 0.2431, time 122.87ms, mfu 44.53%
iter 4340: loss 0.2401, time 123.42ms, mfu 44.90%
iter 4350: loss 0.2418, time 122.56ms, mfu 45.28%
iter 4360: loss 0.2420, time 123.14ms, mfu 45.59%
iter 4370: loss 0.2409, time 122.04ms, mfu 45.92%
iter 4380: loss 0.2406, time 124.16ms, mfu 46.13%
iter 4390: loss 0.2409, time 120.81ms, mfu 46.45%
iter 4400: loss 0.2385, time 289.00ms, mfu 43.87%
iter 4410: loss 0.2384, time 121.98ms, mfu 44.37%
iter 4420: loss 0.2371, time 123.17ms, mfu 44.77%
iter 4430: loss 0.2378, time 121.78ms, mfu 45.19%
iter 4440: loss 0.2350, time 123.27ms, mfu 45.51%
iter 4450: loss 0.2338, time 123.66ms, mfu 45.78%
iter 4460: loss 0.2330, time 121.96ms, mfu 46.09%
iter 4470: loss 0.2347, time 123.39ms, mfu 46.31%
iter 4480: loss 0.2299, time 122.37ms, mfu 46.55%
iter 4490: loss 0.2329, time 124.13ms, mfu 46.70%
step 4500: train loss 0.0865, val loss 3.2166
iter 4500: loss 0.2322, time 28063.07ms, mfu 42.05%
iter 4510: loss 0.2305, time 122.68ms, mfu 42.71%
iter 4520: loss 0.2302, time 122.62ms, mfu 43.30%
iter 4530: loss 0.2331, time 123.43ms, mfu 43.80%
iter 4540: loss 0.2305, time 122.55ms, mfu 44.28%
iter 4550: loss 0.2306, time 123.20ms, mfu 44.69%
iter 4560: loss 0.2304, time 123.46ms, mfu 45.05%
iter 4570: loss 0.2304, time 123.22ms, mfu 45.39%
iter 4580: loss 0.2292, time 122.54ms, mfu 45.71%
iter 4590: loss 0.2274, time 124.41ms, mfu 45.93%
iter 4600: loss 0.2297, time 288.82ms, mfu 43.40%
iter 4610: loss 0.2287, time 122.66ms, mfu 43.93%
iter 4620: loss 0.2290, time 122.86ms, mfu 44.39%
iter 4630: loss 0.2260, time 122.30ms, mfu 44.82%
iter 4640: loss 0.2256, time 89.74ms, mfu 46.98%
iter 4650: loss 0.2278, time 123.21ms, mfu 47.12%
iter 4660: loss 0.2267, time 121.70ms, mfu 47.31%
iter 4670: loss 0.2232, time 123.19ms, mfu 47.42%
iter 4680: loss 0.2241, time 123.03ms, mfu 47.52%
iter 4690: loss 0.2255, time 123.57ms, mfu 47.60%
iter 4700: loss 0.2227, time 284.75ms, mfu 44.93%
iter 4710: loss 0.2234, time 124.23ms, mfu 45.24%
iter 4720: loss 0.2226, time 122.20ms, mfu 45.59%
iter 4730: loss 0.2247, time 121.91ms, mfu 45.92%
iter 4740: loss 0.2218, time 123.63ms, mfu 46.15%
step 4750: train loss 0.0852, val loss 3.2604
iter 4750: loss 0.2234, time 28123.06ms, mfu 41.56%
iter 4760: loss 0.2228, time 121.26ms, mfu 42.32%
iter 4770: loss 0.2215, time 122.26ms, mfu 42.96%
iter 4780: loss 0.2216, time 123.16ms, mfu 43.51%
iter 4790: loss 0.2221, time 122.94ms, mfu 44.01%
iter 4800: loss 0.2227, time 288.35ms, mfu 41.67%
iter 4810: loss 0.2205, time 122.54ms, mfu 42.37%
iter 4820: loss 0.2181, time 123.38ms, mfu 42.97%
iter 4830: loss 0.2172, time 122.35ms, mfu 43.54%
iter 4840: loss 0.2212, time 123.81ms, mfu 44.00%
iter 4850: loss 0.2187, time 121.62ms, mfu 44.51%
iter 4860: loss 0.2188, time 123.28ms, mfu 44.89%
iter 4870: loss 0.2183, time 122.51ms, mfu 45.27%
iter 4880: loss 0.2193, time 123.89ms, mfu 45.55%
iter 4890: loss 0.2219, time 121.44ms, mfu 45.91%
iter 4900: loss 0.2185, time 295.96ms, mfu 43.33%
iter 4910: loss 0.2204, time 121.83ms, mfu 43.89%
iter 4920: loss 0.2218, time 123.56ms, mfu 44.33%
iter 4930: loss 0.2190, time 121.22ms, mfu 44.81%
iter 4940: loss 0.2200, time 122.15ms, mfu 45.21%
iter 4950: loss 0.2216, time 121.96ms, mfu 45.58%
iter 4960: loss 0.2178, time 122.93ms, mfu 45.87%
iter 4970: loss 0.2215, time 124.63ms, mfu 46.07%
iter 4980: loss 0.2184, time 122.42ms, mfu 46.33%
iter 4990: loss 0.2196, time 120.95ms, mfu 46.63%
step 5000: train loss 0.0844, val loss 3.2937
iter 5000: loss 0.2177, time 28083.37ms, mfu 41.99%
