Overriding config with config/train_shakespeare_char.py:
Overriding: batch_size = 512
Overriding: learning_rate = 0.008
Overriding: csv_path = runs/scale_1u_s8.0_bs512_lr0.008.csv
Overriding: out_dir = out/scale_1u_s8.0_bs512_lr0.008
tokens per iteration will be: 131,072
effective global batch size (sequences) will be: 512
found vocab_size = 65 (inside data/shakespeare_char/meta.pkl)
Initializing a new model from scratch
number of parameters: 10.65M
/u/ddong/workspace/nanoGPT/train.py:243: FutureWarning: `torch.cuda.amp.GradScaler(args...)` is deprecated. Please use `torch.amp.GradScaler('cuda', args...)` instead.
  scaler = torch.cuda.amp.GradScaler(enabled=(dtype == 'float16'))
num decayed parameter tensors: 26, with 10,740,096 parameters
num non-decayed parameter tensors: 13, with 4,992 parameters
using fused AdamW: True
step 0: train loss 4.2873, val loss 4.2821
iter 0: loss 4.2674, time 14747.59ms, mfu -100.00%
iter 10: loss 3.0257, time 64.83ms, mfu 45.98%
iter 20: loss 2.6515, time 60.04ms, mfu 46.35%
iter 30: loss 2.5510, time 60.67ms, mfu 46.63%
iter 40: loss 2.5189, time 61.20ms, mfu 46.84%
iter 50: loss 2.5042, time 61.75ms, mfu 46.98%
iter 60: loss 2.7496, time 60.80ms, mfu 47.19%
iter 70: loss 2.7443, time 61.17ms, mfu 47.34%
iter 80: loss 2.5954, time 60.66ms, mfu 47.52%
iter 90: loss 2.5349, time 61.37ms, mfu 47.63%
iter 100: loss 2.5154, time 158.62ms, mfu 44.74%
iter 110: loss 2.4876, time 154.71ms, mfu 42.20%
iter 120: loss 2.4734, time 60.94ms, mfu 42.87%
iter 130: loss 2.4657, time 60.68ms, mfu 43.49%
iter 140: loss 2.4373, time 61.13ms, mfu 44.02%
iter 150: loss 2.4703, time 61.18ms, mfu 44.49%
iter 160: loss 2.4510, time 60.68ms, mfu 44.95%
iter 170: loss 2.4301, time 62.84ms, mfu 45.20%
iter 180: loss 2.3888, time 62.69ms, mfu 45.44%
iter 190: loss 2.3908, time 61.29ms, mfu 45.76%
iter 200: loss 2.3821, time 160.04ms, mfu 43.05%
iter 210: loss 2.2683, time 62.35ms, mfu 43.52%
iter 220: loss 2.2029, time 62.53ms, mfu 43.94%
iter 230: loss 2.1399, time 61.56ms, mfu 44.39%
iter 240: loss 2.1042, time 62.03ms, mfu 44.75%
step 250: train loss 1.9658, val loss 2.0735
saving checkpoint to out/scale_1u_s8.0_bs512_lr0.008
iter 250: loss 2.0579, time 15888.82ms, mfu 40.30%
iter 260: loss 2.0373, time 63.86ms, mfu 40.93%
iter 270: loss 1.9910, time 60.93ms, mfu 41.73%
iter 280: loss 1.9545, time 61.76ms, mfu 42.39%
iter 290: loss 2.0464, time 60.83ms, mfu 43.05%
iter 300: loss 1.9785, time 158.77ms, mfu 40.62%
iter 310: loss 1.8945, time 61.97ms, mfu 41.37%
iter 320: loss 1.8726, time 61.64ms, mfu 42.07%
iter 330: loss 1.8226, time 61.10ms, mfu 42.74%
iter 340: loss 1.8206, time 61.64ms, mfu 43.30%
iter 350: loss 1.8354, time 61.39ms, mfu 43.83%
iter 360: loss 1.7758, time 60.71ms, mfu 44.36%
iter 370: loss 1.7789, time 60.18ms, mfu 44.87%
iter 380: loss 1.7336, time 60.93ms, mfu 45.28%
iter 390: loss 1.7232, time 63.74ms, mfu 45.43%
iter 400: loss 1.7124, time 155.82ms, mfu 42.80%
iter 410: loss 1.6760, time 61.12ms, mfu 43.40%
iter 420: loss 1.6866, time 61.50ms, mfu 43.90%
iter 430: loss 1.6555, time 60.87ms, mfu 44.41%
iter 440: loss 1.6355, time 60.95ms, mfu 44.86%
iter 450: loss 1.6276, time 60.41ms, mfu 45.31%
iter 460: loss 1.6038, time 61.30ms, mfu 45.64%
iter 470: loss 1.5949, time 61.46ms, mfu 45.93%
iter 480: loss 1.5678, time 62.60ms, mfu 46.10%
iter 490: loss 1.5759, time 61.47ms, mfu 46.34%
step 500: train loss 1.4553, val loss 1.6769
saving checkpoint to out/scale_1u_s8.0_bs512_lr0.008
iter 500: loss 1.5627, time 15344.18ms, mfu 41.72%
iter 510: loss 1.5390, time 61.86ms, mfu 42.37%
iter 520: loss 1.5732, time 61.58ms, mfu 42.97%
iter 530: loss 1.5242, time 61.21ms, mfu 43.55%
iter 540: loss 1.5274, time 61.61ms, mfu 44.03%
iter 550: loss 1.5154, time 60.83ms, mfu 44.53%
iter 560: loss 1.4967, time 62.18ms, mfu 44.87%
iter 570: loss 1.4788, time 61.60ms, mfu 45.22%
iter 580: loss 1.4837, time 62.89ms, mfu 45.44%
iter 590: loss 1.4444, time 60.83ms, mfu 45.80%
iter 600: loss 1.4781, time 154.48ms, mfu 43.15%
iter 610: loss 1.4354, time 61.09ms, mfu 43.71%
iter 620: loss 1.4135, time 61.80ms, mfu 44.16%
iter 630: loss 1.4214, time 62.08ms, mfu 44.55%
iter 640: loss 1.4132, time 61.77ms, mfu 44.92%
iter 650: loss 1.3860, time 60.82ms, mfu 45.33%
iter 660: loss 1.3650, time 63.16ms, mfu 45.52%
iter 670: loss 1.3473, time 62.10ms, mfu 45.76%
iter 680: loss 1.3372, time 61.47ms, mfu 46.04%
iter 690: loss 1.3335, time 61.37ms, mfu 46.29%
iter 700: loss 1.3224, time 156.30ms, mfu 43.57%
iter 710: loss 1.3110, time 62.97ms, mfu 43.95%
iter 720: loss 1.2984, time 41.58ms, mfu 46.72%
iter 730: loss 1.3235, time 62.64ms, mfu 46.81%
iter 740: loss 1.2957, time 61.50ms, mfu 46.97%
step 750: train loss 1.1794, val loss 1.4783
saving checkpoint to out/scale_1u_s8.0_bs512_lr0.008
iter 750: loss 1.2768, time 15522.61ms, mfu 42.30%
iter 760: loss 1.2627, time 61.59ms, mfu 42.91%
iter 770: loss 1.2485, time 61.62ms, mfu 43.45%
iter 780: loss 1.2621, time 61.06ms, mfu 43.99%
iter 790: loss 1.2517, time 60.61ms, mfu 44.51%
iter 800: loss 1.2449, time 158.26ms, mfu 41.94%
iter 810: loss 1.2285, time 61.53ms, mfu 42.59%
iter 820: loss 1.2264, time 61.78ms, mfu 43.16%
iter 830: loss 1.2149, time 59.74ms, mfu 43.83%
iter 840: loss 1.2150, time 60.80ms, mfu 44.35%
iter 850: loss 1.2047, time 61.31ms, mfu 44.78%
iter 860: loss 1.1983, time 62.04ms, mfu 45.11%
iter 870: loss 1.1822, time 62.26ms, mfu 45.38%
iter 880: loss 1.1753, time 60.60ms, mfu 45.76%
iter 890: loss 1.1808, time 60.96ms, mfu 46.08%
iter 900: loss 1.1593, time 160.78ms, mfu 43.33%
iter 910: loss 1.1490, time 60.98ms, mfu 43.88%
iter 920: loss 1.1442, time 60.06ms, mfu 44.46%
iter 930: loss 1.1432, time 61.23ms, mfu 44.88%
iter 940: loss 1.1497, time 173.16ms, mfu 42.11%
iter 950: loss 1.1232, time 61.30ms, mfu 42.76%
iter 960: loss 1.1058, time 61.70ms, mfu 43.32%
iter 970: loss 1.1185, time 62.55ms, mfu 43.75%
iter 980: loss 1.1201, time 61.89ms, mfu 44.20%
iter 990: loss 1.1030, time 61.77ms, mfu 44.60%
step 1000: train loss 0.9840, val loss 1.4899
iter 1000: loss 1.1022, time 15209.76ms, mfu 40.16%
iter 1010: loss 1.0905, time 60.76ms, mfu 41.05%
iter 1020: loss 1.0950, time 61.34ms, mfu 41.81%
iter 1030: loss 1.0846, time 61.73ms, mfu 42.45%
iter 1040: loss 1.0661, time 60.57ms, mfu 43.13%
iter 1050: loss 1.0877, time 61.51ms, mfu 43.66%
iter 1060: loss 1.0676, time 61.56ms, mfu 44.14%
iter 1070: loss 1.0539, time 61.11ms, mfu 44.60%
iter 1080: loss 1.0443, time 60.50ms, mfu 45.07%
iter 1090: loss 1.0570, time 62.46ms, mfu 45.34%
iter 1100: loss 1.0464, time 158.64ms, mfu 42.68%
iter 1110: loss 1.0400, time 60.89ms, mfu 43.31%
iter 1120: loss 1.0360, time 60.88ms, mfu 43.87%
iter 1130: loss 1.0325, time 60.74ms, mfu 44.39%
iter 1140: loss 1.0207, time 60.63ms, mfu 44.87%
iter 1150: loss 1.0163, time 61.02ms, mfu 45.27%
iter 1160: loss 1.0095, time 60.82ms, mfu 45.64%
iter 1170: loss 1.0016, time 61.19ms, mfu 45.95%
iter 1180: loss 1.0082, time 61.00ms, mfu 46.24%
iter 1190: loss 0.9973, time 61.16ms, mfu 46.49%
iter 1200: loss 0.9855, time 158.28ms, mfu 43.73%
iter 1210: loss 0.9905, time 62.80ms, mfu 44.10%
iter 1220: loss 0.9773, time 60.70ms, mfu 44.60%
iter 1230: loss 0.9801, time 59.71ms, mfu 45.13%
iter 1240: loss 0.9541, time 60.92ms, mfu 45.51%
step 1250: train loss 0.7968, val loss 1.5888
iter 1250: loss 0.9700, time 15467.10ms, mfu 40.98%
iter 1260: loss 0.9636, time 62.40ms, mfu 41.66%
iter 1270: loss 0.9498, time 61.38ms, mfu 42.35%
iter 1280: loss 0.9453, time 61.88ms, mfu 42.93%
iter 1290: loss 0.9423, time 61.32ms, mfu 43.50%
iter 1300: loss 0.9319, time 160.09ms, mfu 41.01%
iter 1310: loss 0.9398, time 61.64ms, mfu 41.75%
iter 1320: loss 0.9204, time 41.30ms, mfu 44.79%
iter 1330: loss 0.9137, time 60.09ms, mfu 45.27%
iter 1340: loss 0.9131, time 61.21ms, mfu 45.61%
iter 1350: loss 0.9081, time 60.82ms, mfu 45.95%
iter 1360: loss 0.9127, time 60.73ms, mfu 46.27%
iter 1370: loss 0.9033, time 59.94ms, mfu 46.61%
iter 1380: loss 0.8915, time 61.06ms, mfu 46.83%
iter 1390: loss 0.8851, time 62.27ms, mfu 46.94%
iter 1400: loss 0.8891, time 159.20ms, mfu 44.12%
iter 1410: loss 0.8749, time 61.60ms, mfu 44.54%
iter 1420: loss 0.8688, time 60.89ms, mfu 44.99%
iter 1430: loss 0.8709, time 60.53ms, mfu 45.41%
iter 1440: loss 0.8690, time 63.04ms, mfu 45.60%
iter 1450: loss 0.8560, time 64.37ms, mfu 45.67%
iter 1460: loss 0.8592, time 44.47ms, mfu 47.81%
iter 1470: loss 0.8619, time 62.82ms, mfu 47.77%
iter 1480: loss 0.8418, time 60.26ms, mfu 47.94%
iter 1490: loss 0.8442, time 61.18ms, mfu 48.02%
step 1500: train loss 0.6274, val loss 1.7071
iter 1500: loss 0.8414, time 15019.63ms, mfu 43.24%
iter 1510: loss 0.8393, time 61.50ms, mfu 43.76%
iter 1520: loss 0.8280, time 61.17ms, mfu 44.26%
iter 1530: loss 0.8116, time 60.40ms, mfu 44.77%
iter 1540: loss 0.8183, time 61.18ms, mfu 45.16%
iter 1550: loss 0.7990, time 59.81ms, mfu 45.63%
iter 1560: loss 0.8145, time 60.46ms, mfu 46.00%
iter 1570: loss 0.8088, time 60.89ms, mfu 46.29%
iter 1580: loss 0.7966, time 61.23ms, mfu 46.53%
iter 1590: loss 0.7937, time 60.23ms, mfu 46.83%
iter 1600: loss 0.7971, time 157.55ms, mfu 44.04%
iter 1610: loss 0.7939, time 61.60ms, mfu 44.47%
iter 1620: loss 0.7798, time 63.03ms, mfu 44.76%
iter 1630: loss 0.7791, time 62.19ms, mfu 45.07%
iter 1640: loss 0.7767, time 61.54ms, mfu 45.41%
iter 1650: loss 0.7702, time 60.95ms, mfu 45.76%
iter 1660: loss 0.7618, time 61.88ms, mfu 46.00%
iter 1670: loss 0.7570, time 60.46ms, mfu 46.33%
iter 1680: loss 0.7650, time 61.84ms, mfu 46.52%
iter 1690: loss 0.7538, time 52.54ms, mfu 47.54%
iter 1700: loss 0.7508, time 162.62ms, mfu 44.62%
iter 1710: loss 0.7499, time 61.87ms, mfu 44.98%
iter 1720: loss 0.7361, time 61.78ms, mfu 45.30%
iter 1730: loss 0.7298, time 61.73ms, mfu 45.60%
iter 1740: loss 0.7277, time 60.03ms, mfu 46.01%
step 1750: train loss 0.4846, val loss 1.8445
iter 1750: loss 0.7318, time 15416.19ms, mfu 41.43%
iter 1760: loss 0.7182, time 60.25ms, mfu 42.23%
iter 1770: loss 0.7128, time 61.08ms, mfu 42.89%
iter 1780: loss 0.7219, time 60.15ms, mfu 43.56%
iter 1790: loss 0.7130, time 62.08ms, mfu 44.00%
iter 1800: loss 0.7027, time 157.00ms, mfu 41.50%
iter 1810: loss 0.7022, time 61.22ms, mfu 42.22%
iter 1820: loss 0.6867, time 61.18ms, mfu 42.87%
iter 1830: loss 0.7006, time 60.35ms, mfu 43.52%
iter 1840: loss 0.7008, time 62.39ms, mfu 43.95%
iter 1850: loss 0.6906, time 61.54ms, mfu 44.40%
iter 1860: loss 0.6819, time 60.52ms, mfu 44.88%
iter 1870: loss 0.6719, time 61.39ms, mfu 45.25%
iter 1880: loss 0.6727, time 61.67ms, mfu 45.56%
iter 1890: loss 0.6781, time 61.50ms, mfu 45.85%
iter 1900: loss 0.6719, time 158.38ms, mfu 43.15%
iter 1910: loss 0.6699, time 62.39ms, mfu 43.61%
iter 1920: loss 0.6684, time 63.33ms, mfu 43.96%
iter 1930: loss 0.6554, time 61.51ms, mfu 44.41%
iter 1940: loss 0.6568, time 61.41ms, mfu 44.82%
iter 1950: loss 0.6471, time 61.17ms, mfu 45.21%
iter 1960: loss 0.6492, time 62.50ms, mfu 45.46%
iter 1970: loss 0.6517, time 61.96ms, mfu 45.73%
iter 1980: loss 0.6460, time 62.56ms, mfu 45.92%
iter 1990: loss 0.6377, time 60.34ms, mfu 46.27%
step 2000: train loss 0.3640, val loss 1.9798
iter 2000: loss 0.6387, time 15151.73ms, mfu 41.66%
iter 2010: loss 0.6316, time 60.88ms, mfu 42.39%
iter 2020: loss 0.6291, time 61.57ms, mfu 42.99%
iter 2030: loss 0.6316, time 61.11ms, mfu 43.57%
iter 2040: loss 0.6229, time 62.22ms, mfu 44.01%
iter 2050: loss 0.6167, time 61.11ms, mfu 44.48%
iter 2060: loss 0.6140, time 61.36ms, mfu 44.89%
iter 2070: loss 0.6082, time 60.32ms, mfu 45.35%
iter 2080: loss 0.6097, time 62.82ms, mfu 45.56%
iter 2090: loss 0.6046, time 62.75ms, mfu 45.75%
iter 2100: loss 0.6032, time 156.87ms, mfu 43.08%
iter 2110: loss 0.5965, time 59.27ms, mfu 43.80%
iter 2120: loss 0.5968, time 60.68ms, mfu 44.33%
iter 2130: loss 0.5842, time 62.88ms, mfu 44.64%
iter 2140: loss 0.5963, time 61.87ms, mfu 44.99%
iter 2150: loss 0.5875, time 60.03ms, mfu 45.46%
iter 2160: loss 0.5901, time 61.14ms, mfu 45.79%
iter 2170: loss 0.5725, time 61.01ms, mfu 46.10%
iter 2180: loss 0.5750, time 62.10ms, mfu 46.29%
iter 2190: loss 0.5747, time 62.88ms, mfu 46.40%
iter 2200: loss 0.5730, time 157.44ms, mfu 43.65%
iter 2210: loss 0.5644, time 61.00ms, mfu 44.17%
iter 2220: loss 0.5700, time 62.52ms, mfu 44.52%
iter 2230: loss 0.5625, time 61.94ms, mfu 44.88%
iter 2240: loss 0.5546, time 63.06ms, mfu 45.12%
step 2250: train loss 0.2758, val loss 2.1326
iter 2250: loss 0.5540, time 15022.45ms, mfu 40.63%
iter 2260: loss 0.5535, time 62.97ms, mfu 41.30%
iter 2270: loss 0.5522, time 62.39ms, mfu 41.95%
iter 2280: loss 0.5488, time 61.58ms, mfu 42.60%
iter 2290: loss 0.5474, time 61.93ms, mfu 43.15%
iter 2300: loss 0.5414, time 160.19ms, mfu 40.69%
iter 2310: loss 0.5347, time 63.05ms, mfu 41.35%
iter 2320: loss 0.5484, time 60.95ms, mfu 42.11%
iter 2330: loss 0.5409, time 61.76ms, mfu 42.72%
iter 2340: loss 0.5324, time 61.73ms, mfu 43.28%
iter 2350: loss 0.5274, time 61.21ms, mfu 43.82%
iter 2360: loss 0.5308, time 61.56ms, mfu 44.28%
iter 2370: loss 0.5210, time 60.92ms, mfu 44.75%
iter 2380: loss 0.5241, time 60.89ms, mfu 45.17%
iter 2390: loss 0.5249, time 60.47ms, mfu 45.58%
iter 2400: loss 0.5145, time 160.76ms, mfu 42.88%
iter 2410: loss 0.5151, time 61.56ms, mfu 43.43%
iter 2420: loss 0.5101, time 61.82ms, mfu 43.91%
iter 2430: loss 0.5104, time 61.29ms, mfu 44.38%
iter 2440: loss 0.5061, time 61.21ms, mfu 44.82%
iter 2450: loss 0.5082, time 62.66ms, mfu 45.09%
iter 2460: loss 0.5093, time 60.36ms, mfu 45.52%
iter 2470: loss 0.4978, time 62.14ms, mfu 45.77%
iter 2480: loss 0.4959, time 62.41ms, mfu 45.97%
iter 2490: loss 0.4958, time 62.43ms, mfu 46.14%
step 2500: train loss 0.2127, val loss 2.2544
iter 2500: loss 0.5005, time 15135.18ms, mfu 41.55%
iter 2510: loss 0.4967, time 62.10ms, mfu 42.19%
iter 2520: loss 0.4873, time 61.73ms, mfu 42.80%
iter 2530: loss 0.4860, time 61.19ms, mfu 43.40%
iter 2540: loss 0.4906, time 60.43ms, mfu 43.99%
iter 2550: loss 0.4844, time 61.74ms, mfu 44.42%
iter 2560: loss 0.4821, time 60.51ms, mfu 44.90%
iter 2570: loss 0.4799, time 62.38ms, mfu 45.19%
iter 2580: loss 0.4766, time 61.79ms, mfu 45.50%
iter 2590: loss 0.4736, time 61.55ms, mfu 45.79%
iter 2600: loss 0.4742, time 160.20ms, mfu 43.07%
iter 2610: loss 0.4731, time 61.51ms, mfu 43.61%
iter 2620: loss 0.4666, time 62.33ms, mfu 44.03%
iter 2630: loss 0.4659, time 62.17ms, mfu 44.42%
iter 2640: loss 0.4630, time 61.83ms, mfu 44.80%
iter 2650: loss 0.4635, time 60.70ms, mfu 45.23%
iter 2660: loss 0.4605, time 60.82ms, mfu 45.61%
iter 2670: loss 0.4540, time 62.84ms, mfu 45.79%
iter 2680: loss 0.4529, time 61.49ms, mfu 46.06%
iter 2690: loss 0.4517, time 62.36ms, mfu 46.24%
iter 2700: loss 0.4465, time 162.67ms, mfu 43.45%
iter 2710: loss 0.4534, time 61.64ms, mfu 43.94%
iter 2720: loss 0.4382, time 61.14ms, mfu 44.42%
iter 2730: loss 0.4508, time 60.60ms, mfu 44.90%
iter 2740: loss 0.4444, time 62.17ms, mfu 45.20%
step 2750: train loss 0.1693, val loss 2.4063
iter 2750: loss 0.4367, time 15454.48ms, mfu 40.70%
iter 2760: loss 0.4434, time 62.72ms, mfu 41.38%
iter 2770: loss 0.4344, time 62.05ms, mfu 42.05%
iter 2780: loss 0.4299, time 61.49ms, mfu 42.69%
iter 2790: loss 0.4397, time 61.44ms, mfu 43.27%
iter 2800: loss 0.4393, time 160.45ms, mfu 40.81%
iter 2810: loss 0.4275, time 62.55ms, mfu 41.49%
iter 2820: loss 0.4216, time 61.14ms, mfu 42.22%
iter 2830: loss 0.4285, time 37.44ms, mfu 45.96%
iter 2840: loss 0.4171, time 63.20ms, mfu 46.08%
iter 2850: loss 0.4229, time 62.93ms, mfu 46.21%
iter 2860: loss 0.4191, time 62.16ms, mfu 46.38%
iter 2870: loss 0.4205, time 61.36ms, mfu 46.60%
iter 2880: loss 0.4180, time 62.58ms, mfu 46.70%
iter 2890: loss 0.4111, time 62.63ms, mfu 46.79%
iter 2900: loss 0.4039, time 155.80ms, mfu 44.03%
iter 2910: loss 0.4026, time 62.89ms, mfu 44.37%
iter 2920: loss 0.4080, time 62.41ms, mfu 44.70%
iter 2930: loss 0.4043, time 61.97ms, mfu 45.04%
iter 2940: loss 0.4174, time 61.17ms, mfu 45.41%
iter 2950: loss 0.4077, time 61.73ms, mfu 45.70%
iter 2960: loss 0.4039, time 61.21ms, mfu 46.00%
iter 2970: loss 0.4041, time 157.04ms, mfu 43.30%
iter 2980: loss 0.3979, time 60.91ms, mfu 43.86%
iter 2990: loss 0.3959, time 62.15ms, mfu 44.27%
step 3000: train loss 0.1425, val loss 2.4957
iter 3000: loss 0.3918, time 15005.96ms, mfu 39.87%
iter 3010: loss 0.3954, time 62.84ms, mfu 40.62%
iter 3020: loss 0.3943, time 61.54ms, mfu 41.40%
iter 3030: loss 0.3929, time 61.19ms, mfu 42.14%
iter 3040: loss 0.3905, time 61.68ms, mfu 42.76%
iter 3050: loss 0.3924, time 62.72ms, mfu 43.23%
iter 3060: loss 0.3827, time 62.89ms, mfu 43.65%
iter 3070: loss 0.3885, time 61.96ms, mfu 44.10%
iter 3080: loss 0.3876, time 60.98ms, mfu 44.57%
iter 3090: loss 0.3864, time 61.21ms, mfu 44.99%
iter 3100: loss 0.3785, time 166.63ms, mfu 42.28%
iter 3110: loss 0.3769, time 61.66ms, mfu 42.88%
iter 3120: loss 0.3788, time 61.90ms, mfu 43.41%
iter 3130: loss 0.3724, time 62.78ms, mfu 43.82%
iter 3140: loss 0.3725, time 61.52ms, mfu 44.28%
iter 3150: loss 0.3729, time 61.58ms, mfu 44.70%
iter 3160: loss 0.3654, time 63.75ms, mfu 44.90%
iter 3170: loss 0.3663, time 62.35ms, mfu 45.19%
iter 3180: loss 0.3649, time 61.77ms, mfu 45.50%
iter 3190: loss 0.3634, time 60.95ms, mfu 45.84%
iter 3200: loss 0.3607, time 256.49ms, mfu 42.42%
iter 3210: loss 0.3644, time 60.94ms, mfu 43.07%
iter 3220: loss 0.3614, time 63.10ms, mfu 43.49%
iter 3230: loss 0.3542, time 62.37ms, mfu 43.92%
iter 3240: loss 0.3604, time 61.44ms, mfu 44.38%
step 3250: train loss 0.1233, val loss 2.6023
iter 3250: loss 0.3582, time 15495.88ms, mfu 39.96%
iter 3260: loss 0.3537, time 62.38ms, mfu 40.74%
iter 3270: loss 0.3528, time 62.32ms, mfu 41.45%
iter 3280: loss 0.3529, time 62.09ms, mfu 42.11%
iter 3290: loss 0.3521, time 61.12ms, mfu 42.77%
iter 3300: loss 0.3522, time 160.60ms, mfu 40.35%
iter 3310: loss 0.3469, time 60.06ms, mfu 41.28%
iter 3320: loss 0.3487, time 61.91ms, mfu 41.97%
iter 3330: loss 0.3409, time 62.88ms, mfu 42.51%
iter 3340: loss 0.3457, time 62.18ms, mfu 43.05%
iter 3350: loss 0.3381, time 61.39ms, mfu 43.60%
iter 3360: loss 0.3422, time 61.58ms, mfu 44.08%
iter 3370: loss 0.3380, time 61.10ms, mfu 44.55%
iter 3380: loss 0.3396, time 60.89ms, mfu 45.00%
iter 3390: loss 0.3345, time 60.45ms, mfu 45.43%
iter 3400: loss 0.3337, time 157.27ms, mfu 42.78%
iter 3410: loss 0.3421, time 61.88ms, mfu 43.32%
iter 3420: loss 0.3353, time 62.56ms, mfu 43.75%
iter 3430: loss 0.3344, time 62.45ms, mfu 44.15%
iter 3440: loss 0.3305, time 60.78ms, mfu 44.64%
iter 3450: loss 0.3285, time 61.03ms, mfu 45.06%
iter 3460: loss 0.3277, time 61.87ms, mfu 45.37%
iter 3470: loss 0.3288, time 61.88ms, mfu 45.65%
iter 3480: loss 0.3266, time 62.49ms, mfu 45.86%
iter 3490: loss 0.3280, time 62.36ms, mfu 46.05%
step 3500: train loss 0.1096, val loss 2.7279
iter 3500: loss 0.3217, time 15261.63ms, mfu 41.47%
iter 3510: loss 0.3192, time 60.79ms, mfu 42.22%
iter 3520: loss 0.3189, time 60.79ms, mfu 42.91%
iter 3530: loss 0.3190, time 61.80ms, mfu 43.44%
iter 3540: loss 0.3227, time 60.26ms, mfu 44.04%
iter 3550: loss 0.3177, time 62.84ms, mfu 44.38%
iter 3560: loss 0.3181, time 62.69ms, mfu 44.70%
iter 3570: loss 0.3107, time 62.46ms, mfu 45.00%
iter 3580: loss 0.3132, time 41.09ms, mfu 47.76%
iter 3590: loss 0.3086, time 61.12ms, mfu 47.86%
iter 3600: loss 0.3152, time 161.34ms, mfu 44.92%
iter 3610: loss 0.3105, time 62.24ms, mfu 45.22%
iter 3620: loss 0.3126, time 61.98ms, mfu 45.51%
iter 3630: loss 0.3067, time 61.75ms, mfu 45.78%
iter 3640: loss 0.3067, time 60.57ms, mfu 46.13%
iter 3650: loss 0.3083, time 61.69ms, mfu 46.35%
iter 3660: loss 0.3027, time 63.02ms, mfu 46.44%
iter 3670: loss 0.3068, time 61.12ms, mfu 46.67%
iter 3680: loss 0.3051, time 61.68ms, mfu 46.84%
iter 3690: loss 0.3046, time 60.97ms, mfu 47.05%
iter 3700: loss 0.3044, time 156.53ms, mfu 44.25%
iter 3710: loss 0.3011, time 62.41ms, mfu 44.60%
iter 3720: loss 0.2983, time 61.70ms, mfu 44.97%
iter 3730: loss 0.2949, time 61.57ms, mfu 45.31%
iter 3740: loss 0.2956, time 61.92ms, mfu 45.60%
step 3750: train loss 0.1021, val loss 2.8116
iter 3750: loss 0.2927, time 15057.37ms, mfu 41.06%
iter 3760: loss 0.2917, time 64.23ms, mfu 41.59%
iter 3770: loss 0.2911, time 61.12ms, mfu 42.31%
iter 3780: loss 0.2939, time 61.22ms, mfu 42.95%
iter 3790: loss 0.2904, time 61.56ms, mfu 43.50%
iter 3800: loss 0.2975, time 157.37ms, mfu 41.04%
iter 3810: loss 0.2854, time 61.76ms, mfu 41.76%
iter 3820: loss 0.2917, time 61.90ms, mfu 42.40%
iter 3830: loss 0.2891, time 62.21ms, mfu 42.95%
iter 3840: loss 0.2879, time 63.14ms, mfu 43.38%
iter 3850: loss 0.2893, time 61.45ms, mfu 43.89%
iter 3860: loss 0.2842, time 61.64ms, mfu 44.34%
iter 3870: loss 0.2832, time 61.50ms, mfu 44.75%
iter 3880: loss 0.2844, time 62.92ms, mfu 45.02%
iter 3890: loss 0.2823, time 61.99ms, mfu 45.32%
iter 3900: loss 0.2793, time 161.12ms, mfu 42.64%
iter 3910: loss 0.2812, time 62.77ms, mfu 43.13%
iter 3920: loss 0.2824, time 61.69ms, mfu 43.65%
iter 3930: loss 0.2782, time 61.88ms, mfu 44.10%
iter 3940: loss 0.2750, time 61.37ms, mfu 44.55%
iter 3950: loss 0.2751, time 62.19ms, mfu 44.88%
iter 3960: loss 0.2742, time 61.74ms, mfu 45.22%
iter 3970: loss 0.2736, time 62.32ms, mfu 45.49%
iter 3980: loss 0.2681, time 62.58ms, mfu 45.70%
iter 3990: loss 0.2710, time 61.59ms, mfu 45.97%
step 4000: train loss 0.0958, val loss 2.9075
iter 4000: loss 0.2730, time 15061.13ms, mfu 41.39%
iter 4010: loss 0.2695, time 60.88ms, mfu 42.15%
iter 4020: loss 0.2738, time 62.29ms, mfu 42.72%
iter 4030: loss 0.2735, time 62.34ms, mfu 43.23%
iter 4040: loss 0.2662, time 61.85ms, mfu 43.73%
iter 4050: loss 0.2702, time 61.31ms, mfu 44.22%
iter 4060: loss 0.2696, time 61.92ms, mfu 44.61%
iter 4070: loss 0.2663, time 61.89ms, mfu 44.96%
iter 4080: loss 0.2652, time 62.32ms, mfu 45.25%
iter 4090: loss 0.2663, time 62.03ms, mfu 45.53%
iter 4100: loss 0.2620, time 153.38ms, mfu 42.92%
iter 4110: loss 0.2647, time 61.56ms, mfu 43.47%
iter 4120: loss 0.2601, time 61.07ms, mfu 44.01%
iter 4130: loss 0.2621, time 61.81ms, mfu 44.43%
iter 4140: loss 0.2607, time 63.09ms, mfu 44.71%
iter 4150: loss 0.2610, time 62.29ms, mfu 45.03%
iter 4160: loss 0.2591, time 60.90ms, mfu 45.42%
iter 4170: loss 0.2554, time 60.56ms, mfu 45.80%
iter 4180: loss 0.2565, time 62.54ms, mfu 45.98%
iter 4190: loss 0.2580, time 63.93ms, mfu 46.05%
iter 4200: loss 0.2572, time 157.15ms, mfu 43.34%
iter 4210: loss 0.2566, time 61.73ms, mfu 43.84%
iter 4220: loss 0.2572, time 64.41ms, mfu 44.08%
iter 4230: loss 0.2537, time 62.48ms, mfu 44.44%
iter 4240: loss 0.2534, time 61.59ms, mfu 44.84%
step 4250: train loss 0.0916, val loss 2.9966
iter 4250: loss 0.2540, time 15438.21ms, mfu 40.38%
iter 4260: loss 0.2528, time 63.59ms, mfu 41.03%
iter 4270: loss 0.2502, time 62.19ms, mfu 41.72%
iter 4280: loss 0.2542, time 62.10ms, mfu 42.34%
iter 4290: loss 0.2517, time 62.97ms, mfu 42.84%
iter 4300: loss 0.2518, time 164.73ms, mfu 40.37%
iter 4310: loss 0.2478, time 63.46ms, mfu 41.03%
iter 4320: loss 0.2539, time 62.47ms, mfu 41.70%
iter 4330: loss 0.2488, time 61.16ms, mfu 42.40%
iter 4340: loss 0.2469, time 50.81ms, mfu 44.03%
iter 4350: loss 0.2483, time 62.34ms, mfu 44.41%
iter 4360: loss 0.2458, time 62.14ms, mfu 44.76%
iter 4370: loss 0.2461, time 60.95ms, mfu 45.18%
iter 4380: loss 0.2453, time 60.46ms, mfu 45.59%
iter 4390: loss 0.2427, time 61.96ms, mfu 45.84%
iter 4400: loss 0.2414, time 160.24ms, mfu 43.12%
iter 4410: loss 0.2448, time 62.97ms, mfu 43.54%
iter 4420: loss 0.2423, time 61.10ms, mfu 44.07%
iter 4430: loss 0.2400, time 61.33ms, mfu 44.52%
iter 4440: loss 0.2438, time 61.71ms, mfu 44.90%
iter 4450: loss 0.2455, time 62.54ms, mfu 45.18%
iter 4460: loss 0.2427, time 61.77ms, mfu 45.48%
iter 4470: loss 0.2424, time 61.89ms, mfu 45.75%
iter 4480: loss 0.2403, time 60.75ms, mfu 46.08%
iter 4490: loss 0.2395, time 61.78ms, mfu 46.30%
step 4500: train loss 0.0893, val loss 3.0506
iter 4500: loss 0.2375, time 14833.94ms, mfu 41.69%
iter 4510: loss 0.2420, time 61.99ms, mfu 42.33%
iter 4520: loss 0.2412, time 62.47ms, mfu 42.87%
iter 4530: loss 0.2346, time 62.39ms, mfu 43.36%
iter 4540: loss 0.2376, time 61.22ms, mfu 43.89%
iter 4550: loss 0.2347, time 61.38ms, mfu 44.36%
iter 4560: loss 0.2406, time 60.16ms, mfu 44.88%
iter 4570: loss 0.2374, time 61.03ms, mfu 45.28%
iter 4580: loss 0.2347, time 62.04ms, mfu 45.55%
iter 4590: loss 0.2370, time 62.74ms, mfu 45.75%
iter 4600: loss 0.2345, time 158.22ms, mfu 43.06%
iter 4610: loss 0.2347, time 61.79ms, mfu 43.58%
iter 4620: loss 0.2361, time 63.41ms, mfu 43.92%
iter 4630: loss 0.2379, time 62.15ms, mfu 44.32%
iter 4640: loss 0.2364, time 61.82ms, mfu 44.71%
iter 4650: loss 0.2324, time 62.40ms, mfu 45.02%
iter 4660: loss 0.2371, time 62.48ms, mfu 45.29%
iter 4670: loss 0.2335, time 62.12ms, mfu 45.56%
iter 4680: loss 0.2353, time 60.71ms, mfu 45.91%
iter 4690: loss 0.2314, time 61.86ms, mfu 46.14%
iter 4700: loss 0.2323, time 159.85ms, mfu 43.39%
iter 4710: loss 0.2318, time 40.62ms, mfu 46.39%
iter 4720: loss 0.2319, time 63.07ms, mfu 46.48%
iter 4730: loss 0.2327, time 61.98ms, mfu 46.64%
iter 4740: loss 0.2320, time 60.86ms, mfu 46.87%
step 4750: train loss 0.0878, val loss 3.0891
iter 4750: loss 0.2339, time 15201.73ms, mfu 42.21%
iter 4760: loss 0.2366, time 62.85ms, mfu 42.73%
iter 4770: loss 0.2326, time 62.94ms, mfu 43.19%
iter 4780: loss 0.2313, time 61.80ms, mfu 43.70%
iter 4790: loss 0.2316, time 61.91ms, mfu 44.14%
iter 4800: loss 0.2323, time 157.65ms, mfu 41.62%
iter 4810: loss 0.2305, time 61.15ms, mfu 42.33%
iter 4820: loss 0.2294, time 62.13ms, mfu 42.90%
iter 4830: loss 0.2311, time 62.60ms, mfu 43.37%
iter 4840: loss 0.2270, time 62.29ms, mfu 43.82%
iter 4850: loss 0.2302, time 62.17ms, mfu 44.23%
iter 4860: loss 0.2284, time 61.55ms, mfu 44.65%
iter 4870: loss 0.2264, time 61.23ms, mfu 45.05%
iter 4880: loss 0.2277, time 60.42ms, mfu 45.48%
iter 4890: loss 0.2310, time 61.59ms, mfu 45.77%
iter 4900: loss 0.2306, time 156.85ms, mfu 43.10%
iter 4910: loss 0.2325, time 61.39ms, mfu 43.64%
iter 4920: loss 0.2303, time 61.63ms, mfu 44.12%
iter 4930: loss 0.2266, time 63.17ms, mfu 44.42%
iter 4940: loss 0.2301, time 62.90ms, mfu 44.72%
iter 4950: loss 0.2269, time 61.71ms, mfu 45.08%
iter 4960: loss 0.2285, time 60.71ms, mfu 45.48%
iter 4970: loss 0.2309, time 62.09ms, mfu 45.73%
iter 4980: loss 0.2294, time 60.99ms, mfu 46.05%
iter 4990: loss 0.2301, time 60.87ms, mfu 46.34%
step 5000: train loss 0.0873, val loss 3.1082
iter 5000: loss 0.2255, time 14904.85ms, mfu 41.73%
